Apr 27 21:33:28 ip-172-31-83-45 kernel: Linux version 4.14.268-205.500.amzn2.x86_64 (mockbuild@ip-10-0-35-1) (gcc version 7.3.1 20180712 (Red Hat 7.3.1-13) (GCC)) #1 SMP Wed Mar 2 18:38:38 UTC 2022
Apr 27 21:33:28 ip-172-31-83-45 kernel: Command line: BOOT_IMAGE=/boot/vmlinuz-4.14.268-205.500.amzn2.x86_64 root=UUID=dc74d1d7-c6e7-4592-931f-70681a786a83 ro console=tty0 console=ttyS0,115200n8 net.ifnames=0 biosdevname=0 nvme_core.io_timeout=4294967295 rd.emergency=poweroff rd.shell=0
Apr 27 21:33:28 ip-172-31-83-45 kernel: x86/fpu: Supporting XSAVE feature 0x001: 'x87 floating point registers'
Apr 27 21:33:28 ip-172-31-83-45 kernel: x86/fpu: Supporting XSAVE feature 0x002: 'SSE registers'
Apr 27 21:33:28 ip-172-31-83-45 kernel: x86/fpu: Supporting XSAVE feature 0x004: 'AVX registers'
Apr 27 21:33:28 ip-172-31-83-45 kernel: x86/fpu: xstate_offset[2]:  576, xstate_sizes[2]:  256
Apr 27 21:33:28 ip-172-31-83-45 kernel: x86/fpu: Enabled xstate features 0x7, context size is 832 bytes, using 'standard' format.
Apr 27 21:33:28 ip-172-31-83-45 kernel: e820: BIOS-provided physical RAM map:
Apr 27 21:33:28 ip-172-31-83-45 kernel: BIOS-e820: [mem 0x0000000000000000-0x000000000009dfff] usable
Apr 27 21:33:28 ip-172-31-83-45 kernel: BIOS-e820: [mem 0x000000000009e000-0x000000000009ffff] reserved
Apr 27 21:33:28 ip-172-31-83-45 kernel: BIOS-e820: [mem 0x00000000000e0000-0x00000000000fffff] reserved
Apr 27 21:33:28 ip-172-31-83-45 kernel: BIOS-e820: [mem 0x0000000000100000-0x000000003fffffff] usable
Apr 27 21:33:28 ip-172-31-83-45 kernel: BIOS-e820: [mem 0x00000000fc000000-0x00000000ffffffff] reserved
Apr 27 21:33:28 ip-172-31-83-45 kernel: NX (Execute Disable) protection: active
Apr 27 21:33:28 ip-172-31-83-45 kernel: SMBIOS 2.7 present.
Apr 27 21:33:28 ip-172-31-83-45 kernel: DMI: Xen HVM domU, BIOS 4.11.amazon 08/24/2006
Apr 27 21:33:28 ip-172-31-83-45 kernel: Hypervisor detected: Xen HVM
Apr 27 21:33:28 ip-172-31-83-45 kernel: Xen version 4.11.
Apr 27 21:33:28 ip-172-31-83-45 kernel: Netfront and the Xen platform PCI driver have been compiled for this kernel: unplug emulated NICs.
Apr 27 21:33:28 ip-172-31-83-45 kernel: Blkfront and the Xen platform PCI driver have been compiled for this kernel: unplug emulated disks.#012You might have to change the root device#012from /dev/hd[a-d] to /dev/xvd[a-d]#012in your root= kernel command line option
Apr 27 21:33:28 ip-172-31-83-45 kernel: tsc: Fast TSC calibration using PIT
Apr 27 21:33:28 ip-172-31-83-45 kernel: e820: last_pfn = 0x40000 max_arch_pfn = 0x400000000
Apr 27 21:33:28 ip-172-31-83-45 kernel: x86/PAT: Configuration [0-7]: WB  WC  UC- UC  WB  WP  UC- WT  
Apr 27 21:33:28 ip-172-31-83-45 kernel: found SMP MP-table at [mem 0x000fb9a0-0x000fb9af]
Apr 27 21:33:28 ip-172-31-83-45 kernel: Scanning 1 areas for low memory corruption
Apr 27 21:33:28 ip-172-31-83-45 kernel: RAMDISK: [mem 0x36bb9000-0x375d3fff]
Apr 27 21:33:28 ip-172-31-83-45 kernel: ACPI: Early table checksum verification disabled
Apr 27 21:33:28 ip-172-31-83-45 kernel: ACPI: RSDP 0x00000000000EA020 000024 (v02 Xen   )
Apr 27 21:33:28 ip-172-31-83-45 kernel: ACPI: XSDT 0x00000000FC00C780 000054 (v01 Xen    HVM      00000000 HVML 00000000)
Apr 27 21:33:28 ip-172-31-83-45 kernel: ACPI: FACP 0x00000000FC00C440 0000F4 (v04 Xen    HVM      00000000 HVML 00000000)
Apr 27 21:33:28 ip-172-31-83-45 kernel: ACPI: DSDT 0x00000000FC003940 008A7E (v02 Xen    HVM      00000000 INTL 20090123)
Apr 27 21:33:28 ip-172-31-83-45 kernel: ACPI: FACS 0x00000000FC003900 000040
Apr 27 21:33:28 ip-172-31-83-45 kernel: ACPI: FACS 0x00000000FC003900 000040
Apr 27 21:33:28 ip-172-31-83-45 kernel: ACPI: APIC 0x00000000FC00C540 0000D8 (v02 Xen    HVM      00000000 HVML 00000000)
Apr 27 21:33:28 ip-172-31-83-45 kernel: ACPI: HPET 0x00000000FC00C690 000038 (v01 Xen    HVM      00000000 HVML 00000000)
Apr 27 21:33:28 ip-172-31-83-45 kernel: ACPI: WAET 0x00000000FC00C6D0 000028 (v01 Xen    HVM      00000000 HVML 00000000)
Apr 27 21:33:28 ip-172-31-83-45 kernel: ACPI: SSDT 0x00000000FC00C700 000031 (v02 Xen    HVM      00000000 INTL 20090123)
Apr 27 21:33:28 ip-172-31-83-45 kernel: ACPI: SSDT 0x00000000FC00C740 000033 (v02 Xen    HVM      00000000 INTL 20090123)
Apr 27 21:33:28 ip-172-31-83-45 kernel: ACPI: Reserving FACP table memory at [mem 0xfc00c440-0xfc00c533]
Apr 27 21:33:28 ip-172-31-83-45 kernel: ACPI: Reserving DSDT table memory at [mem 0xfc003940-0xfc00c3bd]
Apr 27 21:33:28 ip-172-31-83-45 kernel: ACPI: Reserving FACS table memory at [mem 0xfc003900-0xfc00393f]
Apr 27 21:33:28 ip-172-31-83-45 kernel: ACPI: Reserving FACS table memory at [mem 0xfc003900-0xfc00393f]
Apr 27 21:33:28 ip-172-31-83-45 kernel: ACPI: Reserving APIC table memory at [mem 0xfc00c540-0xfc00c617]
Apr 27 21:33:28 ip-172-31-83-45 kernel: ACPI: Reserving HPET table memory at [mem 0xfc00c690-0xfc00c6c7]
Apr 27 21:33:28 ip-172-31-83-45 kernel: ACPI: Reserving WAET table memory at [mem 0xfc00c6d0-0xfc00c6f7]
Apr 27 21:33:28 ip-172-31-83-45 kernel: ACPI: Reserving SSDT table memory at [mem 0xfc00c700-0xfc00c730]
Apr 27 21:33:28 ip-172-31-83-45 kernel: ACPI: Reserving SSDT table memory at [mem 0xfc00c740-0xfc00c772]
Apr 27 21:33:28 ip-172-31-83-45 kernel: No NUMA configuration found
Apr 27 21:33:28 ip-172-31-83-45 kernel: Faking a node at [mem 0x0000000000000000-0x000000003fffffff]
Apr 27 21:33:28 ip-172-31-83-45 kernel: NODE_DATA(0) allocated [mem 0x3ffde000-0x3fffffff]
Apr 27 21:33:28 ip-172-31-83-45 kernel: Zone ranges:
Apr 27 21:33:28 ip-172-31-83-45 kernel:  DMA      [mem 0x0000000000001000-0x0000000000ffffff]
Apr 27 21:33:28 ip-172-31-83-45 kernel:  DMA32    [mem 0x0000000001000000-0x000000003fffffff]
Apr 27 21:33:28 ip-172-31-83-45 kernel:  Normal   empty
Apr 27 21:33:28 ip-172-31-83-45 kernel: Movable zone start for each node
Apr 27 21:33:28 ip-172-31-83-45 kernel: Early memory node ranges
Apr 27 21:33:28 ip-172-31-83-45 kernel:  node   0: [mem 0x0000000000001000-0x000000000009dfff]
Apr 27 21:33:28 ip-172-31-83-45 kernel:  node   0: [mem 0x0000000000100000-0x000000003fffffff]
Apr 27 21:33:28 ip-172-31-83-45 kernel: Initmem setup node 0 [mem 0x0000000000001000-0x000000003fffffff]
Apr 27 21:33:28 ip-172-31-83-45 kernel: ACPI: PM-Timer IO Port: 0xb008
Apr 27 21:33:28 ip-172-31-83-45 kernel: IOAPIC[0]: apic_id 1, version 17, address 0xfec00000, GSI 0-47
Apr 27 21:33:28 ip-172-31-83-45 kernel: ACPI: INT_SRC_OVR (bus 0 bus_irq 0 global_irq 2 dfl dfl)
Apr 27 21:33:28 ip-172-31-83-45 kernel: ACPI: INT_SRC_OVR (bus 0 bus_irq 5 global_irq 5 low level)
Apr 27 21:33:28 ip-172-31-83-45 kernel: ACPI: INT_SRC_OVR (bus 0 bus_irq 10 global_irq 10 low level)
Apr 27 21:33:28 ip-172-31-83-45 kernel: ACPI: INT_SRC_OVR (bus 0 bus_irq 11 global_irq 11 low level)
Apr 27 21:33:28 ip-172-31-83-45 kernel: Using ACPI (MADT) for SMP configuration information
Apr 27 21:33:28 ip-172-31-83-45 kernel: ACPI: HPET id: 0x8086a201 base: 0xfed00000
Apr 27 21:33:28 ip-172-31-83-45 kernel: TSC deadline timer available
Apr 27 21:33:28 ip-172-31-83-45 kernel: smpboot: Allowing 15 CPUs, 14 hotplug CPUs
Apr 27 21:33:28 ip-172-31-83-45 kernel: PM: Registered nosave memory: [mem 0x00000000-0x00000fff]
Apr 27 21:33:28 ip-172-31-83-45 kernel: PM: Registered nosave memory: [mem 0x0009e000-0x0009ffff]
Apr 27 21:33:28 ip-172-31-83-45 kernel: PM: Registered nosave memory: [mem 0x000a0000-0x000dffff]
Apr 27 21:33:28 ip-172-31-83-45 kernel: PM: Registered nosave memory: [mem 0x000e0000-0x000fffff]
Apr 27 21:33:28 ip-172-31-83-45 kernel: e820: [mem 0x40000000-0xfbffffff] available for PCI devices
Apr 27 21:33:28 ip-172-31-83-45 kernel: Booting paravirtualized kernel on Xen HVM
Apr 27 21:33:28 ip-172-31-83-45 kernel: clocksource: refined-jiffies: mask: 0xffffffff max_cycles: 0xffffffff, max_idle_ns: 7645519600211568 ns
Apr 27 21:33:28 ip-172-31-83-45 kernel: random: get_random_bytes called from start_kernel+0x94/0x4eb with crng_init=0
Apr 27 21:33:28 ip-172-31-83-45 kernel: setup_percpu: NR_CPUS:8192 nr_cpumask_bits:15 nr_cpu_ids:15 nr_node_ids:1
Apr 27 21:33:28 ip-172-31-83-45 kernel: percpu: Embedded 49 pages/cpu s161560 r8192 d30952 u262144
Apr 27 21:33:28 ip-172-31-83-45 kernel: PV qspinlock hash table entries: 256 (order: 0, 4096 bytes)
Apr 27 21:33:28 ip-172-31-83-45 kernel: Fallback order for Node 0: 0 
Apr 27 21:33:28 ip-172-31-83-45 kernel: Built 1 zonelists, mobility grouping on.  Total pages: 257928
Apr 27 21:33:28 ip-172-31-83-45 kernel: Policy zone: DMA32
Apr 27 21:33:28 ip-172-31-83-45 kernel: Kernel command line: BOOT_IMAGE=/boot/vmlinuz-4.14.268-205.500.amzn2.x86_64 root=UUID=dc74d1d7-c6e7-4592-931f-70681a786a83 ro console=tty0 console=ttyS0,115200n8 net.ifnames=0 biosdevname=0 nvme_core.io_timeout=4294967295 rd.emergency=poweroff rd.shell=0
Apr 27 21:33:28 ip-172-31-83-45 kernel: PID hash table entries: 4096 (order: 3, 32768 bytes)
Apr 27 21:33:28 ip-172-31-83-45 kernel: Memory: 990180K/1048180K available (10252K kernel code, 2149K rwdata, 3040K rodata, 2220K init, 4244K bss, 58000K reserved, 0K cma-reserved)
Apr 27 21:33:28 ip-172-31-83-45 kernel: SLUB: HWalign=64, Order=0-3, MinObjects=0, CPUs=15, Nodes=1
Apr 27 21:33:28 ip-172-31-83-45 kernel: Kernel/User page tables isolation: enabled
Apr 27 21:33:28 ip-172-31-83-45 kernel: ftrace: allocating 30154 entries in 118 pages
Apr 27 21:33:28 ip-172-31-83-45 kernel: Hierarchical RCU implementation.
Apr 27 21:33:28 ip-172-31-83-45 kernel: #011RCU restricting CPUs from NR_CPUS=8192 to nr_cpu_ids=15.
Apr 27 21:33:28 ip-172-31-83-45 kernel: RCU: Adjusting geometry for rcu_fanout_leaf=16, nr_cpu_ids=15
Apr 27 21:33:28 ip-172-31-83-45 kernel: NR_IRQS: 524544, nr_irqs: 952, preallocated irqs: 16
Apr 27 21:33:28 ip-172-31-83-45 kernel: xen:events: Using 2-level ABI
Apr 27 21:33:28 ip-172-31-83-45 kernel: xen:events: Xen HVM callback vector for event delivery is enabled
Apr 27 21:33:28 ip-172-31-83-45 kernel: Console: colour VGA+ 80x25
Apr 27 21:33:28 ip-172-31-83-45 kernel: console [tty0] enabled
Apr 27 21:33:28 ip-172-31-83-45 kernel: Cannot get hvm parameter CONSOLE_EVTCHN (18): -22!
Apr 27 21:33:28 ip-172-31-83-45 kernel: console [ttyS0] enabled
Apr 27 21:33:28 ip-172-31-83-45 kernel: clocksource: hpet: mask: 0xffffffff max_cycles: 0xffffffff, max_idle_ns: 30580167144 ns
Apr 27 21:33:28 ip-172-31-83-45 kernel: tsc: Fast TSC calibration using PIT
Apr 27 21:33:28 ip-172-31-83-45 kernel: tsc: Detected 2399.777 MHz processor
Apr 27 21:33:28 ip-172-31-83-45 kernel: Calibrating delay loop (skipped), value calculated using timer frequency.. 4800.02 BogoMIPS (lpj=9600040)
Apr 27 21:33:28 ip-172-31-83-45 kernel: pid_max: default: 32768 minimum: 301
Apr 27 21:33:28 ip-172-31-83-45 kernel: ACPI: Core revision 20170728
Apr 27 21:33:28 ip-172-31-83-45 kernel: ACPI: 3 ACPI AML tables successfully acquired and loaded
Apr 27 21:33:28 ip-172-31-83-45 kernel: Security Framework initialized
Apr 27 21:33:28 ip-172-31-83-45 kernel: Yama: becoming mindful.
Apr 27 21:33:28 ip-172-31-83-45 kernel: SELinux:  Initializing.
Apr 27 21:33:28 ip-172-31-83-45 kernel: Dentry cache hash table entries: 131072 (order: 8, 1048576 bytes)
Apr 27 21:33:28 ip-172-31-83-45 kernel: Inode-cache hash table entries: 65536 (order: 7, 524288 bytes)
Apr 27 21:33:28 ip-172-31-83-45 kernel: Mount-cache hash table entries: 2048 (order: 2, 16384 bytes)
Apr 27 21:33:28 ip-172-31-83-45 kernel: Mountpoint-cache hash table entries: 2048 (order: 2, 16384 bytes)
Apr 27 21:33:28 ip-172-31-83-45 kernel: Last level iTLB entries: 4KB 1024, 2MB 1024, 4MB 1024
Apr 27 21:33:28 ip-172-31-83-45 kernel: Last level dTLB entries: 4KB 1024, 2MB 1024, 4MB 1024, 1GB 4
Apr 27 21:33:28 ip-172-31-83-45 kernel: Spectre V1 : Mitigation: usercopy/swapgs barriers and __user pointer sanitization
Apr 27 21:33:28 ip-172-31-83-45 kernel: Spectre V2 : Mitigation: Retpolines
Apr 27 21:33:28 ip-172-31-83-45 kernel: Spectre V2 : Spectre v2 / SpectreRSB mitigation: Filling RSB on context switch
Apr 27 21:33:28 ip-172-31-83-45 kernel: Speculative Store Bypass: Vulnerable
Apr 27 21:33:28 ip-172-31-83-45 kernel: MDS: Vulnerable: Clear CPU buffers attempted, no microcode
Apr 27 21:33:28 ip-172-31-83-45 kernel: smpboot: Max logical packages: 15
Apr 27 21:33:28 ip-172-31-83-45 kernel: x2apic: IRQ remapping doesn't support X2APIC mode
Apr 27 21:33:28 ip-172-31-83-45 kernel: Switched APIC routing to physical flat.
Apr 27 21:33:28 ip-172-31-83-45 kernel: ..TIMER: vector=0x30 apic1=0 pin1=2 apic2=0 pin2=0
Apr 27 21:33:28 ip-172-31-83-45 kernel: clocksource: xen: mask: 0xffffffffffffffff max_cycles: 0x1cd42e4dffb, max_idle_ns: 881590591483 ns
Apr 27 21:33:28 ip-172-31-83-45 kernel: installing Xen timer for CPU 0
Apr 27 21:33:28 ip-172-31-83-45 kernel: smpboot: CPU0: Intel(R) Xeon(R) CPU E5-2676 v3 @ 2.40GHz (family: 0x6, model: 0x3f, stepping: 0x2)
Apr 27 21:33:28 ip-172-31-83-45 kernel: cpu 0 spinlock event irq 53
Apr 27 21:33:28 ip-172-31-83-45 kernel: Performance Events: unsupported p6 CPU model 63 no PMU driver, software events only.
Apr 27 21:33:28 ip-172-31-83-45 kernel: Hierarchical SRCU implementation.
Apr 27 21:33:28 ip-172-31-83-45 kernel: NMI watchdog: Perf event create on CPU 0 failed with -2
Apr 27 21:33:28 ip-172-31-83-45 kernel: NMI watchdog: Perf NMI watchdog permanently disabled
Apr 27 21:33:28 ip-172-31-83-45 kernel: smp: Bringing up secondary CPUs ...
Apr 27 21:33:28 ip-172-31-83-45 kernel: smp: Brought up 1 node, 1 CPU
Apr 27 21:33:28 ip-172-31-83-45 kernel: smpboot: Total of 1 processors activated (4800.02 BogoMIPS)
Apr 27 21:33:28 ip-172-31-83-45 kernel: devtmpfs: initialized
Apr 27 21:33:28 ip-172-31-83-45 kernel: x86/mm: Memory block size: 128MB
Apr 27 21:33:28 ip-172-31-83-45 kernel: clocksource: jiffies: mask: 0xffffffff max_cycles: 0xffffffff, max_idle_ns: 7645041785100000 ns
Apr 27 21:33:28 ip-172-31-83-45 kernel: futex hash table entries: 4096 (order: 6, 262144 bytes)
Apr 27 21:33:28 ip-172-31-83-45 kernel: NET: Registered protocol family 16
Apr 27 21:33:28 ip-172-31-83-45 kernel: cpuidle: using governor ladder
Apr 27 21:33:28 ip-172-31-83-45 kernel: cpuidle: using governor menu
Apr 27 21:33:28 ip-172-31-83-45 kernel: ACPI: bus type PCI registered
Apr 27 21:33:28 ip-172-31-83-45 kernel: acpiphp: ACPI Hot Plug PCI Controller Driver version: 0.5
Apr 27 21:33:28 ip-172-31-83-45 kernel: PCI: Using configuration type 1 for base access
Apr 27 21:33:28 ip-172-31-83-45 kernel: HugeTLB registered 2.00 MiB page size, pre-allocated 0 pages
Apr 27 21:33:28 ip-172-31-83-45 kernel: ACPI: Added _OSI(Module Device)
Apr 27 21:33:28 ip-172-31-83-45 kernel: ACPI: Added _OSI(Processor Device)
Apr 27 21:33:28 ip-172-31-83-45 kernel: ACPI: Added _OSI(3.0 _SCP Extensions)
Apr 27 21:33:28 ip-172-31-83-45 kernel: ACPI: Added _OSI(Processor Aggregator Device)
Apr 27 21:33:28 ip-172-31-83-45 kernel: ACPI: Interpreter enabled
Apr 27 21:33:28 ip-172-31-83-45 kernel: ACPI: (supports S0 S4 S5)
Apr 27 21:33:28 ip-172-31-83-45 kernel: ACPI: Using IOAPIC for interrupt routing
Apr 27 21:33:28 ip-172-31-83-45 kernel: PCI: Using host bridge windows from ACPI; if necessary, use "pci=nocrs" and report a bug
Apr 27 21:33:28 ip-172-31-83-45 kernel: ACPI: Enabled 2 GPEs in block 00 to 0F
Apr 27 21:33:28 ip-172-31-83-45 kernel: ACPI: PCI Root Bridge [PCI0] (domain 0000 [bus 00-ff])
Apr 27 21:33:28 ip-172-31-83-45 kernel: acpi PNP0A03:00: _OSC: OS supports [ASPM ClockPM Segments MSI]
Apr 27 21:33:28 ip-172-31-83-45 kernel: acpi PNP0A03:00: _OSC failed (AE_NOT_FOUND); disabling ASPM
Apr 27 21:33:28 ip-172-31-83-45 kernel: acpi PNP0A03:00: fail to add MMCONFIG information, can't access extended PCI configuration space under this bridge.
Apr 27 21:33:28 ip-172-31-83-45 kernel: acpiphp: Slot [0] registered
Apr 27 21:33:28 ip-172-31-83-45 kernel: acpiphp: Slot [3] registered
Apr 27 21:33:28 ip-172-31-83-45 kernel: acpiphp: Slot [4] registered
Apr 27 21:33:28 ip-172-31-83-45 kernel: acpiphp: Slot [5] registered
Apr 27 21:33:28 ip-172-31-83-45 kernel: acpiphp: Slot [6] registered
Apr 27 21:33:28 ip-172-31-83-45 kernel: acpiphp: Slot [7] registered
Apr 27 21:33:28 ip-172-31-83-45 kernel: acpiphp: Slot [8] registered
Apr 27 21:33:28 ip-172-31-83-45 kernel: acpiphp: Slot [9] registered
Apr 27 21:33:28 ip-172-31-83-45 kernel: acpiphp: Slot [10] registered
Apr 27 21:33:28 ip-172-31-83-45 kernel: acpiphp: Slot [11] registered
Apr 27 21:33:28 ip-172-31-83-45 kernel: acpiphp: Slot [12] registered
Apr 27 21:33:28 ip-172-31-83-45 kernel: acpiphp: Slot [13] registered
Apr 27 21:33:28 ip-172-31-83-45 kernel: acpiphp: Slot [14] registered
Apr 27 21:33:28 ip-172-31-83-45 kernel: acpiphp: Slot [15] registered
Apr 27 21:33:28 ip-172-31-83-45 kernel: acpiphp: Slot [16] registered
Apr 27 21:33:28 ip-172-31-83-45 kernel: acpiphp: Slot [17] registered
Apr 27 21:33:28 ip-172-31-83-45 kernel: acpiphp: Slot [18] registered
Apr 27 21:33:28 ip-172-31-83-45 kernel: acpiphp: Slot [19] registered
Apr 27 21:33:28 ip-172-31-83-45 kernel: acpiphp: Slot [20] registered
Apr 27 21:33:28 ip-172-31-83-45 kernel: acpiphp: Slot [21] registered
Apr 27 21:33:28 ip-172-31-83-45 kernel: acpiphp: Slot [22] registered
Apr 27 21:33:28 ip-172-31-83-45 kernel: acpiphp: Slot [23] registered
Apr 27 21:33:28 ip-172-31-83-45 kernel: acpiphp: Slot [24] registered
Apr 27 21:33:28 ip-172-31-83-45 kernel: acpiphp: Slot [25] registered
Apr 27 21:33:28 ip-172-31-83-45 kernel: acpiphp: Slot [26] registered
Apr 27 21:33:28 ip-172-31-83-45 kernel: acpiphp: Slot [27] registered
Apr 27 21:33:28 ip-172-31-83-45 kernel: acpiphp: Slot [28] registered
Apr 27 21:33:28 ip-172-31-83-45 kernel: acpiphp: Slot [29] registered
Apr 27 21:33:28 ip-172-31-83-45 kernel: acpiphp: Slot [30] registered
Apr 27 21:33:28 ip-172-31-83-45 kernel: acpiphp: Slot [31] registered
Apr 27 21:33:28 ip-172-31-83-45 kernel: PCI host bridge to bus 0000:00
Apr 27 21:33:28 ip-172-31-83-45 kernel: pci_bus 0000:00: root bus resource [io  0x0000-0x0cf7 window]
Apr 27 21:33:28 ip-172-31-83-45 kernel: pci_bus 0000:00: root bus resource [io  0x0d00-0xffff window]
Apr 27 21:33:28 ip-172-31-83-45 kernel: pci_bus 0000:00: root bus resource [mem 0x000a0000-0x000bffff window]
Apr 27 21:33:28 ip-172-31-83-45 kernel: pci_bus 0000:00: root bus resource [mem 0xf0000000-0xfbffffff window]
Apr 27 21:33:28 ip-172-31-83-45 kernel: pci_bus 0000:00: root bus resource [bus 00-ff]
Apr 27 21:33:28 ip-172-31-83-45 kernel: pci 0000:00:01.1: legacy IDE quirk: reg 0x10: [io  0x01f0-0x01f7]
Apr 27 21:33:28 ip-172-31-83-45 kernel: pci 0000:00:01.1: legacy IDE quirk: reg 0x14: [io  0x03f6]
Apr 27 21:33:28 ip-172-31-83-45 kernel: pci 0000:00:01.1: legacy IDE quirk: reg 0x18: [io  0x0170-0x0177]
Apr 27 21:33:28 ip-172-31-83-45 kernel: pci 0000:00:01.1: legacy IDE quirk: reg 0x1c: [io  0x0376]
Apr 27 21:33:28 ip-172-31-83-45 kernel: * Found PM-Timer Bug on the chipset. Due to workarounds for a bug,#012* this clock source is slow. Consider trying other clock sources
Apr 27 21:33:28 ip-172-31-83-45 kernel: pci 0000:00:01.3: quirk: [io  0xb000-0xb03f] claimed by PIIX4 ACPI
Apr 27 21:33:28 ip-172-31-83-45 kernel: ACPI: PCI Interrupt Link [LNKA] (IRQs *5 10 11)
Apr 27 21:33:28 ip-172-31-83-45 kernel: ACPI: PCI Interrupt Link [LNKB] (IRQs 5 *10 11)
Apr 27 21:33:28 ip-172-31-83-45 kernel: ACPI: PCI Interrupt Link [LNKC] (IRQs 5 10 *11)
Apr 27 21:33:28 ip-172-31-83-45 kernel: ACPI: PCI Interrupt Link [LNKD] (IRQs *5 10 11)
Apr 27 21:33:28 ip-172-31-83-45 kernel: xen:balloon: Initialising balloon driver
Apr 27 21:33:28 ip-172-31-83-45 kernel: pci 0000:00:02.0: vgaarb: setting as boot VGA device
Apr 27 21:33:28 ip-172-31-83-45 kernel: pci 0000:00:02.0: vgaarb: VGA device added: decodes=io+mem,owns=io+mem,locks=none
Apr 27 21:33:28 ip-172-31-83-45 kernel: pci 0000:00:02.0: vgaarb: bridge control possible
Apr 27 21:33:28 ip-172-31-83-45 kernel: vgaarb: loaded
Apr 27 21:33:28 ip-172-31-83-45 kernel: EDAC MC: Ver: 3.0.0
Apr 27 21:33:28 ip-172-31-83-45 kernel: PCI: Using ACPI for IRQ routing
Apr 27 21:33:28 ip-172-31-83-45 kernel: NetLabel: Initializing
Apr 27 21:33:28 ip-172-31-83-45 kernel: NetLabel:  domain hash size = 128
Apr 27 21:33:28 ip-172-31-83-45 kernel: NetLabel:  protocols = UNLABELED CIPSOv4 CALIPSO
Apr 27 21:33:28 ip-172-31-83-45 kernel: NetLabel:  unlabeled traffic allowed by default
Apr 27 21:33:28 ip-172-31-83-45 kernel: HPET: 3 timers in total, 0 timers will be used for per-cpu timer
Apr 27 21:33:28 ip-172-31-83-45 kernel: hpet0: at MMIO 0xfed00000, IRQs 2, 8, 0
Apr 27 21:33:28 ip-172-31-83-45 kernel: hpet0: 3 comparators, 64-bit 62.500000 MHz counter
Apr 27 21:33:28 ip-172-31-83-45 kernel: clocksource: Switched to clocksource xen
Apr 27 21:33:28 ip-172-31-83-45 kernel: VFS: Disk quotas dquot_6.6.0
Apr 27 21:33:28 ip-172-31-83-45 kernel: VFS: Dquot-cache hash table entries: 512 (order 0, 4096 bytes)
Apr 27 21:33:28 ip-172-31-83-45 kernel: pnp: PnP ACPI init
Apr 27 21:33:28 ip-172-31-83-45 kernel: system 00:00: [mem 0x00000000-0x0009ffff] could not be reserved
Apr 27 21:33:28 ip-172-31-83-45 kernel: system 00:01: [io  0x08a0-0x08a3] has been reserved
Apr 27 21:33:28 ip-172-31-83-45 kernel: system 00:01: [io  0x0cc0-0x0ccf] has been reserved
Apr 27 21:33:28 ip-172-31-83-45 kernel: system 00:01: [io  0x04d0-0x04d1] has been reserved
Apr 27 21:33:28 ip-172-31-83-45 kernel: system 00:07: [io  0x10c0-0x1141] has been reserved
Apr 27 21:33:28 ip-172-31-83-45 kernel: system 00:07: [io  0xb044-0xb047] has been reserved
Apr 27 21:33:28 ip-172-31-83-45 kernel: pnp: PnP ACPI: found 8 devices
Apr 27 21:33:28 ip-172-31-83-45 kernel: clocksource: acpi_pm: mask: 0xffffff max_cycles: 0xffffff, max_idle_ns: 2085701024 ns
Apr 27 21:33:28 ip-172-31-83-45 kernel: NET: Registered protocol family 2
Apr 27 21:33:28 ip-172-31-83-45 kernel: IP idents hash table entries: 16384 (order: 5, 131072 bytes)
Apr 27 21:33:28 ip-172-31-83-45 kernel: TCP established hash table entries: 8192 (order: 4, 65536 bytes)
Apr 27 21:33:28 ip-172-31-83-45 kernel: TCP bind hash table entries: 8192 (order: 5, 131072 bytes)
Apr 27 21:33:28 ip-172-31-83-45 kernel: TCP: Hash tables configured (established 8192 bind 8192)
Apr 27 21:33:28 ip-172-31-83-45 kernel: UDP hash table entries: 512 (order: 2, 16384 bytes)
Apr 27 21:33:28 ip-172-31-83-45 kernel: UDP-Lite hash table entries: 512 (order: 2, 16384 bytes)
Apr 27 21:33:28 ip-172-31-83-45 kernel: NET: Registered protocol family 1
Apr 27 21:33:28 ip-172-31-83-45 kernel: pci 0000:00:00.0: Limiting direct PCI/PCI transfers
Apr 27 21:33:28 ip-172-31-83-45 kernel: pci 0000:00:01.0: PIIX3: Enabling Passive Release
Apr 27 21:33:28 ip-172-31-83-45 kernel: pci 0000:00:01.0: Activating ISA DMA hang workarounds
Apr 27 21:33:28 ip-172-31-83-45 kernel: pci 0000:00:02.0: Video device with shadowed ROM at [mem 0x000c0000-0x000dffff]
Apr 27 21:33:28 ip-172-31-83-45 kernel: Unpacking initramfs...
Apr 27 21:33:28 ip-172-31-83-45 kernel: Freeing initrd memory: 10348K
Apr 27 21:33:28 ip-172-31-83-45 kernel: Scanning for low memory corruption every 60 seconds
Apr 27 21:33:28 ip-172-31-83-45 kernel: audit: initializing netlink subsys (disabled)
Apr 27 21:33:28 ip-172-31-83-45 kernel: Initialise system trusted keyrings
Apr 27 21:33:28 ip-172-31-83-45 kernel: Key type blacklist registered
Apr 27 21:33:28 ip-172-31-83-45 kernel: audit: type=2000 audit(1651095207.602:1): state=initialized audit_enabled=0 res=1
Apr 27 21:33:28 ip-172-31-83-45 kernel: workingset: timestamp_bits=36 max_order=18 bucket_order=0
Apr 27 21:33:28 ip-172-31-83-45 kernel: zbud: loaded
Apr 27 21:33:28 ip-172-31-83-45 kernel: SGI XFS with ACLs, security attributes, no debug enabled
Apr 27 21:33:28 ip-172-31-83-45 kernel: Key type asymmetric registered
Apr 27 21:33:28 ip-172-31-83-45 kernel: Asymmetric key parser 'x509' registered
Apr 27 21:33:28 ip-172-31-83-45 kernel: random: fast init done
Apr 27 21:33:28 ip-172-31-83-45 kernel: Block layer SCSI generic (bsg) driver version 0.4 loaded (major 251)
Apr 27 21:33:28 ip-172-31-83-45 kernel: io scheduler noop registered (default)
Apr 27 21:33:28 ip-172-31-83-45 kernel: io scheduler cfq registered
Apr 27 21:33:28 ip-172-31-83-45 kernel: crc32: CRC_LE_BITS = 64, CRC_BE BITS = 64
Apr 27 21:33:28 ip-172-31-83-45 kernel: crc32: self tests passed, processed 225944 bytes in 167890 nsec
Apr 27 21:33:28 ip-172-31-83-45 kernel: crc32c: CRC_LE_BITS = 64
Apr 27 21:33:28 ip-172-31-83-45 kernel: crc32c: self tests passed, processed 225944 bytes in 84135 nsec
Apr 27 21:33:28 ip-172-31-83-45 kernel: crc32_combine: 8373 self tests passed
Apr 27 21:33:28 ip-172-31-83-45 kernel: crc32c_combine: 8373 self tests passed
Apr 27 21:33:28 ip-172-31-83-45 kernel: xen:grant_table: Grant tables using version 1 layout
Apr 27 21:33:28 ip-172-31-83-45 kernel: Grant table initialized
Apr 27 21:33:28 ip-172-31-83-45 kernel: Cannot get hvm parameter CONSOLE_EVTCHN (18): -22!
Apr 27 21:33:28 ip-172-31-83-45 kernel: Serial: 8250/16550 driver, 4 ports, IRQ sharing disabled
Apr 27 21:33:28 ip-172-31-83-45 kernel: 00:06: ttyS0 at I/O 0x3f8 (irq = 4, base_baud = 115200) is a 16550A
Apr 27 21:33:28 ip-172-31-83-45 kernel: xen_netfront: Initialising Xen virtual ethernet driver
Apr 27 21:33:28 ip-172-31-83-45 kernel: i8042: PNP: PS/2 Controller [PNP0303:PS2K,PNP0f13:PS2M] at 0x60,0x64 irq 1,12
Apr 27 21:33:28 ip-172-31-83-45 kernel: serio: i8042 KBD port at 0x60,0x64 irq 1
Apr 27 21:33:28 ip-172-31-83-45 kernel: serio: i8042 AUX port at 0x60,0x64 irq 12
Apr 27 21:33:28 ip-172-31-83-45 kernel: input: AT Translated Set 2 keyboard as /devices/platform/i8042/serio0/input/input0
Apr 27 21:33:28 ip-172-31-83-45 kernel: rtc_cmos 00:02: rtc core: registered rtc_cmos as rtc0
Apr 27 21:33:28 ip-172-31-83-45 kernel: rtc_cmos 00:02: alarms up to one day, 114 bytes nvram, hpet irqs
Apr 27 21:33:28 ip-172-31-83-45 kernel: hidraw: raw HID events driver (C) Jiri Kosina
Apr 27 21:33:28 ip-172-31-83-45 kernel: ip_tables: (C) 2000-2006 Netfilter Core Team
Apr 27 21:33:28 ip-172-31-83-45 kernel: NET: Registered protocol family 10
Apr 27 21:33:28 ip-172-31-83-45 kernel: Segment Routing with IPv6
Apr 27 21:33:28 ip-172-31-83-45 kernel: ip6_tables: (C) 2000-2006 Netfilter Core Team
Apr 27 21:33:28 ip-172-31-83-45 kernel: NET: Registered protocol family 17
Apr 27 21:33:28 ip-172-31-83-45 kernel: mce: Using 2 MCE banks
Apr 27 21:33:28 ip-172-31-83-45 kernel: sched_clock: Marking stable (1333548704, 0)->(2505561930, -1172013226)
Apr 27 21:33:28 ip-172-31-83-45 kernel: registered taskstats version 1
Apr 27 21:33:28 ip-172-31-83-45 kernel: Loading compiled-in X.509 certificates
Apr 27 21:33:28 ip-172-31-83-45 kernel: Loaded X.509 cert 'Build time autogenerated kernel key: eddc7166a4904349e16136bcb9a78244bcf1a1cd'
Apr 27 21:33:28 ip-172-31-83-45 kernel: zswap: loaded using pool lzo/zbud
Apr 27 21:33:28 ip-172-31-83-45 kernel: ima: No TPM chip found, activating TPM-bypass! (rc=-19)
Apr 27 21:33:28 ip-172-31-83-45 kernel: ima: Allocated hash algorithm: sha1
Apr 27 21:33:28 ip-172-31-83-45 kernel: xenbus_probe_frontend: Device with no driver: device/vbd/51712
Apr 27 21:33:28 ip-172-31-83-45 kernel: rtc_cmos 00:02: setting system clock to 2022-04-27 21:33:28 UTC (1651095208)
Apr 27 21:33:28 ip-172-31-83-45 kernel: Freeing unused kernel memory: 2220K
Apr 27 21:33:28 ip-172-31-83-45 kernel: Write protecting the kernel read-only data: 16384k
Apr 27 21:33:28 ip-172-31-83-45 kernel: Freeing unused kernel memory: 2016K
Apr 27 21:33:28 ip-172-31-83-45 kernel: Freeing unused kernel memory: 1056K
Apr 27 21:33:28 ip-172-31-83-45 systemd[1]: Inserted module 'autofs4'
Apr 27 21:33:28 ip-172-31-83-45 kernel: random: systemd: uninitialized urandom read (16 bytes read)
Apr 27 21:33:28 ip-172-31-83-45 kernel: random: systemd: uninitialized urandom read (16 bytes read)
Apr 27 21:33:28 ip-172-31-83-45 kernel: random: systemd: uninitialized urandom read (16 bytes read)
Apr 27 21:33:28 ip-172-31-83-45 systemd[1]: systemd 219 running in system mode. (+PAM +AUDIT +SELINUX +IMA -APPARMOR +SMACK +SYSVINIT +UTMP +LIBCRYPTSETUP +GCRYPT +GNUTLS +ACL +XZ +LZ4 -SECCOMP +BLKID +ELFUTILS +KMOD +IDN)
Apr 27 21:33:28 ip-172-31-83-45 systemd[1]: Detected virtualization xen.
Apr 27 21:33:28 ip-172-31-83-45 systemd[1]: Detected architecture x86-64.
Apr 27 21:33:28 ip-172-31-83-45 systemd[1]: Running in initial RAM disk.
Apr 27 21:33:28 ip-172-31-83-45 systemd[1]: No hostname configured.
Apr 27 21:33:28 ip-172-31-83-45 systemd[1]: Set hostname to <localhost>.
Apr 27 21:33:28 ip-172-31-83-45 systemd[1]: Initializing machine ID from random generator.
Apr 27 21:33:28 ip-172-31-83-45 systemd[1]: Reached target Swap.
Apr 27 21:33:28 ip-172-31-83-45 systemd[1]: Started Dispatch Password Requests to Console Directory Watch.
Apr 27 21:33:28 ip-172-31-83-45 systemd[1]: Reached target Local File Systems.
Apr 27 21:33:28 ip-172-31-83-45 journal: Journal started
Apr 27 21:33:28 ip-172-31-83-45 systemd: Started Create list of required static device nodes for the current kernel.
Apr 27 21:33:28 ip-172-31-83-45 systemd: Started Apply Kernel Variables.
Apr 27 21:33:28 ip-172-31-83-45 systemd: Starting Create Static Device Nodes in /dev...
Apr 27 21:33:28 ip-172-31-83-45 systemd: Started Create Static Device Nodes in /dev.
Apr 27 21:33:28 ip-172-31-83-45 systemd: Starting udev Kernel Device Manager...
Apr 27 21:33:28 ip-172-31-83-45 systemd-udevd: starting version 219
Apr 27 21:33:28 ip-172-31-83-45 systemd-udevd: Network interface NamePolicy= disabled on kernel command line, ignoring.
Apr 27 21:33:28 ip-172-31-83-45 systemd: Started udev Kernel Device Manager.
Apr 27 21:33:28 ip-172-31-83-45 systemd: Starting dracut pre-trigger hook...
Apr 27 21:33:28 ip-172-31-83-45 systemd: Started dracut pre-trigger hook.
Apr 27 21:33:28 ip-172-31-83-45 systemd: Starting udev Coldplug all Devices...
Apr 27 21:33:28 ip-172-31-83-45 systemd-udevd: Network interface NamePolicy= disabled on kernel command line, ignoring.
Apr 27 21:33:28 ip-172-31-83-45 kernel: tsc: Refined TSC clocksource calibration: 2400.017 MHz
Apr 27 21:33:28 ip-172-31-83-45 kernel: clocksource: tsc: mask: 0xffffffffffffffff max_cycles: 0x22984789d8d, max_idle_ns: 440795236594 ns
Apr 27 21:33:28 ip-172-31-83-45 systemd: Started udev Coldplug all Devices.
Apr 27 21:33:28 ip-172-31-83-45 systemd: Reached target System Initialization.
Apr 27 21:33:28 ip-172-31-83-45 systemd: Reached target Basic System.
Apr 27 21:33:28 ip-172-31-83-45 systemd: Starting dracut initqueue hook...
Apr 27 21:33:28 ip-172-31-83-45 kernel: SCSI subsystem initialized
Apr 27 21:33:29 ip-172-31-83-45 kernel: Invalid max_queues (4), will use default max: 1.
Apr 27 21:33:29 ip-172-31-83-45 kernel: scsi host0: ata_piix
Apr 27 21:33:29 ip-172-31-83-45 kernel: scsi host1: ata_piix
Apr 27 21:33:29 ip-172-31-83-45 kernel: ata1: PATA max MWDMA2 cmd 0x1f0 ctl 0x3f6 bmdma 0xc100 irq 14
Apr 27 21:33:29 ip-172-31-83-45 kernel: ata2: PATA max MWDMA2 cmd 0x170 ctl 0x376 bmdma 0xc108 irq 15
Apr 27 21:33:29 ip-172-31-83-45 kernel: blkfront: xvda: barrier or flush: disabled; persistent grants: disabled; indirect descriptors: enabled;
Apr 27 21:33:29 ip-172-31-83-45 kernel: xvda: xvda1
Apr 27 21:33:29 ip-172-31-83-45 systemd: Found device /dev/disk/by-uuid/dc74d1d7-c6e7-4592-931f-70681a786a83.
Apr 27 21:33:29 ip-172-31-83-45 systemd: Starting File System Check on /dev/disk/by-uuid/dc74d1d7-c6e7-4592-931f-70681a786a83...
Apr 27 21:33:29 ip-172-31-83-45 systemd-fsck: fsck.xfs doesn't exist, not checking file system on /dev/disk/by-uuid/dc74d1d7-c6e7-4592-931f-70681a786a83
Apr 27 21:33:29 ip-172-31-83-45 systemd: Started dracut initqueue hook.
Apr 27 21:33:29 ip-172-31-83-45 systemd: Started File System Check on /dev/disk/by-uuid/dc74d1d7-c6e7-4592-931f-70681a786a83.
Apr 27 21:33:29 ip-172-31-83-45 systemd: Mounting /sysroot...
Apr 27 21:33:29 ip-172-31-83-45 systemd: Reached target Remote File Systems (Pre).
Apr 27 21:33:29 ip-172-31-83-45 systemd: Reached target Remote File Systems.
Apr 27 21:33:29 ip-172-31-83-45 kernel: XFS (xvda1): Mounting V5 Filesystem
Apr 27 21:33:30 ip-172-31-83-45 kernel: XFS (xvda1): Ending clean mount
Apr 27 21:33:30 ip-172-31-83-45 systemd: Mounted /sysroot.
Apr 27 21:33:30 ip-172-31-83-45 systemd: Reached target Initrd Root File System.
Apr 27 21:33:30 ip-172-31-83-45 systemd: Starting Reload Configuration from the Real Root...
Apr 27 21:33:30 ip-172-31-83-45 systemd: Reloading.
Apr 27 21:33:30 ip-172-31-83-45 systemd: Started Reload Configuration from the Real Root.
Apr 27 21:33:30 ip-172-31-83-45 systemd: Reached target Initrd File Systems.
Apr 27 21:33:30 ip-172-31-83-45 systemd: Reached target Initrd Default Target.
Apr 27 21:33:30 ip-172-31-83-45 systemd: Starting dracut pre-pivot and cleanup hook...
Apr 27 21:33:30 ip-172-31-83-45 systemd: Started dracut pre-pivot and cleanup hook.
Apr 27 21:33:30 ip-172-31-83-45 systemd: Starting Cleaning Up and Shutting Down Daemons...
Apr 27 21:33:30 ip-172-31-83-45 systemd: Started Cleaning Up and Shutting Down Daemons.
Apr 27 21:33:30 ip-172-31-83-45 systemd: Stopped dracut pre-pivot and cleanup hook.
Apr 27 21:33:30 ip-172-31-83-45 systemd: Stopped target Remote File Systems.
Apr 27 21:33:30 ip-172-31-83-45 systemd: Stopped target Remote File Systems (Pre).
Apr 27 21:33:30 ip-172-31-83-45 systemd: Stopped dracut initqueue hook.
Apr 27 21:33:30 ip-172-31-83-45 systemd: Stopped target Initrd Default Target.
Apr 27 21:33:30 ip-172-31-83-45 systemd: Stopped target Basic System.
Apr 27 21:33:30 ip-172-31-83-45 systemd: Stopped target Paths.
Apr 27 21:33:30 ip-172-31-83-45 systemd: Stopped Dispatch Password Requests to Console Directory Watch.
Apr 27 21:33:30 ip-172-31-83-45 systemd: Stopped target Slices.
Apr 27 21:33:30 ip-172-31-83-45 systemd: Stopped target Sockets.
Apr 27 21:33:30 ip-172-31-83-45 systemd: Stopped target System Initialization.
Apr 27 21:33:30 ip-172-31-83-45 systemd: Stopped target Local File Systems.
Apr 27 21:33:30 ip-172-31-83-45 systemd: Stopped Apply Kernel Variables.
Apr 27 21:33:30 ip-172-31-83-45 systemd: Stopped udev Coldplug all Devices.
Apr 27 21:33:30 ip-172-31-83-45 systemd: Stopped dracut pre-trigger hook.
Apr 27 21:33:30 ip-172-31-83-45 systemd: Stopped target Swap.
Apr 27 21:33:30 ip-172-31-83-45 systemd: Stopping udev Kernel Device Manager...
Apr 27 21:33:30 ip-172-31-83-45 systemd: Stopped target Timers.
Apr 27 21:33:30 ip-172-31-83-45 systemd: Stopped udev Kernel Device Manager.
Apr 27 21:33:30 ip-172-31-83-45 systemd: Stopped Create Static Device Nodes in /dev.
Apr 27 21:33:30 ip-172-31-83-45 systemd: Stopped Create list of required static device nodes for the current kernel.
Apr 27 21:33:30 ip-172-31-83-45 systemd: Closed udev Control Socket.
Apr 27 21:33:30 ip-172-31-83-45 systemd: Closed udev Kernel Socket.
Apr 27 21:33:30 ip-172-31-83-45 systemd: Starting Cleanup udevd DB...
Apr 27 21:33:30 ip-172-31-83-45 systemd: Started Cleanup udevd DB.
Apr 27 21:33:30 ip-172-31-83-45 systemd: Reached target Switch Root.
Apr 27 21:33:30 ip-172-31-83-45 systemd: Starting Switch Root...
Apr 27 21:33:30 ip-172-31-83-45 systemd: Switching root.
Apr 27 21:33:30 ip-172-31-83-45 journal: Journal stopped
Apr 27 21:33:32 ip-172-31-83-45 journal: Runtime journal is using 6.1M (max allowed 49.1M, trying to leave 73.6M free of 478.8M available â†’ current limit 49.1M).
Apr 27 21:33:32 ip-172-31-83-45 systemd-journald[972]: Received SIGTERM from PID 1 (systemd).
Apr 27 21:33:32 ip-172-31-83-45 kernel: systemd: 13 output lines suppressed due to ratelimiting
Apr 27 21:33:32 ip-172-31-83-45 kernel: SELinux:  Disabled at runtime.
Apr 27 21:33:32 ip-172-31-83-45 kernel: audit: type=1404 audit(1651095211.088:2): selinux=0 auid=4294967295 ses=4294967295
Apr 27 21:33:32 ip-172-31-83-45 journal: Journal started
Apr 27 21:33:32 ip-172-31-83-45 systemd: systemd 219 running in system mode. (+PAM +AUDIT +SELINUX +IMA -APPARMOR +SMACK +SYSVINIT +UTMP +LIBCRYPTSETUP +GCRYPT +GNUTLS +ACL +XZ +LZ4 -SECCOMP +BLKID +ELFUTILS +KMOD +IDN)
Apr 27 21:33:32 ip-172-31-83-45 systemd: Detected virtualization xen.
Apr 27 21:33:32 ip-172-31-83-45 systemd: Detected architecture x86-64.
Apr 27 21:33:32 ip-172-31-83-45 systemd: Set hostname to <ip-172-31-56-231.ec2.internal>.
Apr 27 21:33:32 ip-172-31-83-45 systemd: Cannot add dependency job for unit display-manager.service, ignoring: Unit not found.
Apr 27 21:33:32 ip-172-31-83-45 kernel: random: crng init done
Apr 27 21:33:32 ip-172-31-83-45 kernel: random: 7 urandom warning(s) missed due to ratelimiting
Apr 27 21:33:32 ip-172-31-83-45 systemd: Started Read and set NIS domainname from /etc/sysconfig/network.
Apr 27 21:33:32 ip-172-31-83-45 systemd: Started Remount Root and Kernel File Systems.
Apr 27 21:33:32 ip-172-31-83-45 systemd: Started Setup Virtual Console.
Apr 27 21:33:32 ip-172-31-83-45 systemd: Started Create list of required static device nodes for the current kernel.
Apr 27 21:33:32 ip-172-31-83-45 systemd: Starting Create Static Device Nodes in /dev...
Apr 27 21:33:32 ip-172-31-83-45 systemd: Starting Configure read-only root support...
Apr 27 21:33:32 ip-172-31-83-45 systemd: Starting Relabel kernel modules early in the boot, if needed...
Apr 27 21:33:32 ip-172-31-83-45 systemd: Starting udev Coldplug all Devices...
Apr 27 21:33:32 ip-172-31-83-45 systemd: Starting Flush Journal to Persistent Storage...
Apr 27 21:33:32 ip-172-31-83-45 systemd: Started LVM2 metadata daemon.
Apr 27 21:33:32 ip-172-31-83-45 systemd: Started Relabel kernel modules early in the boot, if needed.
Apr 27 21:33:32 ip-172-31-83-45 systemd: Started Create Static Device Nodes in /dev.
Apr 27 21:33:32 ip-172-31-83-45 systemd: Started Configure read-only root support.
Apr 27 21:33:32 ip-172-31-83-45 systemd: Starting Load/Save Random Seed...
Apr 27 21:33:32 ip-172-31-83-45 systemd: Starting udev Kernel Device Manager...
Apr 27 21:33:32 ip-172-31-83-45 systemd: Starting Load Kernel Modules...
Apr 27 21:33:32 ip-172-31-83-45 systemd: Started Load/Save Random Seed.
Apr 27 21:33:32 ip-172-31-83-45 systemd-udevd: starting version 219
Apr 27 21:33:32 ip-172-31-83-45 systemd: Started udev Coldplug all Devices.
Apr 27 21:33:32 ip-172-31-83-45 systemd-udevd: Network interface NamePolicy= disabled on kernel command line, ignoring.
Apr 27 21:33:32 ip-172-31-83-45 systemd: Starting udev Wait for Complete Device Initialization...
Apr 27 21:33:32 ip-172-31-83-45 systemd: Started Flush Journal to Persistent Storage.
Apr 27 21:33:32 ip-172-31-83-45 systemd-modules-load: Inserted module 'ena'
Apr 27 21:33:32 ip-172-31-83-45 systemd: Started Load Kernel Modules.
Apr 27 21:33:32 ip-172-31-83-45 systemd: Starting Apply Kernel Variables...
Apr 27 21:33:32 ip-172-31-83-45 systemd: Started Apply Kernel Variables.
Apr 27 21:33:32 ip-172-31-83-45 systemd: Started udev Kernel Device Manager.
Apr 27 21:33:32 ip-172-31-83-45 systemd: Starting Show Plymouth Boot Screen...
Apr 27 21:33:32 ip-172-31-83-45 systemd: Received SIGRTMIN+20 from PID 2330 (plymouthd).
Apr 27 21:33:32 ip-172-31-83-45 systemd: Started Show Plymouth Boot Screen.
Apr 27 21:33:32 ip-172-31-83-45 systemd: Started Forward Password Requests to Plymouth Directory Watch.
Apr 27 21:33:32 ip-172-31-83-45 kernel: input: Power Button as /devices/LNXSYSTM:00/LNXPWRBN:00/input/input3
Apr 27 21:33:32 ip-172-31-83-45 kernel: ACPI: Power Button [PWRF]
Apr 27 21:33:32 ip-172-31-83-45 kernel: input: Sleep Button as /devices/LNXSYSTM:00/LNXSLPBN:00/input/input4
Apr 27 21:33:32 ip-172-31-83-45 kernel: ACPI: Sleep Button [SLPF]
Apr 27 21:33:32 ip-172-31-83-45 kernel: input: ImExPS/2 Generic Explorer Mouse as /devices/platform/i8042/serio1/input/input5
Apr 27 21:33:32 ip-172-31-83-45 systemd: Found device /dev/ttyS0.
Apr 27 21:33:32 ip-172-31-83-45 kernel: mousedev: PS/2 mouse device common for all mice
Apr 27 21:33:32 ip-172-31-83-45 systemd: Starting Relabel kernel modules early in the boot, if needed...
Apr 27 21:33:32 ip-172-31-83-45 systemd: Created slice system-ec2net\x2difup.slice.
Apr 27 21:33:32 ip-172-31-83-45 systemd: Started Relabel kernel modules early in the boot, if needed.
Apr 27 21:33:32 ip-172-31-83-45 kernel: AVX2 version of gcm_enc/dec engaged.
Apr 27 21:33:32 ip-172-31-83-45 kernel: AES CTR mode by8 optimization enabled
Apr 27 21:33:32 ip-172-31-83-45 kernel: alg: No test for pcbc(aes) (pcbc-aes-aesni)
Apr 27 21:33:32 ip-172-31-83-45 kernel: EDAC sbridge:  Ver: 1.1.2 
Apr 27 21:33:32 ip-172-31-83-45 systemd: Started udev Wait for Complete Device Initialization.
Apr 27 21:33:32 ip-172-31-83-45 systemd: Starting Activation of DM RAID sets...
Apr 27 21:33:32 ip-172-31-83-45 kernel: device-mapper: uevent: version 1.0.3
Apr 27 21:33:32 ip-172-31-83-45 kernel: device-mapper: ioctl: 4.37.0-ioctl (2017-09-20) initialised: dm-devel@redhat.com
Apr 27 21:33:32 ip-172-31-83-45 systemd: Started Monitoring of LVM2 mirrors, snapshots etc. using dmeventd or progress polling.
Apr 27 21:33:32 ip-172-31-83-45 systemd: Reached target Local File Systems (Pre).
Apr 27 21:33:33 ip-172-31-83-45 systemd: Started Activation of DM RAID sets.
Apr 27 21:33:33 ip-172-31-83-45 systemd: Reached target Local File Systems.
Apr 27 21:33:33 ip-172-31-83-45 systemd: Starting Preprocess NFS configuration...
Apr 27 21:33:33 ip-172-31-83-45 systemd: Starting Tell Plymouth To Write Out Runtime Data...
Apr 27 21:33:33 ip-172-31-83-45 systemd: Starting Create Volatile Files and Directories...
Apr 27 21:33:33 ip-172-31-83-45 systemd: Reached target Local Encrypted Volumes.
Apr 27 21:33:33 ip-172-31-83-45 systemd: Started Tell Plymouth To Write Out Runtime Data.
Apr 27 21:33:33 ip-172-31-83-45 systemd: Started Create Volatile Files and Directories.
Apr 27 21:33:33 ip-172-31-83-45 systemd: Starting Security Auditing Service...
Apr 27 21:33:33 ip-172-31-83-45 systemd: Mounting RPC Pipe File System...
Apr 27 21:33:33 ip-172-31-83-45 systemd: Started Preprocess NFS configuration.
Apr 27 21:33:33 ip-172-31-83-45 kernel: RPC: Registered named UNIX socket transport module.
Apr 27 21:33:33 ip-172-31-83-45 kernel: RPC: Registered udp transport module.
Apr 27 21:33:33 ip-172-31-83-45 kernel: RPC: Registered tcp transport module.
Apr 27 21:33:33 ip-172-31-83-45 kernel: RPC: Registered tcp NFSv4.1 backchannel transport module.
Apr 27 21:33:33 ip-172-31-83-45 systemd: Mounted RPC Pipe File System.
Apr 27 21:33:33 ip-172-31-83-45 systemd: Reached target rpc_pipefs.target.
Apr 27 21:33:33 ip-172-31-83-45 auditd: Could not open dir /var/log/audit (No such file or directory)
Apr 27 21:33:33 ip-172-31-83-45 auditd: The audit daemon is exiting.
Apr 27 21:33:33 ip-172-31-83-45 systemd: auditd.service: control process exited, code=exited status=6
Apr 27 21:33:33 ip-172-31-83-45 systemd: Failed to start Security Auditing Service.
Apr 27 21:33:33 ip-172-31-83-45 systemd: Unit auditd.service entered failed state.
Apr 27 21:33:33 ip-172-31-83-45 systemd: auditd.service failed.
Apr 27 21:33:33 ip-172-31-83-45 systemd: Starting Update UTMP about System Boot/Shutdown...
Apr 27 21:33:33 ip-172-31-83-45 systemd: Started Update UTMP about System Boot/Shutdown.
Apr 27 21:33:33 ip-172-31-83-45 systemd: Reached target System Initialization.
Apr 27 21:33:33 ip-172-31-83-45 systemd: Listening on RPCbind Server Activation Socket.
Apr 27 21:33:33 ip-172-31-83-45 systemd: Starting RPC bind service...
Apr 27 21:33:33 ip-172-31-83-45 systemd: Started Flexible branding.
Apr 27 21:33:33 ip-172-31-83-45 systemd: Reached target Paths.
Apr 27 21:33:33 ip-172-31-83-45 systemd: Started Daily Cleanup of Temporary Directories.
Apr 27 21:33:33 ip-172-31-83-45 systemd: Reached target Timers.
Apr 27 21:33:33 ip-172-31-83-45 systemd: Listening on D-Bus System Message Bus Socket.
Apr 27 21:33:33 ip-172-31-83-45 systemd: Reached target Sockets.
Apr 27 21:33:33 ip-172-31-83-45 systemd: Reached target Basic System.
Apr 27 21:33:33 ip-172-31-83-45 systemd: Starting ACPI Event Daemon...
Apr 27 21:33:33 ip-172-31-83-45 systemd: Started libstoragemgmt plug-in server daemon.
Apr 27 21:33:33 ip-172-31-83-45 acpid: starting up with netlink and the input layer
Apr 27 21:33:33 ip-172-31-83-45 acpid: skipping incomplete file /etc/acpi/events/videoconf
Apr 27 21:33:33 ip-172-31-83-45 systemd: Started irqbalance daemon.
Apr 27 21:33:33 ip-172-31-83-45 systemd: Starting GSSAPI Proxy Daemon...
Apr 27 21:33:33 ip-172-31-83-45 systemd: Starting Hardware RNG Entropy Gatherer Wake threshold service...
Apr 27 21:33:33 ip-172-31-83-45 systemd: Started Run the CVE-2021-44228 hotfix script.
Apr 27 21:33:33 ip-172-31-83-45 systemd: Starting NTP client/server...
Apr 27 21:33:33 ip-172-31-83-45 systemd: Starting Resets System Activity Logs...
Apr 27 21:33:33 ip-172-31-83-45 systemd: Starting Initial cloud-init job (pre-networking)...
Apr 27 21:33:33 ip-172-31-83-45 acpid: 2 rules loaded
Apr 27 21:33:33 ip-172-31-83-45 acpid: waiting for events: event logging is off
Apr 27 21:33:33 ip-172-31-83-45 systemd: Starting Dump dmesg to /var/log/dmesg...
Apr 27 21:33:33 ip-172-31-83-45 systemd: Starting Login Service...
Apr 27 21:33:33 ip-172-31-83-45 systemd: Started D-Bus System Message Bus.
Apr 27 21:33:33 ip-172-31-83-45 log4j-cve-2021-44228-hotpatch: [log4j-hotpatch] Starting up now...
Apr 27 21:33:33 ip-172-31-83-45 root: Starting up now...
Apr 27 21:33:33 ip-172-31-83-45 dbus[2489]: [system] Successfully activated service 'org.freedesktop.systemd1'
Apr 27 21:33:33 ip-172-31-83-45 /usr/sbin/irqbalance: Balancing is ineffective on systems with a single cpu.  Shutting down
Apr 27 21:33:33 ip-172-31-83-45 systemd: Started RPC bind service.
Apr 27 21:33:33 ip-172-31-83-45 systemd: Started ACPI Event Daemon.
Apr 27 21:33:33 ip-172-31-83-45 systemd: Started Hardware RNG Entropy Gatherer Wake threshold service.
Apr 27 21:33:33 ip-172-31-83-45 systemd: Started Resets System Activity Logs.
Apr 27 21:33:33 ip-172-31-83-45 systemd: Started Dump dmesg to /var/log/dmesg.
Apr 27 21:33:33 ip-172-31-83-45 log4j-cve-2021-44228-hotpatch: [log4j-hotpatch] No JVMs found, exiting gracefully
Apr 27 21:33:33 ip-172-31-83-45 systemd-logind: New seat seat0.
Apr 27 21:33:33 ip-172-31-83-45 systemd: Started Login Service.
Apr 27 21:33:33 ip-172-31-83-45 systemd: Started Hardware RNG Entropy Gatherer Daemon.
Apr 27 21:33:33 ip-172-31-83-45 root: No JVMs found, exiting gracefully
Apr 27 21:33:33 ip-172-31-83-45 chronyd[2516]: chronyd version 4.0 starting (+CMDMON +NTP +REFCLOCK +RTC +PRIVDROP +SCFILTER +SIGND +ASYNCDNS -NTS +SECHASH +IPV6 +DEBUG)
Apr 27 21:33:33 ip-172-31-83-45 chronyd[2516]: Frequency -9.248 +/- 3.683 ppm read from /var/lib/chrony/drift
Apr 27 21:33:33 ip-172-31-83-45 systemd: Started NTP client/server.
Apr 27 21:33:33 ip-172-31-83-45 systemd: Started GSSAPI Proxy Daemon.
Apr 27 21:33:33 ip-172-31-83-45 systemd: Reached target NFS client services.
Apr 27 21:33:33 ip-172-31-83-45 systemd: Reached target Remote File Systems (Pre).
Apr 27 21:33:33 ip-172-31-83-45 systemd: Reached target Remote File Systems.
Apr 27 21:33:33 ip-172-31-83-45 rngd: Disabling 5: JITTER Entropy generator (jitter)
Apr 27 21:33:33 ip-172-31-83-45 rngd: Initializing available sources
Apr 27 21:33:33 ip-172-31-83-45 rngd: Failed to init entropy source hwrng
Apr 27 21:33:33 ip-172-31-83-45 rngd: Enabling RDRAND rng support
Apr 27 21:33:33 ip-172-31-83-45 rngd: Initializing entropy source rdrand
Apr 27 21:33:34 ip-172-31-83-45 cloud-init: Cloud-init v. 19.3-45.amzn2 running 'init-local' at Wed, 27 Apr 2022 21:33:34 +0000. Up 7.93 seconds.
Apr 27 21:33:35 ip-172-31-83-45 systemd: Started Initial cloud-init job (pre-networking).
Apr 27 21:33:35 ip-172-31-83-45 systemd: Reached target Network (Pre).
Apr 27 21:33:35 ip-172-31-83-45 systemd: Starting LSB: Bring up/down networking...
Apr 27 21:33:35 ip-172-31-83-45 network: Bringing up loopback interface:  [  OK  ]
Apr 27 21:33:35 ip-172-31-83-45 network: Bringing up interface eth0:
Apr 27 21:33:35 ip-172-31-83-45 dhclient[2656]: DHCPDISCOVER on eth0 to 255.255.255.255 port 67 interval 6 (xid=0xfdf160c)
Apr 27 21:33:35 ip-172-31-83-45 dhclient[2656]: DHCPREQUEST on eth0 to 255.255.255.255 port 67 (xid=0xfdf160c)
Apr 27 21:33:35 ip-172-31-83-45 dhclient[2656]: DHCPOFFER from 172.31.80.1
Apr 27 21:33:35 ip-172-31-83-45 dhclient[2656]: DHCPACK from 172.31.80.1 (xid=0xfdf160c)
Apr 27 21:33:35 ip-172-31-83-45 NET: dhclient: Locked /run/dhclient/resolv.lock
Apr 27 21:33:35 ip-172-31-83-45 NET[2715]: /usr/sbin/dhclient-script : updated /etc/resolv.conf
Apr 27 21:33:35 ip-172-31-83-45 dhclient[2656]: bound to 172.31.83.45 -- renewal in 1390 seconds.
Apr 27 21:33:35 ip-172-31-83-45 ec2net: [get_meta] Querying IMDS for meta-data/network/interfaces/macs/12:ec:97:0c:fc:75/local-ipv4s
Apr 27 21:33:35 ip-172-31-83-45 ec2net: [get_meta] Getting token for IMDSv2.
Apr 27 21:33:35 ip-172-31-83-45 network: Determining IP information for eth0... done.
Apr 27 21:33:35 ip-172-31-83-45 ec2net: [get_meta] Trying to get http://169.254.169.254/latest/meta-data/network/interfaces/macs/12:ec:97:0c:fc:75/
Apr 27 21:33:35 ip-172-31-83-45 ec2net: [get_meta] Trying to get http://169.254.169.254/latest/meta-data/network/interfaces/macs/12:ec:97:0c:fc:75/local-ipv4s
Apr 27 21:33:35 ip-172-31-83-45 ec2net: [remove_aliases] Removing aliases of eth0
Apr 27 21:33:35 ip-172-31-83-45 network: Determining IPv6 information for eth0... done.
Apr 27 21:33:35 ip-172-31-83-45 network: [  OK  ]
Apr 27 21:33:35 ip-172-31-83-45 systemd: Started LSB: Bring up/down networking.
Apr 27 21:33:35 ip-172-31-83-45 systemd: Reached target Network.
Apr 27 21:33:35 ip-172-31-83-45 systemd: Starting Postfix Mail Transport Agent...
Apr 27 21:33:35 ip-172-31-83-45 systemd: Starting Initial cloud-init job (metadata service crawler)...
Apr 27 21:33:35 ip-172-31-83-45 dhclient[2776]: XMT: Solicit on eth0, interval 1090ms.
Apr 27 21:33:36 ip-172-31-83-45 cloud-init: Cloud-init v. 19.3-45.amzn2 running 'init' at Wed, 27 Apr 2022 21:33:36 +0000. Up 9.04 seconds.
Apr 27 21:33:36 ip-172-31-83-45 cloud-init: ci-info: +++++++++++++++++++++++++++++++++++++++Net device info+++++++++++++++++++++++++++++++++++++++
Apr 27 21:33:36 ip-172-31-83-45 cloud-init: ci-info: +--------+------+------------------------------+---------------+--------+-------------------+
Apr 27 21:33:36 ip-172-31-83-45 cloud-init: ci-info: | Device |  Up  |           Address            |      Mask     | Scope  |     Hw-Address    |
Apr 27 21:33:36 ip-172-31-83-45 cloud-init: ci-info: +--------+------+------------------------------+---------------+--------+-------------------+
Apr 27 21:33:36 ip-172-31-83-45 cloud-init: ci-info: |  eth0  | True |         172.31.83.45         | 255.255.240.0 | global | 12:ec:97:0c:fc:75 |
Apr 27 21:33:36 ip-172-31-83-45 cloud-init: ci-info: |  eth0  | True | fe80::10ec:97ff:fe0c:fc75/64 |       .       |  link  | 12:ec:97:0c:fc:75 |
Apr 27 21:33:36 ip-172-31-83-45 cloud-init: ci-info: |   lo   | True |          127.0.0.1           |   255.0.0.0   |  host  |         .         |
Apr 27 21:33:36 ip-172-31-83-45 cloud-init: ci-info: |   lo   | True |           ::1/128            |       .       |  host  |         .         |
Apr 27 21:33:36 ip-172-31-83-45 cloud-init: ci-info: +--------+------+------------------------------+---------------+--------+-------------------+
Apr 27 21:33:36 ip-172-31-83-45 cloud-init: ci-info: ++++++++++++++++++++++++++++++++Route IPv4 info++++++++++++++++++++++++++++++++
Apr 27 21:33:36 ip-172-31-83-45 cloud-init: ci-info: +-------+-----------------+-------------+-----------------+-----------+-------+
Apr 27 21:33:36 ip-172-31-83-45 cloud-init: ci-info: | Route |   Destination   |   Gateway   |     Genmask     | Interface | Flags |
Apr 27 21:33:36 ip-172-31-83-45 cloud-init: ci-info: +-------+-----------------+-------------+-----------------+-----------+-------+
Apr 27 21:33:36 ip-172-31-83-45 cloud-init: ci-info: |   0   |     0.0.0.0     | 172.31.80.1 |     0.0.0.0     |    eth0   |   UG  |
Apr 27 21:33:36 ip-172-31-83-45 cloud-init: ci-info: |   1   | 169.254.169.254 |   0.0.0.0   | 255.255.255.255 |    eth0   |   UH  |
Apr 27 21:33:36 ip-172-31-83-45 cloud-init: ci-info: |   2   |   172.31.80.0   |   0.0.0.0   |  255.255.240.0  |    eth0   |   U   |
Apr 27 21:33:36 ip-172-31-83-45 cloud-init: ci-info: +-------+-----------------+-------------+-----------------+-----------+-------+
Apr 27 21:33:36 ip-172-31-83-45 cloud-init: ci-info: +++++++++++++++++++Route IPv6 info+++++++++++++++++++
Apr 27 21:33:36 ip-172-31-83-45 cloud-init: ci-info: +-------+-------------+---------+-----------+-------+
Apr 27 21:33:36 ip-172-31-83-45 cloud-init: ci-info: | Route | Destination | Gateway | Interface | Flags |
Apr 27 21:33:36 ip-172-31-83-45 cloud-init: ci-info: +-------+-------------+---------+-----------+-------+
Apr 27 21:33:36 ip-172-31-83-45 cloud-init: ci-info: |   9   |  fe80::/64  |    ::   |    eth0   |   U   |
Apr 27 21:33:36 ip-172-31-83-45 cloud-init: ci-info: |   11  |    local    |    ::   |    eth0   |   U   |
Apr 27 21:33:36 ip-172-31-83-45 cloud-init: ci-info: |   12  |   ff00::/8  |    ::   |    eth0   |   U   |
Apr 27 21:33:36 ip-172-31-83-45 cloud-init: ci-info: +-------+-------------+---------+-----------+-------+
Apr 27 21:33:36 ip-172-31-83-45 dbus[2489]: [system] Activating via systemd: service name='org.freedesktop.hostname1' unit='dbus-org.freedesktop.hostname1.service'
Apr 27 21:33:36 ip-172-31-83-45 systemd: Starting Hostname Service...
Apr 27 21:33:36 ip-172-31-83-45 dbus[2489]: [system] Successfully activated service 'org.freedesktop.hostname1'
Apr 27 21:33:36 ip-172-31-83-45 systemd: Started Hostname Service.
Apr 27 21:33:36 ip-172-31-83-45 systemd-hostnamed: Changed static host name to 'ip-172-31-83-45.ec2.internal'
Apr 27 21:33:36 ip-172-31-83-45 systemd-hostnamed: Changed host name to 'ip-172-31-83-45.ec2.internal'
Apr 27 21:33:36 ip-172-31-83-45 systemd: Started Postfix Mail Transport Agent.
Apr 27 21:33:36 ip-172-31-83-45 dhclient[2776]: XMT: Solicit on eth0, interval 2110ms.
Apr 27 21:33:37 ip-172-31-83-45 systemd: Started Initial cloud-init job (metadata service crawler).
Apr 27 21:33:37 ip-172-31-83-45 systemd: Starting OpenSSH Server Key Generation...
Apr 27 21:33:37 ip-172-31-83-45 systemd: Starting Permit User Sessions...
Apr 27 21:33:37 ip-172-31-83-45 systemd: Reached target Cloud-config availability.
Apr 27 21:33:37 ip-172-31-83-45 systemd: Reached target Network is Online.
Apr 27 21:33:37 ip-172-31-83-45 systemd: Started amazon-ssm-agent.
Apr 27 21:33:37 ip-172-31-83-45 systemd: Starting Notify NFS peers of a restart...
Apr 27 21:33:37 ip-172-31-83-45 systemd: Starting Dynamically Generate Message Of The Day...
Apr 27 21:33:37 ip-172-31-83-45 systemd: Starting System Logging Service...
Apr 27 21:33:37 ip-172-31-83-45 systemd: Starting Apply the settings specified in cloud-config...
Apr 27 21:33:37 ip-172-31-83-45 systemd: Starting Finds and configures elastic network interfaces...
Apr 27 21:33:37 ip-172-31-83-45 sm-notify[2969]: Version 1.3.0 starting
Apr 27 21:33:37 ip-172-31-83-45 systemd: Started Permit User Sessions.
Apr 27 21:33:37 ip-172-31-83-45 systemd: Started Notify NFS peers of a restart.
Apr 27 21:33:37 ip-172-31-83-45 systemd: Started Job spooling tools.
Apr 27 21:33:37 ip-172-31-83-45 systemd: Started Command Scheduler.
Apr 27 21:33:37 ip-172-31-83-45 systemd: Starting Wait for Plymouth Boot Screen to Quit...
Apr 27 21:33:37 ip-172-31-83-45 systemd: Starting Terminate Plymouth Boot Screen...
Apr 27 21:33:37 ip-172-31-83-45 ec2net: [ec2ifscan] Scanning for unconfigured interfaces
Apr 27 21:33:37 ip-172-31-83-45 rsyslogd: [origin software="rsyslogd" swVersion="8.24.0-57.amzn2.1" x-pid="2971" x-info="http://www.rsyslog.com"] start
Apr 27 21:33:37 ip-172-31-83-45 systemd: Started System Logging Service.
Apr 27 21:33:37 ip-172-31-83-45 systemd: Started Finds and configures elastic network interfaces.
Apr 27 21:33:37 ip-172-31-83-45 systemd: Started Dynamically Generate Message Of The Day.
Apr 27 21:33:37 ip-172-31-83-45 sshd-keygen: Generating SSH2 RSA host key: [  OK  ]
Apr 27 21:33:37 ip-172-31-83-45 sshd-keygen: Generating SSH2 ECDSA host key: [  OK  ]
Apr 27 21:33:37 ip-172-31-83-45 sshd-keygen: Generating SSH2 ED25519 host key: [  OK  ]
Apr 27 21:33:37 ip-172-31-83-45 systemd: Started OpenSSH Server Key Generation.
Apr 27 21:33:37 ip-172-31-83-45 systemd: Starting EC2 Instance Connect Host Key Harvesting...
Apr 27 21:33:37 ip-172-31-83-45 systemd: Starting OpenSSH server daemon...
Apr 27 21:33:37 ip-172-31-83-45 systemd: Started OpenSSH server daemon.
Apr 27 21:33:37 ip-172-31-83-45 amazon-ssm-agent: Error occurred fetching the seelog config file path:  open /etc/amazon/ssm/seelog.xml: no such file or directory
Apr 27 21:33:37 ip-172-31-83-45 amazon-ssm-agent: Initializing new seelog logger
Apr 27 21:33:37 ip-172-31-83-45 amazon-ssm-agent: New Seelog Logger Creation Complete
Apr 27 21:33:37 ip-172-31-83-45 systemd: Received SIGRTMIN+21 from PID 2330 (plymouthd).
Apr 27 21:33:37 ip-172-31-83-45 systemd: Started Terminate Plymouth Boot Screen.
Apr 27 21:33:37 ip-172-31-83-45 amazon-ssm-agent: 2022-04-27 21:33:37 INFO Agent will take identity from EC2
Apr 27 21:33:37 ip-172-31-83-45 systemd: Started Wait for Plymouth Boot Screen to Quit.
Apr 27 21:33:37 ip-172-31-83-45 systemd: Started Serial Getty on ttyS0.
Apr 27 21:33:37 ip-172-31-83-45 systemd: Started Getty on tty1.
Apr 27 21:33:37 ip-172-31-83-45 systemd: Reached target Login Prompts.
Apr 27 21:33:37 ip-172-31-83-45 amazon-ssm-agent: 2022-04-27 21:33:37 INFO [amazon-ssm-agent] using named pipe channel for IPC
Apr 27 21:33:38 ip-172-31-83-45 amazon-ssm-agent: 2022-04-27 21:33:37 INFO [amazon-ssm-agent] using named pipe channel for IPC
Apr 27 21:33:38 ip-172-31-83-45 cloud-init: Cloud-init v. 19.3-45.amzn2 running 'modules:config' at Wed, 27 Apr 2022 21:33:38 +0000. Up 11.07 seconds.
Apr 27 21:33:38 ip-172-31-83-45 amazon-ssm-agent: 2022-04-27 21:33:37 INFO [amazon-ssm-agent] using named pipe channel for IPC
Apr 27 21:33:38 ip-172-31-83-45 systemd: Started Apply the settings specified in cloud-config.
Apr 27 21:33:38 ip-172-31-83-45 systemd: Starting Execute cloud user/final scripts...
Apr 27 21:33:38 ip-172-31-83-45 systemd: Starting Initial hibernation setup job...
Apr 27 21:33:38 ip-172-31-83-45 amazon-ssm-agent: 2022-04-27 21:33:37 INFO [amazon-ssm-agent] amazon-ssm-agent - v3.0.1124.0
Apr 27 21:33:38 ip-172-31-83-45 amazon-ssm-agent: 2022-04-27 21:33:37 INFO [amazon-ssm-agent] OS: linux, Arch: amd64
Apr 27 21:33:38 ip-172-31-83-45 hibinit-agent: Effective config: {'grub_update': True, 'swap_percentage': 100, 'log_to_syslog': True, 'touch_swap': False, 'state_dir': '/var/lib/hibinit-agent', 'swapoff': 'swapoff {swapfile}', 'mkswap': 'mkswap {swapfile}', 'swapon': 'swapon {swapfile}', 'swap_mb': 4000}
Apr 27 21:33:38 ip-172-31-83-45 hibinit-agent: Requesting new IMDSv2 token.
Apr 27 21:33:38 ip-172-31-83-45 hibinit-agent: Instance Launch has not enabled Hibernation Configured Flag. hibinit-agent exiting!!
Apr 27 21:33:38 ip-172-31-83-45 systemd: Stopping ACPI Event Daemon...
Apr 27 21:33:38 ip-172-31-83-45 acpid: exiting
Apr 27 21:33:38 ip-172-31-83-45 systemd: Stopped ACPI Event Daemon.
Apr 27 21:33:38 ip-172-31-83-45 systemd: Starting ACPI Event Daemon...
Apr 27 21:33:38 ip-172-31-83-45 systemd: Started ACPI Event Daemon.
Apr 27 21:33:38 ip-172-31-83-45 systemd: Started Initial hibernation setup job.
Apr 27 21:33:38 ip-172-31-83-45 acpid: starting up with netlink and the input layer
Apr 27 21:33:38 ip-172-31-83-45 acpid: skipping incomplete file /etc/acpi/events/videoconf
Apr 27 21:33:38 ip-172-31-83-45 acpid: 2 rules loaded
Apr 27 21:33:38 ip-172-31-83-45 acpid: waiting for events: event logging is off
Apr 27 21:33:38 ip-172-31-83-45 cloud-init: Cloud-init v. 19.3-45.amzn2 running 'modules:final' at Wed, 27 Apr 2022 21:33:38 +0000. Up 11.68 seconds.
Apr 27 21:33:38 ip-172-31-83-45 [eb-cfn-init]: [2022-04-27T21:33:38Z] Started EB User Data
Apr 27 21:33:38 ip-172-31-83-45 [eb-cfn-init]: + SLEEP_TIME=10
Apr 27 21:33:38 ip-172-31-83-45 [eb-cfn-init]: + SLEEP_TIME_MAX=3600
Apr 27 21:33:38 ip-172-31-83-45 [eb-cfn-init]: + true
Apr 27 21:33:38 ip-172-31-83-45 [eb-cfn-init]: + curl https://elasticbeanstalk-platform-assets-us-east-1.s3.amazonaws.com/stalks/eb_tomcat85corretto11_amazon_linux_2_1.0.1194.0_20220328181339/lib/UserDataScript.sh
Apr 27 21:33:38 ip-172-31-83-45 [eb-cfn-init]:  % Total    % Received % Xferd  Average Speed   Time    Time     Time  Current
Apr 27 21:33:38 ip-172-31-83-45 [eb-cfn-init]:                                 Dload  Upload   Total   Spent    Left  Speed
Apr 27 21:33:38 ip-172-31-83-45 [eb-cfn-init]: #015  0     0    0     0    0     0      0      0 --:--:-- --:--:-- --:--:--     0#015100  4627  100  4627    0     0  61112      0 --:--:-- --:--:-- --:--:-- 61693
Apr 27 21:33:38 ip-172-31-83-45 [eb-cfn-init]: [2022-04-27T21:33:38.884Z] Started EB Bootstrapping Script.
Apr 27 21:33:38 ip-172-31-83-45 amazon-ssm-agent: 2022-04-27 21:33:38 INFO [amazon-ssm-agent] [LongRunningWorkerContainer] [WorkerProvider] Worker ssm-agent-worker is not running, starting worker process
Apr 27 21:33:38 ip-172-31-83-45 amazon-ssm-agent: 2022-04-27 21:33:38 INFO [amazon-ssm-agent] [LongRunningWorkerContainer] [WorkerProvider] Worker ssm-agent-worker (pid:3157) started
Apr 27 21:33:38 ip-172-31-83-45 [eb-cfn-init]: + RESULT=0
Apr 27 21:33:38 ip-172-31-83-45 [eb-cfn-init]: + [[ 0 -ne 0 ]]
Apr 27 21:33:38 ip-172-31-83-45 [eb-cfn-init]: [2022-04-27T21:33:38.897Z] Received parameters:
Apr 27 21:33:38 ip-172-31-83-45 [eb-cfn-init]: + SLEEP_TIME=2
Apr 27 21:33:38 ip-172-31-83-45 [eb-cfn-init]: + /bin/bash /tmp/ebbootstrap.sh 'https://cloudformation-waitcondition-us-east-1.s3.amazonaws.com/arn%3Aaws%3Acloudformation%3Aus-east-1%3A757337477225%3Astack/awseb-e-d9uzbqptrc-stack/78904e50-c671-11ec-a7bc-0abcc9025829/AWSEBInstanceLaunchWaitHandle?X-Amz-Algorithm=AWS4-HMAC-SHA256&X-Amz-Date=20220427T213209Z&X-Amz-SignedHeaders=host&X-Amz-Expires=86399&X-Amz-Credential=AKIA6L7Q4OWT2GZYHG7N%2F20220427%2Fus-east-1%2Fs3%2Faws4_request&X-Amz-Signature=d8560858355cc4707034443a704ea617f2c3faaea810a08e19595390b276736a' arn:aws:cloudformation:us-east-1:757337477225:stack/awseb-e-d9uzbqptrc-stack/78904e50-c671-11ec-a7bc-0abcc9025829 edb07c24-ff4b-44dc-9ff3-a472d9df86f9 https://elasticbeanstalk-health.us-east-1.amazonaws.com '' https://elasticbeanstalk-platform-assets-us-east-1.s3.amazonaws.com/stalks/eb_tomcat85corretto11_amazon_linux_2_1.0.1194.0_20220328181339 us-east-1
Apr 27 21:33:38 ip-172-31-83-45 dhclient[2776]: XMT: Solicit on eth0, interval 4010ms.
Apr 27 21:33:38 ip-172-31-83-45 [eb-cfn-init]: TARBALLS =
Apr 27 21:33:38 ip-172-31-83-45 [eb-cfn-init]: EB_GEMS =
Apr 27 21:33:38 ip-172-31-83-45 [eb-cfn-init]: SIGNAL_URL = https://cloudformation-waitcondition-us-east-1.s3.amazonaws.com/arn%3Aaws%3Acloudformation%3Aus-east-1%3A757337477225%3Astack/awseb-e-d9uzbqptrc-stack/78904e50-c671-11ec-a7bc-0abcc9025829/AWSEBInstanceLaunchWaitHandle?X-Amz-Algorithm=AWS4-HMAC-SHA256&X-Amz-Date=20220427T213209Z&X-Amz-SignedHeaders=host&X-Amz-Expires=86399&X-Amz-Credential=AKIA6L7Q4OWT2GZYHG7N%2F20220427%2Fus-east-1%2Fs3%2Faws4_request&X-Amz-Signature=d8560858355cc4707034443a704ea617f2c3faaea810a08e19595390b276736a
Apr 27 21:33:38 ip-172-31-83-45 amazon-ssm-agent: 2022-04-27 21:33:38 INFO [amazon-ssm-agent] [LongRunningWorkerContainer] Monitor long running worker health every 60 seconds
Apr 27 21:33:38 ip-172-31-83-45 [eb-cfn-init]: STACK_ID = arn:aws:cloudformation:us-east-1:757337477225:stack/awseb-e-d9uzbqptrc-stack/78904e50-c671-11ec-a7bc-0abcc9025829
Apr 27 21:33:39 ip-172-31-83-45 [eb-cfn-init]: REGION = us-east-1
Apr 27 21:33:39 ip-172-31-83-45 [eb-cfn-init]: GUID =
Apr 27 21:33:39 ip-172-31-83-45 [eb-cfn-init]: HEALTHD_GROUP_ID = edb07c24-ff4b-44dc-9ff3-a472d9df86f9
Apr 27 21:33:39 ip-172-31-83-45 [eb-cfn-init]: HEALTHD_ENDPOINT = https://elasticbeanstalk-health.us-east-1.amazonaws.com
Apr 27 21:33:39 ip-172-31-83-45 [eb-cfn-init]: PROXY_SERVER =
Apr 27 21:33:39 ip-172-31-83-45 [eb-cfn-init]: HEALTHD_PROXY_LOG_LOCATION =
Apr 27 21:33:39 ip-172-31-83-45 [eb-cfn-init]: PLATFORM_ASSETS_URL = https://elasticbeanstalk-platform-assets-us-east-1.s3.amazonaws.com/stalks/eb_tomcat85corretto11_amazon_linux_2_1.0.1194.0_20220328181339
Apr 27 21:33:39 ip-172-31-83-45 [eb-cfn-init]: [2022-04-27T21:33:38.911Z] engine url is set to https://elasticbeanstalk-platform-assets-us-east-1.s3.amazonaws.com/stalks/eb_tomcat85corretto11_amazon_linux_2_1.0.1194.0_20220328181339/lib/platform-engine.zip
Apr 27 21:33:39 ip-172-31-83-45 [eb-cfn-init]: [2022-04-27T21:33:38.962Z] first init of instance.
Apr 27 21:33:39 ip-172-31-83-45 [eb-cfn-init]: [2022-04-27T21:33:39.997Z] Started executing cfn_init _OnInstanceBoot.
Apr 27 21:33:39 ip-172-31-83-45 [eb-cfn-init]: [2022-04-27T21:33:39.014Z] Running cfn-init ConfigSet: _OnInstanceBoot.
Apr 27 21:33:39 ip-172-31-83-45 [eb-cfn-init]: [2022-04-27T21:33:39.033Z] Using stack-id from userdata
Apr 27 21:33:39 ip-172-31-83-45 chronyd[2516]: Selected source 169.254.169.123
Apr 27 21:33:40 ip-172-31-83-45 [eb-cfn-init]: [2022-04-27T21:33:40.427Z] Command Returned:
Apr 27 21:33:40 ip-172-31-83-45 [eb-cfn-init]: [2022-04-27T21:33:40.433Z] Completed executing cfn_init.
Apr 27 21:33:40 ip-172-31-83-45 [eb-cfn-init]: [2022-04-27T21:33:40.441Z] finished _OnInstanceBoot
Apr 27 21:33:40 ip-172-31-83-45 [eb-cfn-init]: --2022-04-27 21:33:40--  https://elasticbeanstalk-platform-assets-us-east-1.s3.amazonaws.com/stalks/eb_tomcat85corretto11_amazon_linux_2_1.0.1194.0_20220328181339/lib/platform-engine.zip
Apr 27 21:33:40 ip-172-31-83-45 [eb-cfn-init]: Resolving elasticbeanstalk-platform-assets-us-east-1.s3.amazonaws.com (elasticbeanstalk-platform-assets-us-east-1.s3.amazonaws.com)... 52.216.179.75
Apr 27 21:33:40 ip-172-31-83-45 [eb-cfn-init]: Connecting to elasticbeanstalk-platform-assets-us-east-1.s3.amazonaws.com (elasticbeanstalk-platform-assets-us-east-1.s3.amazonaws.com)|52.216.179.75|:443... connected.
Apr 27 21:33:40 ip-172-31-83-45 [eb-cfn-init]: HTTP request sent, awaiting response... 200 OK
Apr 27 21:33:40 ip-172-31-83-45 [eb-cfn-init]: Length: 26728073 (25M) [application/zip]
Apr 27 21:33:40 ip-172-31-83-45 [eb-cfn-init]: Saving to: â€˜/tmp/platform-engine.zipâ€™
Apr 27 21:33:40 ip-172-31-83-45 [eb-cfn-init]: 
Apr 27 21:33:40 ip-172-31-83-45 [eb-cfn-init]:     0K .......... .......... .......... .......... ..........  0% 7.01M 4s
Apr 27 21:33:40 ip-172-31-83-45 [eb-cfn-init]:    50K .......... .......... .......... .......... ..........  0% 8.14M 3s
Apr 27 21:33:40 ip-172-31-83-45 [eb-cfn-init]:   100K .......... .......... .......... .......... ..........  0% 7.71M 3s
Apr 27 21:33:40 ip-172-31-83-45 [eb-cfn-init]:   150K .......... .......... .......... .......... ..........  0% 16.7M 3s
Apr 27 21:33:40 ip-172-31-83-45 [eb-cfn-init]:   200K .......... .......... .......... .......... ..........  0% 6.80M 3s
Apr 27 21:33:40 ip-172-31-83-45 [eb-cfn-init]:   250K .......... .......... .......... .......... ..........  1%  157M 3s
Apr 27 21:33:40 ip-172-31-83-45 [eb-cfn-init]:   300K .......... .......... .......... .......... ..........  1% 65.7M 2s
Apr 27 21:33:40 ip-172-31-83-45 [eb-cfn-init]:   350K .......... .......... .......... .......... ..........  1% 8.24M 2s
Apr 27 21:33:40 ip-172-31-83-45 [eb-cfn-init]:   400K .......... .......... .......... .......... ..........  1% 7.02M 2s
Apr 27 21:33:40 ip-172-31-83-45 [eb-cfn-init]:   450K .......... .......... .......... .......... ..........  1%  188M 2s
Apr 27 21:33:40 ip-172-31-83-45 [eb-cfn-init]:   500K .......... .......... .......... .......... ..........  2% 7.44M 2s
Apr 27 21:33:40 ip-172-31-83-45 [eb-cfn-init]:   550K .......... .......... .......... .......... ..........  2% 62.6M 2s
Apr 27 21:33:40 ip-172-31-83-45 [eb-cfn-init]:   600K .......... .......... .......... .......... ..........  2% 7.09M 2s
Apr 27 21:33:40 ip-172-31-83-45 [eb-cfn-init]:   650K .......... .......... .......... .......... ..........  2%  132M 2s
Apr 27 21:33:40 ip-172-31-83-45 [eb-cfn-init]:   700K .......... .......... .......... .......... ..........  2% 6.97M 2s
Apr 27 21:33:40 ip-172-31-83-45 [eb-cfn-init]:   750K .......... .......... .......... .......... ..........  3% 6.95M 2s
Apr 27 21:33:40 ip-172-31-83-45 [eb-cfn-init]:   800K .......... .......... .......... .......... ..........  3%  216M 2s
Apr 27 21:33:40 ip-172-31-83-45 [eb-cfn-init]:   850K .......... .......... .......... .......... ..........  3% 7.44M 2s
Apr 27 21:33:40 ip-172-31-83-45 [eb-cfn-init]:   900K .......... .......... .......... .......... ..........  3%  212M 2s
Apr 27 21:33:40 ip-172-31-83-45 [eb-cfn-init]:   950K .......... .......... .......... .......... ..........  3% 50.9M 2s
Apr 27 21:33:40 ip-172-31-83-45 [eb-cfn-init]:  1000K .......... .......... .......... .......... ..........  4% 7.86M 2s
Apr 27 21:33:40 ip-172-31-83-45 [eb-cfn-init]:  1050K .......... .......... .......... .......... ..........  4% 8.48M 2s
Apr 27 21:33:40 ip-172-31-83-45 [eb-cfn-init]:  1100K .......... .......... .......... .......... ..........  4%  122M 2s
Apr 27 21:33:40 ip-172-31-83-45 [eb-cfn-init]:  1150K .......... .......... .......... .......... ..........  4%  143M 2s
Apr 27 21:33:40 ip-172-31-83-45 [eb-cfn-init]:  1200K .......... .......... .......... .......... ..........  4% 7.70M 2s
Apr 27 21:33:40 ip-172-31-83-45 [eb-cfn-init]:  1250K .......... .......... .......... .......... ..........  4%  165M 2s
Apr 27 21:33:40 ip-172-31-83-45 [eb-cfn-init]:  1300K .......... .......... .......... .......... ..........  5% 8.37M 2s
Apr 27 21:33:40 ip-172-31-83-45 [eb-cfn-init]:  1350K .......... .......... .......... .......... ..........  5%  218M 2s
Apr 27 21:33:40 ip-172-31-83-45 [eb-cfn-init]:  1400K .......... .......... .......... .......... ..........  5% 7.70M 2s
Apr 27 21:33:40 ip-172-31-83-45 [eb-cfn-init]:  1450K .......... .......... .......... .......... ..........  5%  223M 2s
Apr 27 21:33:40 ip-172-31-83-45 [eb-cfn-init]:  1500K .......... .......... .......... .......... ..........  5%  243M 2s
Apr 27 21:33:40 ip-172-31-83-45 [eb-cfn-init]:  1550K .......... .......... .......... .......... ..........  6%  192M 2s
Apr 27 21:33:40 ip-172-31-83-45 [eb-cfn-init]:  1600K .......... .......... .......... .......... ..........  6% 7.79M 2s
Apr 27 21:33:40 ip-172-31-83-45 [eb-cfn-init]:  1650K .......... .......... .......... .......... ..........  6%  224M 2s
Apr 27 21:33:40 ip-172-31-83-45 [eb-cfn-init]:  1700K .......... .......... .......... .......... ..........  6%  223M 2s
Apr 27 21:33:40 ip-172-31-83-45 [eb-cfn-init]:  1750K .......... .......... .......... .......... ..........  6% 7.39M 2s
Apr 27 21:33:40 ip-172-31-83-45 [eb-cfn-init]:  1800K .......... .......... .......... .......... ..........  7%  149M 2s
Apr 27 21:33:40 ip-172-31-83-45 [eb-cfn-init]:  1850K .......... .......... .......... .......... ..........  7% 7.61M 2s
Apr 27 21:33:40 ip-172-31-83-45 [eb-cfn-init]:  1900K .......... .......... .......... .......... ..........  7%  216M 2s
Apr 27 21:33:40 ip-172-31-83-45 [eb-cfn-init]:  1950K .......... .......... .......... .......... ..........  7%  130M 2s
Apr 27 21:33:40 ip-172-31-83-45 [eb-cfn-init]:  2000K .......... .......... .......... .......... ..........  7%  159M 2s
Apr 27 21:33:40 ip-172-31-83-45 [eb-cfn-init]:  2050K .......... .......... .......... .......... ..........  8% 55.4M 2s
Apr 27 21:33:41 ip-172-31-83-45 [eb-cfn-init]:  2100K .......... .......... .......... .......... ..........  8% 7.34M 2s
Apr 27 21:33:41 ip-172-31-83-45 [eb-cfn-init]:  2150K .......... .......... .......... .......... ..........  8%  149M 2s
Apr 27 21:33:41 ip-172-31-83-45 [eb-cfn-init]:  2200K .......... .......... .......... .......... ..........  8%  160M 2s
Apr 27 21:33:41 ip-172-31-83-45 [eb-cfn-init]:  2250K .......... .......... .......... .......... ..........  8% 7.41M 2s
Apr 27 21:33:41 ip-172-31-83-45 [eb-cfn-init]:  2300K .......... .......... .......... .......... ..........  9%  116M 2s
Apr 27 21:33:41 ip-172-31-83-45 [eb-cfn-init]:  2350K .......... .......... .......... .......... ..........  9%  239M 1s
Apr 27 21:33:41 ip-172-31-83-45 [eb-cfn-init]:  2400K .......... .......... .......... .......... ..........  9%  207M 1s
Apr 27 21:33:41 ip-172-31-83-45 [eb-cfn-init]:  2450K .......... .......... .......... .......... ..........  9%  171M 1s
Apr 27 21:33:41 ip-172-31-83-45 [eb-cfn-init]:  2500K .......... .......... .......... .......... ..........  9% 71.2M 1s
Apr 27 21:33:41 ip-172-31-83-45 [eb-cfn-init]:  2550K .......... .......... .......... .......... ..........  9% 7.04M 1s
Apr 27 21:33:41 ip-172-31-83-45 [eb-cfn-init]:  2600K .......... .......... .......... .......... .......... 10%  115M 1s
Apr 27 21:33:41 ip-172-31-83-45 [eb-cfn-init]:  2650K .......... .......... .......... .......... .......... 10%  145M 1s
Apr 27 21:33:41 ip-172-31-83-45 [eb-cfn-init]:  2700K .......... .......... .......... .......... .......... 10% 77.2M 1s
Apr 27 21:33:41 ip-172-31-83-45 [eb-cfn-init]:  2750K .......... .......... .......... .......... .......... 10% 7.68M 1s
Apr 27 21:33:41 ip-172-31-83-45 [eb-cfn-init]:  2800K .......... .......... .......... .......... .......... 10%  144M 1s
Apr 27 21:33:41 ip-172-31-83-45 [eb-cfn-init]:  2850K .......... .......... .......... .......... .......... 11%  209M 1s
Apr 27 21:33:41 ip-172-31-83-45 [eb-cfn-init]:  2900K .......... .......... .......... .......... .......... 11% 7.84M 1s
Apr 27 21:33:41 ip-172-31-83-45 [eb-cfn-init]:  2950K .......... .......... .......... .......... .......... 11%  177M 1s
Apr 27 21:33:41 ip-172-31-83-45 [eb-cfn-init]:  3000K .......... .......... .......... .......... .......... 11%  120M 1s
Apr 27 21:33:41 ip-172-31-83-45 [eb-cfn-init]:  3050K .......... .......... .......... .......... .......... 11%  151M 1s
Apr 27 21:33:41 ip-172-31-83-45 [eb-cfn-init]:  3100K .......... .......... .......... .......... .......... 12%  143M 1s
Apr 27 21:33:41 ip-172-31-83-45 [eb-cfn-init]:  3150K .......... .......... .......... .......... .......... 12% 4.84M 1s
Apr 27 21:33:41 ip-172-31-83-45 [eb-cfn-init]:  3200K .......... .......... .......... .......... .......... 12%  241M 1s
Apr 27 21:33:41 ip-172-31-83-45 [eb-cfn-init]:  3250K .......... .......... .......... .......... .......... 12%  144M 1s
Apr 27 21:33:41 ip-172-31-83-45 [eb-cfn-init]:  3300K .......... .......... .......... .......... .......... 12%  150M 1s
Apr 27 21:33:41 ip-172-31-83-45 [eb-cfn-init]:  3350K .......... .......... .......... .......... .......... 13%  149M 1s
Apr 27 21:33:41 ip-172-31-83-45 [eb-cfn-init]:  3400K .......... .......... .......... .......... .......... 13% 7.46M 1s
Apr 27 21:33:41 ip-172-31-83-45 [eb-cfn-init]:  3450K .......... .......... .......... .......... .......... 13%  114M 1s
Apr 27 21:33:41 ip-172-31-83-45 [eb-cfn-init]:  3500K .......... .......... .......... .......... .......... 13%  234M 1s
Apr 27 21:33:41 ip-172-31-83-45 [eb-cfn-init]:  3550K .......... .......... .......... .......... .......... 13%  180M 1s
Apr 27 21:33:41 ip-172-31-83-45 [eb-cfn-init]:  3600K .......... .......... .......... .......... .......... 13% 72.3M 1s
Apr 27 21:33:41 ip-172-31-83-45 [eb-cfn-init]:  3650K .......... .......... .......... .......... .......... 14% 7.98M 1s
Apr 27 21:33:41 ip-172-31-83-45 [eb-cfn-init]:  3700K .......... .......... .......... .......... .......... 14%  119M 1s
Apr 27 21:33:41 ip-172-31-83-45 [eb-cfn-init]:  3750K .......... .......... .......... .......... .......... 14%  154M 1s
Apr 27 21:33:41 ip-172-31-83-45 [eb-cfn-init]:  3800K .......... .......... .......... .......... .......... 14%  135M 1s
Apr 27 21:33:41 ip-172-31-83-45 [eb-cfn-init]:  3850K .......... .......... .......... .......... .......... 14%  147M 1s
Apr 27 21:33:41 ip-172-31-83-45 [eb-cfn-init]:  3900K .......... .......... .......... .......... .......... 15% 7.30M 1s
Apr 27 21:33:41 ip-172-31-83-45 [eb-cfn-init]:  3950K .......... .......... .......... .......... .......... 15%  184M 1s
Apr 27 21:33:41 ip-172-31-83-45 [eb-cfn-init]:  4000K .......... .......... .......... .......... .......... 15%  123M 1s
Apr 27 21:33:41 ip-172-31-83-45 [eb-cfn-init]:  4050K .......... .......... .......... .......... .......... 15%  185M 1s
Apr 27 21:33:41 ip-172-31-83-45 [eb-cfn-init]:  4100K .......... .......... .......... .......... .......... 15%  168M 1s
Apr 27 21:33:41 ip-172-31-83-45 [eb-cfn-init]:  4150K .......... .......... .......... .......... .......... 16% 53.4M 1s
Apr 27 21:33:41 ip-172-31-83-45 [eb-cfn-init]:  4200K .......... .......... .......... .......... .......... 16% 7.54M 1s
Apr 27 21:33:41 ip-172-31-83-45 [eb-cfn-init]:  4250K .......... .......... .......... .......... .......... 16%  106M 1s
Apr 27 21:33:41 ip-172-31-83-45 [eb-cfn-init]:  4300K .......... .......... .......... .......... .......... 16%  145M 1s
Apr 27 21:33:41 ip-172-31-83-45 [eb-cfn-init]:  4350K .......... .......... .......... .......... .......... 16%  143M 1s
Apr 27 21:33:41 ip-172-31-83-45 [eb-cfn-init]:  4400K .......... .......... .......... .......... .......... 17%  145M 1s
Apr 27 21:33:41 ip-172-31-83-45 [eb-cfn-init]:  4450K .......... .......... .......... .......... .......... 17%  160M 1s
Apr 27 21:33:41 ip-172-31-83-45 [eb-cfn-init]:  4500K .......... .......... .......... .......... .......... 17% 7.50M 1s
Apr 27 21:33:41 ip-172-31-83-45 [eb-cfn-init]:  4550K .......... .......... .......... .......... .......... 17%  120M 1s
Apr 27 21:33:41 ip-172-31-83-45 [eb-cfn-init]:  4600K .......... .......... .......... .......... .......... 17%  190M 1s
Apr 27 21:33:41 ip-172-31-83-45 [eb-cfn-init]:  4650K .......... .......... .......... .......... .......... 18%  145M 1s
Apr 27 21:33:41 ip-172-31-83-45 [eb-cfn-init]:  4700K .......... .......... .......... .......... .......... 18%  163M 1s
Apr 27 21:33:41 ip-172-31-83-45 [eb-cfn-init]:  4750K .......... .......... .......... .......... .......... 18%  145M 1s
Apr 27 21:33:41 ip-172-31-83-45 [eb-cfn-init]:  4800K .......... .......... .......... .......... .......... 18% 7.29M 1s
Apr 27 21:33:41 ip-172-31-83-45 [eb-cfn-init]:  4850K .......... .......... .......... .......... .......... 18%  104M 1s
Apr 27 21:33:41 ip-172-31-83-45 [eb-cfn-init]:  4900K .......... .......... .......... .......... .......... 18%  162M 1s
Apr 27 21:33:41 ip-172-31-83-45 [eb-cfn-init]:  4950K .......... .......... .......... .......... .......... 19%  169M 1s
Apr 27 21:33:41 ip-172-31-83-45 [eb-cfn-init]:  5000K .......... .......... .......... .......... .......... 19%  166M 1s
Apr 27 21:33:41 ip-172-31-83-45 [eb-cfn-init]:  5050K .......... .......... .......... .......... .......... 19%  186M 1s
Apr 27 21:33:41 ip-172-31-83-45 [eb-cfn-init]:  5100K .......... .......... .......... .......... .......... 19%  152M 1s
Apr 27 21:33:41 ip-172-31-83-45 [eb-cfn-init]:  5150K .......... .......... .......... .......... .......... 19% 45.9M 1s
Apr 27 21:33:41 ip-172-31-83-45 [eb-cfn-init]:  5200K .......... .......... .......... .......... .......... 20% 7.86M 1s
Apr 27 21:33:41 ip-172-31-83-45 [eb-cfn-init]:  5250K .......... .......... .......... .......... .......... 20%  104M 1s
Apr 27 21:33:41 ip-172-31-83-45 [eb-cfn-init]:  5300K .......... .......... .......... .......... .......... 20%  145M 1s
Apr 27 21:33:41 ip-172-31-83-45 [eb-cfn-init]:  5350K .......... .......... .......... .......... .......... 20% 78.0M 1s
Apr 27 21:33:41 ip-172-31-83-45 [eb-cfn-init]:  5400K .......... .......... .......... .......... .......... 20% 60.5M 1s
Apr 27 21:33:41 ip-172-31-83-45 [eb-cfn-init]:  5450K .......... .......... .......... .......... .......... 21% 58.0M 1s
Apr 27 21:33:41 ip-172-31-83-45 [eb-cfn-init]:  5500K .......... .......... .......... .......... .......... 21% 62.0M 1s
Apr 27 21:33:41 ip-172-31-83-45 [eb-cfn-init]:  5550K .......... .......... .......... .......... .......... 21% 60.7M 1s
Apr 27 21:33:41 ip-172-31-83-45 [eb-cfn-init]:  5600K .......... .......... .......... .......... .......... 21% 7.65M 1s
Apr 27 21:33:41 ip-172-31-83-45 [eb-cfn-init]:  5650K .......... .......... .......... .......... .......... 21%  190M 1s
Apr 27 21:33:41 ip-172-31-83-45 [eb-cfn-init]:  5700K .......... .......... .......... .......... .......... 22%  102M 1s
Apr 27 21:33:41 ip-172-31-83-45 [eb-cfn-init]:  5750K .......... .......... .......... .......... .......... 22%  178M 1s
Apr 27 21:33:41 ip-172-31-83-45 [eb-cfn-init]:  5800K .......... .......... .......... .......... .......... 22%  173M 1s
Apr 27 21:33:41 ip-172-31-83-45 [eb-cfn-init]:  5850K .......... .......... .......... .......... .......... 22%  190M 1s
Apr 27 21:33:41 ip-172-31-83-45 [eb-cfn-init]:  5900K .......... .......... .......... .......... .......... 22%  104M 1s
Apr 27 21:33:41 ip-172-31-83-45 [eb-cfn-init]:  5950K .......... .......... .......... .......... .......... 22% 57.1M 1s
Apr 27 21:33:41 ip-172-31-83-45 [eb-cfn-init]:  6000K .......... .......... .......... .......... .......... 23% 7.05M 1s
Apr 27 21:33:41 ip-172-31-83-45 [eb-cfn-init]:  6050K .......... .......... .......... .......... .......... 23%  208M 1s
Apr 27 21:33:41 ip-172-31-83-45 [eb-cfn-init]:  6100K .......... .......... .......... .......... .......... 23% 87.2M 1s
Apr 27 21:33:41 ip-172-31-83-45 [eb-cfn-init]:  6150K .......... .......... .......... .......... .......... 23%  166M 1s
Apr 27 21:33:41 ip-172-31-83-45 [eb-cfn-init]:  6200K .......... .......... .......... .......... .......... 23%  174M 1s
Apr 27 21:33:41 ip-172-31-83-45 [eb-cfn-init]:  6250K .......... .......... .......... .......... .......... 24%  151M 1s
Apr 27 21:33:41 ip-172-31-83-45 [eb-cfn-init]:  6300K .......... .......... .......... .......... .......... 24%  169M 1s
Apr 27 21:33:41 ip-172-31-83-45 [eb-cfn-init]:  6350K .......... .......... .......... .......... .......... 24% 40.4M 1s
Apr 27 21:33:41 ip-172-31-83-45 [eb-cfn-init]:  6400K .......... .......... .......... .......... .......... 24% 4.58M 1s
Apr 27 21:33:41 ip-172-31-83-45 [eb-cfn-init]:  6450K .......... .......... .......... .......... .......... 24%  186M 1s
Apr 27 21:33:41 ip-172-31-83-45 [eb-cfn-init]:  6500K .......... .......... .......... .......... .......... 25% 56.5M 1s
Apr 27 21:33:41 ip-172-31-83-45 [eb-cfn-init]:  6550K .......... .......... .......... .......... .......... 25% 63.7M 1s
Apr 27 21:33:41 ip-172-31-83-45 [eb-cfn-init]:  6600K .......... .......... .......... .......... .......... 25% 65.3M 1s
Apr 27 21:33:41 ip-172-31-83-45 [eb-cfn-init]:  6650K .......... .......... .......... .......... .......... 25% 70.5M 1s
Apr 27 21:33:41 ip-172-31-83-45 [eb-cfn-init]:  6700K .......... .......... .......... .......... .......... 25% 63.8M 1s
Apr 27 21:33:41 ip-172-31-83-45 [eb-cfn-init]:  6750K .......... .......... .......... .......... .......... 26% 59.1M 1s
Apr 27 21:33:41 ip-172-31-83-45 [eb-cfn-init]:  6800K .......... .......... .......... .......... .......... 26% 61.2M 1s
Apr 27 21:33:41 ip-172-31-83-45 [eb-cfn-init]:  6850K .......... .......... .......... .......... .......... 26% 66.4M 1s
Apr 27 21:33:41 ip-172-31-83-45 [eb-cfn-init]:  6900K .......... .......... .......... .......... .......... 26% 73.3M 1s
Apr 27 21:33:41 ip-172-31-83-45 [eb-cfn-init]:  6950K .......... .......... .......... .......... .......... 26% 65.9M 1s
Apr 27 21:33:41 ip-172-31-83-45 [eb-cfn-init]:  7000K .......... .......... .......... .......... .......... 27% 57.6M 1s
Apr 27 21:33:41 ip-172-31-83-45 [eb-cfn-init]:  7050K .......... .......... .......... .......... .......... 27% 40.0M 1s
Apr 27 21:33:42 ip-172-31-83-45 [eb-cfn-init]:  7100K .......... .......... .......... .......... .......... 27% 6.56M 1s
Apr 27 21:33:42 ip-172-31-83-45 [eb-cfn-init]:  7150K .......... .......... .......... .......... .......... 27% 92.3M 1s
Apr 27 21:33:42 ip-172-31-83-45 [eb-cfn-init]:  7200K .......... .......... .......... .......... .......... 27%  164M 1s
Apr 27 21:33:42 ip-172-31-83-45 [eb-cfn-init]:  7250K .......... .......... .......... .......... .......... 27% 72.2M 1s
Apr 27 21:33:42 ip-172-31-83-45 [eb-cfn-init]:  7300K .......... .......... .......... .......... .......... 28% 63.1M 1s
Apr 27 21:33:42 ip-172-31-83-45 [eb-cfn-init]:  7350K .......... .......... .......... .......... .......... 28% 61.5M 1s
Apr 27 21:33:42 ip-172-31-83-45 [eb-cfn-init]:  7400K .......... .......... .......... .......... .......... 28% 70.3M 1s
Apr 27 21:33:42 ip-172-31-83-45 [eb-cfn-init]:  7450K .......... .......... .......... .......... .......... 28% 73.1M 1s
Apr 27 21:33:42 ip-172-31-83-45 [eb-cfn-init]:  7500K .......... .......... .......... .......... .......... 28% 67.2M 1s
Apr 27 21:33:42 ip-172-31-83-45 [eb-cfn-init]:  7550K .......... .......... .......... .......... .......... 29% 62.6M 1s
Apr 27 21:33:42 ip-172-31-83-45 [eb-cfn-init]:  7600K .......... .......... .......... .......... .......... 29% 7.27M 1s
Apr 27 21:33:42 ip-172-31-83-45 [eb-cfn-init]:  7650K .......... .......... .......... .......... .......... 29%  102M 1s
Apr 27 21:33:42 ip-172-31-83-45 [eb-cfn-init]:  7700K .......... .......... .......... .......... .......... 29%  164M 1s
Apr 27 21:33:42 ip-172-31-83-45 [eb-cfn-init]:  7750K .......... .......... .......... .......... .......... 29%  157M 1s
Apr 27 21:33:42 ip-172-31-83-45 [eb-cfn-init]:  7800K .......... .......... .......... .......... .......... 30%  164M 1s
Apr 27 21:33:42 ip-172-31-83-45 [eb-cfn-init]:  7850K .......... .......... .......... .......... .......... 30% 5.29M 1s
Apr 27 21:33:42 ip-172-31-83-45 [eb-cfn-init]:  7900K .......... .......... .......... .......... .......... 30%  235M 1s
Apr 27 21:33:42 ip-172-31-83-45 [eb-cfn-init]:  7950K .......... .......... .......... .......... .......... 30% 82.2M 1s
Apr 27 21:33:42 ip-172-31-83-45 [eb-cfn-init]:  8000K .......... .......... .......... .......... .......... 30%  151M 1s
Apr 27 21:33:42 ip-172-31-83-45 [eb-cfn-init]:  8050K .......... .......... .......... .......... .......... 31%  154M 1s
Apr 27 21:33:42 ip-172-31-83-45 [eb-cfn-init]:  8100K .......... .......... .......... .......... .......... 31%  131M 1s
Apr 27 21:33:42 ip-172-31-83-45 [eb-cfn-init]:  8150K .......... .......... .......... .......... .......... 31% 59.9M 1s
Apr 27 21:33:42 ip-172-31-83-45 [eb-cfn-init]:  8200K .......... .......... .......... .......... .......... 31% 71.2M 1s
Apr 27 21:33:42 ip-172-31-83-45 [eb-cfn-init]:  8250K .......... .......... .......... .......... .......... 31% 65.2M 1s
Apr 27 21:33:42 ip-172-31-83-45 [eb-cfn-init]:  8300K .......... .......... .......... .......... .......... 31% 61.9M 1s
Apr 27 21:33:42 ip-172-31-83-45 [eb-cfn-init]:  8350K .......... .......... .......... .......... .......... 32% 69.4M 1s
Apr 27 21:33:42 ip-172-31-83-45 [eb-cfn-init]:  8400K .......... .......... .......... .......... .......... 32% 5.79M 1s
Apr 27 21:33:42 ip-172-31-83-45 [eb-cfn-init]:  8450K .......... .......... .......... .......... .......... 32%  212M 1s
Apr 27 21:33:42 ip-172-31-83-45 [eb-cfn-init]:  8500K .......... .......... .......... .......... .......... 32% 87.2M 1s
Apr 27 21:33:42 ip-172-31-83-45 [eb-cfn-init]:  8550K .......... .......... .......... .......... .......... 32%  149M 1s
Apr 27 21:33:42 ip-172-31-83-45 [eb-cfn-init]:  8600K .......... .......... .......... .......... .......... 33%  171M 1s
Apr 27 21:33:42 ip-172-31-83-45 [eb-cfn-init]:  8650K .......... .......... .......... .......... .......... 33%  183M 1s
Apr 27 21:33:42 ip-172-31-83-45 [eb-cfn-init]:  8700K .......... .......... .......... .......... .......... 33%  189M 1s
Apr 27 21:33:42 ip-172-31-83-45 [eb-cfn-init]:  8750K .......... .......... .......... .......... .......... 33%  130M 1s
Apr 27 21:33:42 ip-172-31-83-45 [eb-cfn-init]:  8800K .......... .......... .......... .......... .......... 33% 7.11M 1s
Apr 27 21:33:42 ip-172-31-83-45 [eb-cfn-init]:  8850K .......... .......... .......... .......... .......... 34%  103M 1s
Apr 27 21:33:42 ip-172-31-83-45 [eb-cfn-init]:  8900K .......... .......... .......... .......... .......... 34%  149M 1s
Apr 27 21:33:42 ip-172-31-83-45 [eb-cfn-init]:  8950K .......... .......... .......... .......... .......... 34%  143M 1s
Apr 27 21:33:42 ip-172-31-83-45 [eb-cfn-init]:  9000K .......... .......... .......... .......... .......... 34% 74.1M 1s
Apr 27 21:33:42 ip-172-31-83-45 [eb-cfn-init]:  9050K .......... .......... .......... .......... .......... 34% 68.9M 1s
Apr 27 21:33:42 ip-172-31-83-45 [eb-cfn-init]:  9100K .......... .......... .......... .......... .......... 35% 59.9M 1s
Apr 27 21:33:42 ip-172-31-83-45 [eb-cfn-init]:  9150K .......... .......... .......... .......... .......... 35% 65.1M 1s
Apr 27 21:33:42 ip-172-31-83-45 [eb-cfn-init]:  9200K .......... .......... .......... .......... .......... 35% 5.46M 1s
Apr 27 21:33:42 ip-172-31-83-45 [eb-cfn-init]:  9250K .......... .......... .......... .......... .......... 35%  213M 1s
Apr 27 21:33:42 ip-172-31-83-45 [eb-cfn-init]:  9300K .......... .......... .......... .......... .......... 35% 92.5M 1s
Apr 27 21:33:42 ip-172-31-83-45 [eb-cfn-init]:  9350K .......... .......... .......... .......... .......... 36%  147M 1s
Apr 27 21:33:42 ip-172-31-83-45 [eb-cfn-init]:  9400K .......... .......... .......... .......... .......... 36%  183M 1s
Apr 27 21:33:42 ip-172-31-83-45 [eb-cfn-init]:  9450K .......... .......... .......... .......... .......... 36% 89.4M 1s
Apr 27 21:33:42 ip-172-31-83-45 [eb-cfn-init]:  9500K .......... .......... .......... .......... .......... 36% 61.3M 1s
Apr 27 21:33:42 ip-172-31-83-45 [eb-cfn-init]:  9550K .......... .......... .......... .......... .......... 36% 61.4M 1s
Apr 27 21:33:42 ip-172-31-83-45 [eb-cfn-init]:  9600K .......... .......... .......... .......... .......... 36% 73.8M 1s
Apr 27 21:33:42 ip-172-31-83-45 [eb-cfn-init]:  9650K .......... .......... .......... .......... .......... 37% 6.61M 1s
Apr 27 21:33:42 ip-172-31-83-45 [eb-cfn-init]:  9700K .......... .......... .......... .......... .......... 37%  199M 1s
Apr 27 21:33:42 ip-172-31-83-45 [eb-cfn-init]:  9750K .......... .......... .......... .......... .......... 37%  221M 1s
Apr 27 21:33:42 ip-172-31-83-45 [eb-cfn-init]:  9800K .......... .......... .......... .......... .......... 37% 89.6M 1s
Apr 27 21:33:42 ip-172-31-83-45 [eb-cfn-init]:  9850K .......... .......... .......... .......... .......... 37%  142M 1s
Apr 27 21:33:42 ip-172-31-83-45 [eb-cfn-init]:  9900K .......... .......... .......... .......... .......... 38%  161M 1s
Apr 27 21:33:42 ip-172-31-83-45 [eb-cfn-init]:  9950K .......... .......... .......... .......... .......... 38% 52.8M 1s
Apr 27 21:33:42 ip-172-31-83-45 [eb-cfn-init]: 10000K .......... .......... .......... .......... .......... 38% 7.91M 1s
Apr 27 21:33:42 ip-172-31-83-45 [eb-cfn-init]: 10050K .......... .......... .......... .......... .......... 38% 88.8M 1s
Apr 27 21:33:42 ip-172-31-83-45 [eb-cfn-init]: 10100K .......... .......... .......... .......... .......... 38%  142M 1s
Apr 27 21:33:42 ip-172-31-83-45 [eb-cfn-init]: 10150K .......... .......... .......... .......... .......... 39%  158M 1s
Apr 27 21:33:42 ip-172-31-83-45 [eb-cfn-init]: 10200K .......... .......... .......... .......... .......... 39% 59.7M 1s
Apr 27 21:33:42 ip-172-31-83-45 [eb-cfn-init]: 10250K .......... .......... .......... .......... .......... 39% 57.0M 1s
Apr 27 21:33:42 ip-172-31-83-45 [eb-cfn-init]: 10300K .......... .......... .......... .......... .......... 39% 56.1M 1s
Apr 27 21:33:42 ip-172-31-83-45 [eb-cfn-init]: 10350K .......... .......... .......... .......... .......... 39% 5.91M 1s
Apr 27 21:33:42 ip-172-31-83-45 [eb-cfn-init]: 10400K .......... .......... .......... .......... .......... 40%  223M 1s
Apr 27 21:33:42 ip-172-31-83-45 [eb-cfn-init]: 10450K .......... .......... .......... .......... .......... 40% 85.5M 1s
Apr 27 21:33:42 ip-172-31-83-45 [eb-cfn-init]: 10500K .......... .......... .......... .......... .......... 40% 83.1M 1s
Apr 27 21:33:42 ip-172-31-83-45 [eb-cfn-init]: 10550K .......... .......... .......... .......... .......... 40% 58.3M 1s
Apr 27 21:33:42 ip-172-31-83-45 [eb-cfn-init]: 10600K .......... .......... .......... .......... .......... 40% 64.3M 1s
Apr 27 21:33:42 ip-172-31-83-45 [eb-cfn-init]: 10650K .......... .......... .......... .......... .......... 40% 68.6M 1s
Apr 27 21:33:42 ip-172-31-83-45 [eb-cfn-init]: 10700K .......... .......... .......... .......... .......... 41% 56.4M 1s
Apr 27 21:33:42 ip-172-31-83-45 [eb-cfn-init]: 10750K .......... .......... .......... .......... .......... 41% 53.4M 1s
Apr 27 21:33:42 ip-172-31-83-45 [eb-cfn-init]: 10800K .......... .......... .......... .......... .......... 41% 63.9M 1s
Apr 27 21:33:42 ip-172-31-83-45 [eb-cfn-init]: 10850K .......... .......... .......... .......... .......... 41% 68.6M 1s
Apr 27 21:33:42 ip-172-31-83-45 [eb-cfn-init]: 10900K .......... .......... .......... .......... .......... 41% 60.2M 1s
Apr 27 21:33:42 ip-172-31-83-45 [eb-cfn-init]: 10950K .......... .......... .......... .......... .......... 42% 35.6M 1s
Apr 27 21:33:42 ip-172-31-83-45 [eb-cfn-init]: 11000K .......... .......... .......... .......... .......... 42% 7.49M 1s
Apr 27 21:33:42 ip-172-31-83-45 [eb-cfn-init]: 11050K .......... .......... .......... .......... .......... 42% 98.5M 1s
Apr 27 21:33:42 ip-172-31-83-45 [eb-cfn-init]: 11100K .......... .......... .......... .......... .......... 42%  153M 1s
Apr 27 21:33:42 ip-172-31-83-45 [eb-cfn-init]: 11150K .......... .......... .......... .......... .......... 42%  146M 1s
Apr 27 21:33:42 ip-172-31-83-45 [eb-cfn-init]: 11200K .......... .......... .......... .......... .......... 43%  156M 1s
Apr 27 21:33:42 ip-172-31-83-45 [eb-cfn-init]: 11250K .......... .......... .......... .......... .......... 43% 68.4M 1s
Apr 27 21:33:42 ip-172-31-83-45 [eb-cfn-init]: 11300K .......... .......... .......... .......... .......... 43% 76.9M 1s
Apr 27 21:33:42 ip-172-31-83-45 dhclient[2776]: XMT: Solicit on eth0, interval 8310ms.
Apr 27 21:33:42 ip-172-31-83-45 [eb-cfn-init]: 11350K .......... .......... .......... .......... .......... 43% 39.3M 1s
Apr 27 21:33:42 ip-172-31-83-45 [eb-cfn-init]: 11400K .......... .......... .......... .......... .......... 43% 7.56M 1s
Apr 27 21:33:43 ip-172-31-83-45 [eb-cfn-init]: 11450K .......... .......... .......... .......... .......... 44%  107M 1s
Apr 27 21:33:43 ip-172-31-83-45 [eb-cfn-init]: 11500K .......... .......... .......... .......... .......... 44%  146M 1s
Apr 27 21:33:43 ip-172-31-83-45 [eb-cfn-init]: 11550K .......... .......... .......... .......... .......... 44%  146M 1s
Apr 27 21:33:43 ip-172-31-83-45 [eb-cfn-init]: 11600K .......... .......... .......... .......... .......... 44% 65.3M 1s
Apr 27 21:33:43 ip-172-31-83-45 [eb-cfn-init]: 11650K .......... .......... .......... .......... .......... 44% 62.4M 1s
Apr 27 21:33:43 ip-172-31-83-45 [eb-cfn-init]: 11700K .......... .......... .......... .......... .......... 45% 64.4M 1s
Apr 27 21:33:43 ip-172-31-83-45 [eb-cfn-init]: 11750K .......... .......... .......... .......... .......... 45% 45.3M 1s
Apr 27 21:33:43 ip-172-31-83-45 [eb-cfn-init]: 11800K .......... .......... .......... .......... .......... 45% 8.09M 1s
Apr 27 21:33:43 ip-172-31-83-45 [eb-cfn-init]: 11850K .......... .......... .......... .......... .......... 45%  131M 1s
Apr 27 21:33:43 ip-172-31-83-45 [eb-cfn-init]: 11900K .......... .......... .......... .......... .......... 45%  168M 1s
Apr 27 21:33:43 ip-172-31-83-45 [eb-cfn-init]: 11950K .......... .......... .......... .......... .......... 45%  188M 0s
Apr 27 21:33:43 ip-172-31-83-45 [eb-cfn-init]: 12000K .......... .......... .......... .......... .......... 46%  153M 0s
Apr 27 21:33:43 ip-172-31-83-45 [eb-cfn-init]: 12050K .......... .......... .......... .......... .......... 46%  183M 0s
Apr 27 21:33:43 ip-172-31-83-45 eic_harvest_hostkeys: curl: (28) Operation timed out after 5001 milliseconds with 0 out of 0 bytes received
Apr 27 21:33:43 ip-172-31-83-45 systemd: Started EC2 Instance Connect Host Key Harvesting.
Apr 27 21:33:43 ip-172-31-83-45 systemd: Reached target Multi-User System.
Apr 27 21:33:43 ip-172-31-83-45 systemd: Reached target aws-eb.target.
Apr 27 21:33:43 ip-172-31-83-45 systemd: Reached target Graphical Interface.
Apr 27 21:33:43 ip-172-31-83-45 systemd: Starting Update UTMP about System Runlevel Changes...
Apr 27 21:33:43 ip-172-31-83-45 systemd: Started Update UTMP about System Runlevel Changes.
Apr 27 21:33:43 ip-172-31-83-45 [eb-cfn-init]: 12100K .......... .......... .......... .......... .......... 46% 7.13M 0s
Apr 27 21:33:43 ip-172-31-83-45 [eb-cfn-init]: 12150K .......... .......... .......... .......... .......... 46%  224M 0s
Apr 27 21:33:43 ip-172-31-83-45 [eb-cfn-init]: 12200K .......... .......... .......... .......... .......... 46%  108M 0s
Apr 27 21:33:43 ip-172-31-83-45 [eb-cfn-init]: 12250K .......... .......... .......... .......... .......... 47%  174M 0s
Apr 27 21:33:43 ip-172-31-83-45 [eb-cfn-init]: 12300K .......... .......... .......... .......... .......... 47%  185M 0s
Apr 27 21:33:43 ip-172-31-83-45 [eb-cfn-init]: 12350K .......... .......... .......... .......... .......... 47%  180M 0s
Apr 27 21:33:43 ip-172-31-83-45 [eb-cfn-init]: 12400K .......... .......... .......... .......... .......... 47%  161M 0s
Apr 27 21:33:43 ip-172-31-83-45 [eb-cfn-init]: 12450K .......... .......... .......... .......... .......... 47% 6.74M 0s
Apr 27 21:33:43 ip-172-31-83-45 [eb-cfn-init]: 12500K .......... .......... .......... .......... .......... 48%  243M 0s
Apr 27 21:33:43 ip-172-31-83-45 [eb-cfn-init]: 12550K .......... .......... .......... .......... .......... 48%  115M 0s
Apr 27 21:33:43 ip-172-31-83-45 [eb-cfn-init]: 12600K .......... .......... .......... .......... .......... 48%  176M 0s
Apr 27 21:33:43 ip-172-31-83-45 [eb-cfn-init]: 12650K .......... .......... .......... .......... .......... 48%  144M 0s
Apr 27 21:33:43 ip-172-31-83-45 [eb-cfn-init]: 12700K .......... .......... .......... .......... .......... 48%  181M 0s
Apr 27 21:33:43 ip-172-31-83-45 [eb-cfn-init]: 12750K .......... .......... .......... .......... .......... 49%  181M 0s
Apr 27 21:33:43 ip-172-31-83-45 [eb-cfn-init]: 12800K .......... .......... .......... .......... .......... 49% 59.5M 0s
Apr 27 21:33:43 ip-172-31-83-45 [eb-cfn-init]: 12850K .......... .......... .......... .......... .......... 49% 7.42M 0s
Apr 27 21:33:43 ip-172-31-83-45 [eb-cfn-init]: 12900K .......... .......... .......... .......... .......... 49%  118M 0s
Apr 27 21:33:43 ip-172-31-83-45 [eb-cfn-init]: 12950K .......... .......... .......... .......... .......... 49%  176M 0s
Apr 27 21:33:43 ip-172-31-83-45 [eb-cfn-init]: 13000K .......... .......... .......... .......... .......... 49%  177M 0s
Apr 27 21:33:43 ip-172-31-83-45 [eb-cfn-init]: 13050K .......... .......... .......... .......... .......... 50%  175M 0s
Apr 27 21:33:43 ip-172-31-83-45 [eb-cfn-init]: 13100K .......... .......... .......... .......... .......... 50%  179M 0s
Apr 27 21:33:43 ip-172-31-83-45 [eb-cfn-init]: 13150K .......... .......... .......... .......... .......... 50%  177M 0s
Apr 27 21:33:43 ip-172-31-83-45 [eb-cfn-init]: 13200K .......... .......... .......... .......... .......... 50% 7.66M 0s
Apr 27 21:33:43 ip-172-31-83-45 [eb-cfn-init]: 13250K .......... .......... .......... .......... .......... 50%  116M 0s
Apr 27 21:33:43 ip-172-31-83-45 [eb-cfn-init]: 13300K .......... .......... .......... .......... .......... 51%  185M 0s
Apr 27 21:33:43 ip-172-31-83-45 [eb-cfn-init]: 13350K .......... .......... .......... .......... .......... 51%  212M 0s
Apr 27 21:33:43 ip-172-31-83-45 [eb-cfn-init]: 13400K .......... .......... .......... .......... .......... 51%  177M 0s
Apr 27 21:33:43 ip-172-31-83-45 [eb-cfn-init]: 13450K .......... .......... .......... .......... .......... 51% 7.25M 0s
Apr 27 21:33:43 ip-172-31-83-45 [eb-cfn-init]: 13500K .......... .......... .......... .......... .......... 51%  234M 0s
Apr 27 21:33:43 ip-172-31-83-45 [eb-cfn-init]: 13550K .......... .......... .......... .......... .......... 52%  254M 0s
