Apr 27 13:31:16 ip-172-31-5-236 kernel: Linux version 4.14.268-205.500.amzn2.x86_64 (mockbuild@ip-10-0-35-1) (gcc version 7.3.1 20180712 (Red Hat 7.3.1-13) (GCC)) #1 SMP Wed Mar 2 18:38:38 UTC 2022
Apr 27 13:31:16 ip-172-31-5-236 kernel: Command line: BOOT_IMAGE=/boot/vmlinuz-4.14.268-205.500.amzn2.x86_64 root=UUID=dc74d1d7-c6e7-4592-931f-70681a786a83 ro console=tty0 console=ttyS0,115200n8 net.ifnames=0 biosdevname=0 nvme_core.io_timeout=4294967295 rd.emergency=poweroff rd.shell=0
Apr 27 13:31:16 ip-172-31-5-236 kernel: x86/fpu: Supporting XSAVE feature 0x001: 'x87 floating point registers'
Apr 27 13:31:16 ip-172-31-5-236 kernel: x86/fpu: Supporting XSAVE feature 0x002: 'SSE registers'
Apr 27 13:31:16 ip-172-31-5-236 kernel: x86/fpu: Supporting XSAVE feature 0x004: 'AVX registers'
Apr 27 13:31:16 ip-172-31-5-236 kernel: x86/fpu: xstate_offset[2]:  576, xstate_sizes[2]:  256
Apr 27 13:31:16 ip-172-31-5-236 kernel: x86/fpu: Enabled xstate features 0x7, context size is 832 bytes, using 'standard' format.
Apr 27 13:31:16 ip-172-31-5-236 kernel: e820: BIOS-provided physical RAM map:
Apr 27 13:31:16 ip-172-31-5-236 kernel: BIOS-e820: [mem 0x0000000000000000-0x000000000009dfff] usable
Apr 27 13:31:16 ip-172-31-5-236 kernel: BIOS-e820: [mem 0x000000000009e000-0x000000000009ffff] reserved
Apr 27 13:31:16 ip-172-31-5-236 kernel: BIOS-e820: [mem 0x00000000000e0000-0x00000000000fffff] reserved
Apr 27 13:31:16 ip-172-31-5-236 kernel: BIOS-e820: [mem 0x0000000000100000-0x000000003fffffff] usable
Apr 27 13:31:16 ip-172-31-5-236 kernel: BIOS-e820: [mem 0x00000000fc000000-0x00000000ffffffff] reserved
Apr 27 13:31:16 ip-172-31-5-236 kernel: NX (Execute Disable) protection: active
Apr 27 13:31:16 ip-172-31-5-236 kernel: SMBIOS 2.7 present.
Apr 27 13:31:16 ip-172-31-5-236 kernel: DMI: Xen HVM domU, BIOS 4.11.amazon 08/24/2006
Apr 27 13:31:16 ip-172-31-5-236 kernel: Hypervisor detected: Xen HVM
Apr 27 13:31:16 ip-172-31-5-236 kernel: Xen version 4.11.
Apr 27 13:31:16 ip-172-31-5-236 kernel: Netfront and the Xen platform PCI driver have been compiled for this kernel: unplug emulated NICs.
Apr 27 13:31:16 ip-172-31-5-236 kernel: Blkfront and the Xen platform PCI driver have been compiled for this kernel: unplug emulated disks.#012You might have to change the root device#012from /dev/hd[a-d] to /dev/xvd[a-d]#012in your root= kernel command line option
Apr 27 13:31:16 ip-172-31-5-236 kernel: tsc: Fast TSC calibration using PIT
Apr 27 13:31:16 ip-172-31-5-236 kernel: e820: last_pfn = 0x40000 max_arch_pfn = 0x400000000
Apr 27 13:31:16 ip-172-31-5-236 kernel: x86/PAT: Configuration [0-7]: WB  WC  UC- UC  WB  WP  UC- WT  
Apr 27 13:31:16 ip-172-31-5-236 kernel: found SMP MP-table at [mem 0x000fb9a0-0x000fb9af]
Apr 27 13:31:16 ip-172-31-5-236 kernel: Scanning 1 areas for low memory corruption
Apr 27 13:31:16 ip-172-31-5-236 kernel: RAMDISK: [mem 0x36bb9000-0x375d3fff]
Apr 27 13:31:16 ip-172-31-5-236 kernel: ACPI: Early table checksum verification disabled
Apr 27 13:31:16 ip-172-31-5-236 kernel: ACPI: RSDP 0x00000000000EA020 000024 (v02 Xen   )
Apr 27 13:31:16 ip-172-31-5-236 kernel: ACPI: XSDT 0x00000000FC00C780 000054 (v01 Xen    HVM      00000000 HVML 00000000)
Apr 27 13:31:16 ip-172-31-5-236 kernel: ACPI: FACP 0x00000000FC00C440 0000F4 (v04 Xen    HVM      00000000 HVML 00000000)
Apr 27 13:31:16 ip-172-31-5-236 kernel: ACPI: DSDT 0x00000000FC003940 008A7E (v02 Xen    HVM      00000000 INTL 20090123)
Apr 27 13:31:16 ip-172-31-5-236 kernel: ACPI: FACS 0x00000000FC003900 000040
Apr 27 13:31:16 ip-172-31-5-236 kernel: ACPI: FACS 0x00000000FC003900 000040
Apr 27 13:31:16 ip-172-31-5-236 kernel: ACPI: APIC 0x00000000FC00C540 0000D8 (v02 Xen    HVM      00000000 HVML 00000000)
Apr 27 13:31:16 ip-172-31-5-236 kernel: ACPI: HPET 0x00000000FC00C690 000038 (v01 Xen    HVM      00000000 HVML 00000000)
Apr 27 13:31:16 ip-172-31-5-236 kernel: ACPI: WAET 0x00000000FC00C6D0 000028 (v01 Xen    HVM      00000000 HVML 00000000)
Apr 27 13:31:16 ip-172-31-5-236 kernel: ACPI: SSDT 0x00000000FC00C700 000031 (v02 Xen    HVM      00000000 INTL 20090123)
Apr 27 13:31:16 ip-172-31-5-236 kernel: ACPI: SSDT 0x00000000FC00C740 000033 (v02 Xen    HVM      00000000 INTL 20090123)
Apr 27 13:31:16 ip-172-31-5-236 kernel: ACPI: Reserving FACP table memory at [mem 0xfc00c440-0xfc00c533]
Apr 27 13:31:16 ip-172-31-5-236 kernel: ACPI: Reserving DSDT table memory at [mem 0xfc003940-0xfc00c3bd]
Apr 27 13:31:16 ip-172-31-5-236 kernel: ACPI: Reserving FACS table memory at [mem 0xfc003900-0xfc00393f]
Apr 27 13:31:16 ip-172-31-5-236 kernel: ACPI: Reserving FACS table memory at [mem 0xfc003900-0xfc00393f]
Apr 27 13:31:16 ip-172-31-5-236 kernel: ACPI: Reserving APIC table memory at [mem 0xfc00c540-0xfc00c617]
Apr 27 13:31:16 ip-172-31-5-236 kernel: ACPI: Reserving HPET table memory at [mem 0xfc00c690-0xfc00c6c7]
Apr 27 13:31:16 ip-172-31-5-236 kernel: ACPI: Reserving WAET table memory at [mem 0xfc00c6d0-0xfc00c6f7]
Apr 27 13:31:16 ip-172-31-5-236 kernel: ACPI: Reserving SSDT table memory at [mem 0xfc00c700-0xfc00c730]
Apr 27 13:31:16 ip-172-31-5-236 kernel: ACPI: Reserving SSDT table memory at [mem 0xfc00c740-0xfc00c772]
Apr 27 13:31:16 ip-172-31-5-236 kernel: No NUMA configuration found
Apr 27 13:31:16 ip-172-31-5-236 kernel: Faking a node at [mem 0x0000000000000000-0x000000003fffffff]
Apr 27 13:31:16 ip-172-31-5-236 kernel: NODE_DATA(0) allocated [mem 0x3ffde000-0x3fffffff]
Apr 27 13:31:16 ip-172-31-5-236 kernel: Zone ranges:
Apr 27 13:31:16 ip-172-31-5-236 kernel:  DMA      [mem 0x0000000000001000-0x0000000000ffffff]
Apr 27 13:31:16 ip-172-31-5-236 kernel:  DMA32    [mem 0x0000000001000000-0x000000003fffffff]
Apr 27 13:31:16 ip-172-31-5-236 kernel:  Normal   empty
Apr 27 13:31:16 ip-172-31-5-236 kernel: Movable zone start for each node
Apr 27 13:31:16 ip-172-31-5-236 kernel: Early memory node ranges
Apr 27 13:31:16 ip-172-31-5-236 kernel:  node   0: [mem 0x0000000000001000-0x000000000009dfff]
Apr 27 13:31:16 ip-172-31-5-236 kernel:  node   0: [mem 0x0000000000100000-0x000000003fffffff]
Apr 27 13:31:16 ip-172-31-5-236 kernel: Initmem setup node 0 [mem 0x0000000000001000-0x000000003fffffff]
Apr 27 13:31:16 ip-172-31-5-236 kernel: ACPI: PM-Timer IO Port: 0xb008
Apr 27 13:31:16 ip-172-31-5-236 kernel: IOAPIC[0]: apic_id 1, version 17, address 0xfec00000, GSI 0-47
Apr 27 13:31:16 ip-172-31-5-236 kernel: ACPI: INT_SRC_OVR (bus 0 bus_irq 0 global_irq 2 dfl dfl)
Apr 27 13:31:16 ip-172-31-5-236 kernel: ACPI: INT_SRC_OVR (bus 0 bus_irq 5 global_irq 5 low level)
Apr 27 13:31:16 ip-172-31-5-236 kernel: ACPI: INT_SRC_OVR (bus 0 bus_irq 10 global_irq 10 low level)
Apr 27 13:31:16 ip-172-31-5-236 kernel: ACPI: INT_SRC_OVR (bus 0 bus_irq 11 global_irq 11 low level)
Apr 27 13:31:16 ip-172-31-5-236 kernel: Using ACPI (MADT) for SMP configuration information
Apr 27 13:31:16 ip-172-31-5-236 kernel: ACPI: HPET id: 0x8086a201 base: 0xfed00000
Apr 27 13:31:16 ip-172-31-5-236 kernel: TSC deadline timer available
Apr 27 13:31:16 ip-172-31-5-236 kernel: smpboot: Allowing 15 CPUs, 14 hotplug CPUs
Apr 27 13:31:16 ip-172-31-5-236 kernel: PM: Registered nosave memory: [mem 0x00000000-0x00000fff]
Apr 27 13:31:16 ip-172-31-5-236 kernel: PM: Registered nosave memory: [mem 0x0009e000-0x0009ffff]
Apr 27 13:31:16 ip-172-31-5-236 kernel: PM: Registered nosave memory: [mem 0x000a0000-0x000dffff]
Apr 27 13:31:16 ip-172-31-5-236 kernel: PM: Registered nosave memory: [mem 0x000e0000-0x000fffff]
Apr 27 13:31:16 ip-172-31-5-236 kernel: e820: [mem 0x40000000-0xfbffffff] available for PCI devices
Apr 27 13:31:16 ip-172-31-5-236 kernel: Booting paravirtualized kernel on Xen HVM
Apr 27 13:31:16 ip-172-31-5-236 kernel: clocksource: refined-jiffies: mask: 0xffffffff max_cycles: 0xffffffff, max_idle_ns: 7645519600211568 ns
Apr 27 13:31:16 ip-172-31-5-236 kernel: random: get_random_bytes called from start_kernel+0x94/0x4eb with crng_init=0
Apr 27 13:31:16 ip-172-31-5-236 kernel: setup_percpu: NR_CPUS:8192 nr_cpumask_bits:15 nr_cpu_ids:15 nr_node_ids:1
Apr 27 13:31:16 ip-172-31-5-236 kernel: percpu: Embedded 49 pages/cpu s161560 r8192 d30952 u262144
Apr 27 13:31:16 ip-172-31-5-236 kernel: PV qspinlock hash table entries: 256 (order: 0, 4096 bytes)
Apr 27 13:31:16 ip-172-31-5-236 kernel: Fallback order for Node 0: 0 
Apr 27 13:31:16 ip-172-31-5-236 kernel: Built 1 zonelists, mobility grouping on.  Total pages: 257928
Apr 27 13:31:16 ip-172-31-5-236 kernel: Policy zone: DMA32
Apr 27 13:31:16 ip-172-31-5-236 kernel: Kernel command line: BOOT_IMAGE=/boot/vmlinuz-4.14.268-205.500.amzn2.x86_64 root=UUID=dc74d1d7-c6e7-4592-931f-70681a786a83 ro console=tty0 console=ttyS0,115200n8 net.ifnames=0 biosdevname=0 nvme_core.io_timeout=4294967295 rd.emergency=poweroff rd.shell=0
Apr 27 13:31:16 ip-172-31-5-236 kernel: PID hash table entries: 4096 (order: 3, 32768 bytes)
Apr 27 13:31:16 ip-172-31-5-236 kernel: Memory: 990180K/1048180K available (10252K kernel code, 2149K rwdata, 3040K rodata, 2220K init, 4244K bss, 58000K reserved, 0K cma-reserved)
Apr 27 13:31:16 ip-172-31-5-236 kernel: SLUB: HWalign=64, Order=0-3, MinObjects=0, CPUs=15, Nodes=1
Apr 27 13:31:16 ip-172-31-5-236 kernel: Kernel/User page tables isolation: enabled
Apr 27 13:31:16 ip-172-31-5-236 kernel: ftrace: allocating 30154 entries in 118 pages
Apr 27 13:31:16 ip-172-31-5-236 kernel: Hierarchical RCU implementation.
Apr 27 13:31:16 ip-172-31-5-236 kernel: #011RCU restricting CPUs from NR_CPUS=8192 to nr_cpu_ids=15.
Apr 27 13:31:16 ip-172-31-5-236 kernel: RCU: Adjusting geometry for rcu_fanout_leaf=16, nr_cpu_ids=15
Apr 27 13:31:16 ip-172-31-5-236 kernel: NR_IRQS: 524544, nr_irqs: 952, preallocated irqs: 16
Apr 27 13:31:16 ip-172-31-5-236 kernel: xen:events: Using 2-level ABI
Apr 27 13:31:16 ip-172-31-5-236 kernel: xen:events: Xen HVM callback vector for event delivery is enabled
Apr 27 13:31:16 ip-172-31-5-236 kernel: Console: colour VGA+ 80x25
Apr 27 13:31:16 ip-172-31-5-236 kernel: console [tty0] enabled
Apr 27 13:31:16 ip-172-31-5-236 kernel: Cannot get hvm parameter CONSOLE_EVTCHN (18): -22!
Apr 27 13:31:16 ip-172-31-5-236 kernel: console [ttyS0] enabled
Apr 27 13:31:16 ip-172-31-5-236 kernel: clocksource: hpet: mask: 0xffffffff max_cycles: 0xffffffff, max_idle_ns: 30580167144 ns
Apr 27 13:31:16 ip-172-31-5-236 kernel: tsc: Fast TSC calibration using PIT
Apr 27 13:31:16 ip-172-31-5-236 kernel: tsc: Detected 2399.827 MHz processor
Apr 27 13:31:16 ip-172-31-5-236 kernel: Calibrating delay loop (skipped), value calculated using timer frequency.. 4800.03 BogoMIPS (lpj=9600064)
Apr 27 13:31:16 ip-172-31-5-236 kernel: pid_max: default: 32768 minimum: 301
Apr 27 13:31:16 ip-172-31-5-236 kernel: ACPI: Core revision 20170728
Apr 27 13:31:16 ip-172-31-5-236 kernel: ACPI: 3 ACPI AML tables successfully acquired and loaded
Apr 27 13:31:16 ip-172-31-5-236 kernel: Security Framework initialized
Apr 27 13:31:16 ip-172-31-5-236 kernel: Yama: becoming mindful.
Apr 27 13:31:16 ip-172-31-5-236 kernel: SELinux:  Initializing.
Apr 27 13:31:16 ip-172-31-5-236 kernel: Dentry cache hash table entries: 131072 (order: 8, 1048576 bytes)
Apr 27 13:31:16 ip-172-31-5-236 kernel: Inode-cache hash table entries: 65536 (order: 7, 524288 bytes)
Apr 27 13:31:16 ip-172-31-5-236 kernel: Mount-cache hash table entries: 2048 (order: 2, 16384 bytes)
Apr 27 13:31:16 ip-172-31-5-236 kernel: Mountpoint-cache hash table entries: 2048 (order: 2, 16384 bytes)
Apr 27 13:31:16 ip-172-31-5-236 kernel: Last level iTLB entries: 4KB 1024, 2MB 1024, 4MB 1024
Apr 27 13:31:16 ip-172-31-5-236 kernel: Last level dTLB entries: 4KB 1024, 2MB 1024, 4MB 1024, 1GB 4
Apr 27 13:31:16 ip-172-31-5-236 kernel: Spectre V1 : Mitigation: usercopy/swapgs barriers and __user pointer sanitization
Apr 27 13:31:16 ip-172-31-5-236 kernel: Spectre V2 : Mitigation: Retpolines
Apr 27 13:31:16 ip-172-31-5-236 kernel: Spectre V2 : Spectre v2 / SpectreRSB mitigation: Filling RSB on context switch
Apr 27 13:31:16 ip-172-31-5-236 kernel: Speculative Store Bypass: Vulnerable
Apr 27 13:31:16 ip-172-31-5-236 kernel: MDS: Vulnerable: Clear CPU buffers attempted, no microcode
Apr 27 13:31:16 ip-172-31-5-236 kernel: smpboot: Max logical packages: 15
Apr 27 13:31:16 ip-172-31-5-236 kernel: x2apic: IRQ remapping doesn't support X2APIC mode
Apr 27 13:31:16 ip-172-31-5-236 kernel: Switched APIC routing to physical flat.
Apr 27 13:31:16 ip-172-31-5-236 kernel: ..TIMER: vector=0x30 apic1=0 pin1=2 apic2=0 pin2=0
Apr 27 13:31:16 ip-172-31-5-236 kernel: clocksource: xen: mask: 0xffffffffffffffff max_cycles: 0x1cd42e4dffb, max_idle_ns: 881590591483 ns
Apr 27 13:31:16 ip-172-31-5-236 kernel: installing Xen timer for CPU 0
Apr 27 13:31:16 ip-172-31-5-236 kernel: smpboot: CPU0: Intel(R) Xeon(R) CPU E5-2676 v3 @ 2.40GHz (family: 0x6, model: 0x3f, stepping: 0x2)
Apr 27 13:31:16 ip-172-31-5-236 kernel: cpu 0 spinlock event irq 53
Apr 27 13:31:16 ip-172-31-5-236 kernel: Performance Events: unsupported p6 CPU model 63 no PMU driver, software events only.
Apr 27 13:31:16 ip-172-31-5-236 kernel: Hierarchical SRCU implementation.
Apr 27 13:31:16 ip-172-31-5-236 kernel: NMI watchdog: Perf event create on CPU 0 failed with -2
Apr 27 13:31:16 ip-172-31-5-236 kernel: NMI watchdog: Perf NMI watchdog permanently disabled
Apr 27 13:31:16 ip-172-31-5-236 kernel: smp: Bringing up secondary CPUs ...
Apr 27 13:31:16 ip-172-31-5-236 kernel: smp: Brought up 1 node, 1 CPU
Apr 27 13:31:16 ip-172-31-5-236 kernel: smpboot: Total of 1 processors activated (4800.03 BogoMIPS)
Apr 27 13:31:16 ip-172-31-5-236 kernel: devtmpfs: initialized
Apr 27 13:31:16 ip-172-31-5-236 kernel: x86/mm: Memory block size: 128MB
Apr 27 13:31:16 ip-172-31-5-236 kernel: clocksource: jiffies: mask: 0xffffffff max_cycles: 0xffffffff, max_idle_ns: 7645041785100000 ns
Apr 27 13:31:16 ip-172-31-5-236 kernel: futex hash table entries: 4096 (order: 6, 262144 bytes)
Apr 27 13:31:16 ip-172-31-5-236 kernel: NET: Registered protocol family 16
Apr 27 13:31:16 ip-172-31-5-236 kernel: cpuidle: using governor ladder
Apr 27 13:31:16 ip-172-31-5-236 kernel: cpuidle: using governor menu
Apr 27 13:31:16 ip-172-31-5-236 kernel: ACPI: bus type PCI registered
Apr 27 13:31:16 ip-172-31-5-236 kernel: acpiphp: ACPI Hot Plug PCI Controller Driver version: 0.5
Apr 27 13:31:16 ip-172-31-5-236 kernel: PCI: Using configuration type 1 for base access
Apr 27 13:31:16 ip-172-31-5-236 kernel: HugeTLB registered 2.00 MiB page size, pre-allocated 0 pages
Apr 27 13:31:16 ip-172-31-5-236 kernel: ACPI: Added _OSI(Module Device)
Apr 27 13:31:16 ip-172-31-5-236 kernel: ACPI: Added _OSI(Processor Device)
Apr 27 13:31:16 ip-172-31-5-236 kernel: ACPI: Added _OSI(3.0 _SCP Extensions)
Apr 27 13:31:16 ip-172-31-5-236 kernel: ACPI: Added _OSI(Processor Aggregator Device)
Apr 27 13:31:16 ip-172-31-5-236 kernel: ACPI: Interpreter enabled
Apr 27 13:31:16 ip-172-31-5-236 kernel: ACPI: (supports S0 S4 S5)
Apr 27 13:31:16 ip-172-31-5-236 kernel: ACPI: Using IOAPIC for interrupt routing
Apr 27 13:31:16 ip-172-31-5-236 kernel: PCI: Using host bridge windows from ACPI; if necessary, use "pci=nocrs" and report a bug
Apr 27 13:31:16 ip-172-31-5-236 kernel: ACPI: Enabled 2 GPEs in block 00 to 0F
Apr 27 13:31:16 ip-172-31-5-236 kernel: ACPI: PCI Root Bridge [PCI0] (domain 0000 [bus 00-ff])
Apr 27 13:31:16 ip-172-31-5-236 kernel: acpi PNP0A03:00: _OSC: OS supports [ASPM ClockPM Segments MSI]
Apr 27 13:31:16 ip-172-31-5-236 kernel: acpi PNP0A03:00: _OSC failed (AE_NOT_FOUND); disabling ASPM
Apr 27 13:31:16 ip-172-31-5-236 kernel: acpi PNP0A03:00: fail to add MMCONFIG information, can't access extended PCI configuration space under this bridge.
Apr 27 13:31:16 ip-172-31-5-236 kernel: acpiphp: Slot [0] registered
Apr 27 13:31:16 ip-172-31-5-236 kernel: acpiphp: Slot [3] registered
Apr 27 13:31:16 ip-172-31-5-236 kernel: acpiphp: Slot [4] registered
Apr 27 13:31:16 ip-172-31-5-236 kernel: acpiphp: Slot [5] registered
Apr 27 13:31:16 ip-172-31-5-236 kernel: acpiphp: Slot [6] registered
Apr 27 13:31:16 ip-172-31-5-236 kernel: acpiphp: Slot [7] registered
Apr 27 13:31:16 ip-172-31-5-236 kernel: acpiphp: Slot [8] registered
Apr 27 13:31:16 ip-172-31-5-236 kernel: acpiphp: Slot [9] registered
Apr 27 13:31:16 ip-172-31-5-236 kernel: acpiphp: Slot [10] registered
Apr 27 13:31:16 ip-172-31-5-236 kernel: acpiphp: Slot [11] registered
Apr 27 13:31:16 ip-172-31-5-236 kernel: acpiphp: Slot [12] registered
Apr 27 13:31:16 ip-172-31-5-236 kernel: acpiphp: Slot [13] registered
Apr 27 13:31:16 ip-172-31-5-236 kernel: acpiphp: Slot [14] registered
Apr 27 13:31:16 ip-172-31-5-236 kernel: acpiphp: Slot [15] registered
Apr 27 13:31:16 ip-172-31-5-236 kernel: acpiphp: Slot [16] registered
Apr 27 13:31:16 ip-172-31-5-236 kernel: acpiphp: Slot [17] registered
Apr 27 13:31:16 ip-172-31-5-236 kernel: acpiphp: Slot [18] registered
Apr 27 13:31:16 ip-172-31-5-236 kernel: acpiphp: Slot [19] registered
Apr 27 13:31:16 ip-172-31-5-236 kernel: acpiphp: Slot [20] registered
Apr 27 13:31:16 ip-172-31-5-236 kernel: acpiphp: Slot [21] registered
Apr 27 13:31:16 ip-172-31-5-236 kernel: acpiphp: Slot [22] registered
Apr 27 13:31:16 ip-172-31-5-236 kernel: acpiphp: Slot [23] registered
Apr 27 13:31:16 ip-172-31-5-236 kernel: acpiphp: Slot [24] registered
Apr 27 13:31:16 ip-172-31-5-236 kernel: acpiphp: Slot [25] registered
Apr 27 13:31:16 ip-172-31-5-236 kernel: acpiphp: Slot [26] registered
Apr 27 13:31:16 ip-172-31-5-236 kernel: acpiphp: Slot [27] registered
Apr 27 13:31:16 ip-172-31-5-236 kernel: acpiphp: Slot [28] registered
Apr 27 13:31:16 ip-172-31-5-236 kernel: acpiphp: Slot [29] registered
Apr 27 13:31:16 ip-172-31-5-236 kernel: acpiphp: Slot [30] registered
Apr 27 13:31:16 ip-172-31-5-236 kernel: acpiphp: Slot [31] registered
Apr 27 13:31:16 ip-172-31-5-236 kernel: PCI host bridge to bus 0000:00
Apr 27 13:31:16 ip-172-31-5-236 kernel: pci_bus 0000:00: root bus resource [io  0x0000-0x0cf7 window]
Apr 27 13:31:16 ip-172-31-5-236 kernel: pci_bus 0000:00: root bus resource [io  0x0d00-0xffff window]
Apr 27 13:31:16 ip-172-31-5-236 kernel: pci_bus 0000:00: root bus resource [mem 0x000a0000-0x000bffff window]
Apr 27 13:31:16 ip-172-31-5-236 kernel: pci_bus 0000:00: root bus resource [mem 0xf0000000-0xfbffffff window]
Apr 27 13:31:16 ip-172-31-5-236 kernel: pci_bus 0000:00: root bus resource [bus 00-ff]
Apr 27 13:31:16 ip-172-31-5-236 kernel: pci 0000:00:01.1: legacy IDE quirk: reg 0x10: [io  0x01f0-0x01f7]
Apr 27 13:31:16 ip-172-31-5-236 kernel: pci 0000:00:01.1: legacy IDE quirk: reg 0x14: [io  0x03f6]
Apr 27 13:31:16 ip-172-31-5-236 kernel: pci 0000:00:01.1: legacy IDE quirk: reg 0x18: [io  0x0170-0x0177]
Apr 27 13:31:16 ip-172-31-5-236 kernel: pci 0000:00:01.1: legacy IDE quirk: reg 0x1c: [io  0x0376]
Apr 27 13:31:16 ip-172-31-5-236 kernel: * Found PM-Timer Bug on the chipset. Due to workarounds for a bug,#012* this clock source is slow. Consider trying other clock sources
Apr 27 13:31:16 ip-172-31-5-236 kernel: pci 0000:00:01.3: quirk: [io  0xb000-0xb03f] claimed by PIIX4 ACPI
Apr 27 13:31:16 ip-172-31-5-236 kernel: ACPI: PCI Interrupt Link [LNKA] (IRQs *5 10 11)
Apr 27 13:31:16 ip-172-31-5-236 kernel: ACPI: PCI Interrupt Link [LNKB] (IRQs 5 *10 11)
Apr 27 13:31:16 ip-172-31-5-236 kernel: ACPI: PCI Interrupt Link [LNKC] (IRQs 5 10 *11)
Apr 27 13:31:16 ip-172-31-5-236 kernel: ACPI: PCI Interrupt Link [LNKD] (IRQs *5 10 11)
Apr 27 13:31:16 ip-172-31-5-236 kernel: xen:balloon: Initialising balloon driver
Apr 27 13:31:16 ip-172-31-5-236 kernel: pci 0000:00:02.0: vgaarb: setting as boot VGA device
Apr 27 13:31:16 ip-172-31-5-236 kernel: pci 0000:00:02.0: vgaarb: VGA device added: decodes=io+mem,owns=io+mem,locks=none
Apr 27 13:31:16 ip-172-31-5-236 kernel: pci 0000:00:02.0: vgaarb: bridge control possible
Apr 27 13:31:16 ip-172-31-5-236 kernel: vgaarb: loaded
Apr 27 13:31:16 ip-172-31-5-236 kernel: EDAC MC: Ver: 3.0.0
Apr 27 13:31:16 ip-172-31-5-236 kernel: PCI: Using ACPI for IRQ routing
Apr 27 13:31:16 ip-172-31-5-236 kernel: NetLabel: Initializing
Apr 27 13:31:16 ip-172-31-5-236 kernel: NetLabel:  domain hash size = 128
Apr 27 13:31:16 ip-172-31-5-236 kernel: NetLabel:  protocols = UNLABELED CIPSOv4 CALIPSO
Apr 27 13:31:16 ip-172-31-5-236 kernel: NetLabel:  unlabeled traffic allowed by default
Apr 27 13:31:16 ip-172-31-5-236 kernel: HPET: 3 timers in total, 0 timers will be used for per-cpu timer
Apr 27 13:31:16 ip-172-31-5-236 kernel: hpet0: at MMIO 0xfed00000, IRQs 2, 8, 0
Apr 27 13:31:16 ip-172-31-5-236 kernel: hpet0: 3 comparators, 64-bit 62.500000 MHz counter
Apr 27 13:31:16 ip-172-31-5-236 kernel: clocksource: Switched to clocksource xen
Apr 27 13:31:16 ip-172-31-5-236 kernel: VFS: Disk quotas dquot_6.6.0
Apr 27 13:31:16 ip-172-31-5-236 kernel: VFS: Dquot-cache hash table entries: 512 (order 0, 4096 bytes)
Apr 27 13:31:16 ip-172-31-5-236 kernel: pnp: PnP ACPI init
Apr 27 13:31:16 ip-172-31-5-236 kernel: system 00:00: [mem 0x00000000-0x0009ffff] could not be reserved
Apr 27 13:31:16 ip-172-31-5-236 kernel: system 00:01: [io  0x08a0-0x08a3] has been reserved
Apr 27 13:31:16 ip-172-31-5-236 kernel: system 00:01: [io  0x0cc0-0x0ccf] has been reserved
Apr 27 13:31:16 ip-172-31-5-236 kernel: system 00:01: [io  0x04d0-0x04d1] has been reserved
Apr 27 13:31:16 ip-172-31-5-236 kernel: system 00:07: [io  0x10c0-0x1141] has been reserved
Apr 27 13:31:16 ip-172-31-5-236 kernel: system 00:07: [io  0xb044-0xb047] has been reserved
Apr 27 13:31:16 ip-172-31-5-236 kernel: pnp: PnP ACPI: found 8 devices
Apr 27 13:31:16 ip-172-31-5-236 kernel: clocksource: acpi_pm: mask: 0xffffff max_cycles: 0xffffff, max_idle_ns: 2085701024 ns
Apr 27 13:31:16 ip-172-31-5-236 kernel: NET: Registered protocol family 2
Apr 27 13:31:16 ip-172-31-5-236 kernel: IP idents hash table entries: 16384 (order: 5, 131072 bytes)
Apr 27 13:31:16 ip-172-31-5-236 kernel: TCP established hash table entries: 8192 (order: 4, 65536 bytes)
Apr 27 13:31:16 ip-172-31-5-236 kernel: TCP bind hash table entries: 8192 (order: 5, 131072 bytes)
Apr 27 13:31:16 ip-172-31-5-236 kernel: TCP: Hash tables configured (established 8192 bind 8192)
Apr 27 13:31:16 ip-172-31-5-236 kernel: UDP hash table entries: 512 (order: 2, 16384 bytes)
Apr 27 13:31:16 ip-172-31-5-236 kernel: UDP-Lite hash table entries: 512 (order: 2, 16384 bytes)
Apr 27 13:31:16 ip-172-31-5-236 kernel: NET: Registered protocol family 1
Apr 27 13:31:16 ip-172-31-5-236 kernel: pci 0000:00:00.0: Limiting direct PCI/PCI transfers
Apr 27 13:31:16 ip-172-31-5-236 kernel: pci 0000:00:01.0: PIIX3: Enabling Passive Release
Apr 27 13:31:16 ip-172-31-5-236 kernel: pci 0000:00:01.0: Activating ISA DMA hang workarounds
Apr 27 13:31:16 ip-172-31-5-236 kernel: pci 0000:00:02.0: Video device with shadowed ROM at [mem 0x000c0000-0x000dffff]
Apr 27 13:31:16 ip-172-31-5-236 kernel: Unpacking initramfs...
Apr 27 13:31:16 ip-172-31-5-236 kernel: Freeing initrd memory: 10348K
Apr 27 13:31:16 ip-172-31-5-236 kernel: Scanning for low memory corruption every 60 seconds
Apr 27 13:31:16 ip-172-31-5-236 kernel: audit: initializing netlink subsys (disabled)
Apr 27 13:31:16 ip-172-31-5-236 kernel: Initialise system trusted keyrings
Apr 27 13:31:16 ip-172-31-5-236 kernel: Key type blacklist registered
Apr 27 13:31:16 ip-172-31-5-236 kernel: audit: type=2000 audit(1651066275.213:1): state=initialized audit_enabled=0 res=1
Apr 27 13:31:16 ip-172-31-5-236 kernel: workingset: timestamp_bits=36 max_order=18 bucket_order=0
Apr 27 13:31:16 ip-172-31-5-236 kernel: zbud: loaded
Apr 27 13:31:16 ip-172-31-5-236 kernel: SGI XFS with ACLs, security attributes, no debug enabled
Apr 27 13:31:16 ip-172-31-5-236 kernel: random: fast init done
Apr 27 13:31:16 ip-172-31-5-236 kernel: Key type asymmetric registered
Apr 27 13:31:16 ip-172-31-5-236 kernel: Asymmetric key parser 'x509' registered
Apr 27 13:31:16 ip-172-31-5-236 kernel: Block layer SCSI generic (bsg) driver version 0.4 loaded (major 251)
Apr 27 13:31:16 ip-172-31-5-236 kernel: io scheduler noop registered (default)
Apr 27 13:31:16 ip-172-31-5-236 kernel: io scheduler cfq registered
Apr 27 13:31:16 ip-172-31-5-236 kernel: crc32: CRC_LE_BITS = 64, CRC_BE BITS = 64
Apr 27 13:31:16 ip-172-31-5-236 kernel: crc32: self tests passed, processed 225944 bytes in 161603 nsec
Apr 27 13:31:16 ip-172-31-5-236 kernel: crc32c: CRC_LE_BITS = 64
Apr 27 13:31:16 ip-172-31-5-236 kernel: crc32c: self tests passed, processed 225944 bytes in 81036 nsec
Apr 27 13:31:16 ip-172-31-5-236 kernel: crc32_combine: 8373 self tests passed
Apr 27 13:31:16 ip-172-31-5-236 kernel: crc32c_combine: 8373 self tests passed
Apr 27 13:31:16 ip-172-31-5-236 kernel: xen:grant_table: Grant tables using version 1 layout
Apr 27 13:31:16 ip-172-31-5-236 kernel: Grant table initialized
Apr 27 13:31:16 ip-172-31-5-236 kernel: Cannot get hvm parameter CONSOLE_EVTCHN (18): -22!
Apr 27 13:31:16 ip-172-31-5-236 kernel: Serial: 8250/16550 driver, 4 ports, IRQ sharing disabled
Apr 27 13:31:16 ip-172-31-5-236 kernel: 00:06: ttyS0 at I/O 0x3f8 (irq = 4, base_baud = 115200) is a 16550A
Apr 27 13:31:16 ip-172-31-5-236 kernel: xen_netfront: Initialising Xen virtual ethernet driver
Apr 27 13:31:16 ip-172-31-5-236 kernel: i8042: PNP: PS/2 Controller [PNP0303:PS2K,PNP0f13:PS2M] at 0x60,0x64 irq 1,12
Apr 27 13:31:16 ip-172-31-5-236 kernel: serio: i8042 KBD port at 0x60,0x64 irq 1
Apr 27 13:31:16 ip-172-31-5-236 kernel: serio: i8042 AUX port at 0x60,0x64 irq 12
Apr 27 13:31:16 ip-172-31-5-236 kernel: input: AT Translated Set 2 keyboard as /devices/platform/i8042/serio0/input/input0
Apr 27 13:31:16 ip-172-31-5-236 kernel: rtc_cmos 00:02: rtc core: registered rtc_cmos as rtc0
Apr 27 13:31:16 ip-172-31-5-236 kernel: rtc_cmos 00:02: alarms up to one day, 114 bytes nvram, hpet irqs
Apr 27 13:31:16 ip-172-31-5-236 kernel: hidraw: raw HID events driver (C) Jiri Kosina
Apr 27 13:31:16 ip-172-31-5-236 kernel: ip_tables: (C) 2000-2006 Netfilter Core Team
Apr 27 13:31:16 ip-172-31-5-236 kernel: NET: Registered protocol family 10
Apr 27 13:31:16 ip-172-31-5-236 kernel: Segment Routing with IPv6
Apr 27 13:31:16 ip-172-31-5-236 kernel: ip6_tables: (C) 2000-2006 Netfilter Core Team
Apr 27 13:31:16 ip-172-31-5-236 kernel: NET: Registered protocol family 17
Apr 27 13:31:16 ip-172-31-5-236 kernel: mce: Using 2 MCE banks
Apr 27 13:31:16 ip-172-31-5-236 kernel: sched_clock: Marking stable (1343003708, 0)->(2799382962, -1456379254)
Apr 27 13:31:16 ip-172-31-5-236 kernel: registered taskstats version 1
Apr 27 13:31:16 ip-172-31-5-236 kernel: Loading compiled-in X.509 certificates
Apr 27 13:31:16 ip-172-31-5-236 kernel: Loaded X.509 cert 'Build time autogenerated kernel key: eddc7166a4904349e16136bcb9a78244bcf1a1cd'
Apr 27 13:31:16 ip-172-31-5-236 kernel: zswap: loaded using pool lzo/zbud
Apr 27 13:31:16 ip-172-31-5-236 kernel: ima: No TPM chip found, activating TPM-bypass! (rc=-19)
Apr 27 13:31:16 ip-172-31-5-236 kernel: ima: Allocated hash algorithm: sha1
Apr 27 13:31:16 ip-172-31-5-236 kernel: xenbus_probe_frontend: Device with no driver: device/vbd/51712
Apr 27 13:31:16 ip-172-31-5-236 kernel: rtc_cmos 00:02: setting system clock to 2022-04-27 13:31:16 UTC (1651066276)
Apr 27 13:31:16 ip-172-31-5-236 kernel: Freeing unused kernel memory: 2220K
Apr 27 13:31:16 ip-172-31-5-236 kernel: Write protecting the kernel read-only data: 16384k
Apr 27 13:31:16 ip-172-31-5-236 kernel: Freeing unused kernel memory: 2016K
Apr 27 13:31:16 ip-172-31-5-236 kernel: Freeing unused kernel memory: 1056K
Apr 27 13:31:16 ip-172-31-5-236 systemd[1]: Inserted module 'autofs4'
Apr 27 13:31:16 ip-172-31-5-236 kernel: random: systemd: uninitialized urandom read (16 bytes read)
Apr 27 13:31:16 ip-172-31-5-236 kernel: random: systemd: uninitialized urandom read (16 bytes read)
Apr 27 13:31:16 ip-172-31-5-236 kernel: random: systemd: uninitialized urandom read (16 bytes read)
Apr 27 13:31:16 ip-172-31-5-236 systemd[1]: systemd 219 running in system mode. (+PAM +AUDIT +SELINUX +IMA -APPARMOR +SMACK +SYSVINIT +UTMP +LIBCRYPTSETUP +GCRYPT +GNUTLS +ACL +XZ +LZ4 -SECCOMP +BLKID +ELFUTILS +KMOD +IDN)
Apr 27 13:31:16 ip-172-31-5-236 systemd[1]: Detected virtualization xen.
Apr 27 13:31:16 ip-172-31-5-236 systemd[1]: Detected architecture x86-64.
Apr 27 13:31:16 ip-172-31-5-236 systemd[1]: Running in initial RAM disk.
Apr 27 13:31:16 ip-172-31-5-236 systemd[1]: No hostname configured.
Apr 27 13:31:16 ip-172-31-5-236 systemd[1]: Set hostname to <localhost>.
Apr 27 13:31:16 ip-172-31-5-236 systemd[1]: Initializing machine ID from random generator.
Apr 27 13:31:16 ip-172-31-5-236 systemd[1]: Reached target Local File Systems.
Apr 27 13:31:16 ip-172-31-5-236 systemd[1]: Created slice Root Slice.
Apr 27 13:31:16 ip-172-31-5-236 systemd[1]: Listening on udev Kernel Socket.
Apr 27 13:31:16 ip-172-31-5-236 journal: Journal started
Apr 27 13:31:16 ip-172-31-5-236 systemd: Started Create list of required static device nodes for the current kernel.
Apr 27 13:31:16 ip-172-31-5-236 systemd: Started Apply Kernel Variables.
Apr 27 13:31:16 ip-172-31-5-236 systemd: Starting Create Static Device Nodes in /dev...
Apr 27 13:31:16 ip-172-31-5-236 systemd: Started Create Static Device Nodes in /dev.
Apr 27 13:31:16 ip-172-31-5-236 systemd: Starting udev Kernel Device Manager...
Apr 27 13:31:16 ip-172-31-5-236 systemd-udevd: starting version 219
Apr 27 13:31:16 ip-172-31-5-236 systemd-udevd: Network interface NamePolicy= disabled on kernel command line, ignoring.
Apr 27 13:31:16 ip-172-31-5-236 systemd: Started udev Kernel Device Manager.
Apr 27 13:31:16 ip-172-31-5-236 systemd: Starting dracut pre-trigger hook...
Apr 27 13:31:16 ip-172-31-5-236 systemd: Started dracut pre-trigger hook.
Apr 27 13:31:16 ip-172-31-5-236 systemd: Starting udev Coldplug all Devices...
Apr 27 13:31:16 ip-172-31-5-236 systemd-udevd: Network interface NamePolicy= disabled on kernel command line, ignoring.
Apr 27 13:31:16 ip-172-31-5-236 systemd: Started udev Coldplug all Devices.
Apr 27 13:31:16 ip-172-31-5-236 systemd: Starting dracut initqueue hook...
Apr 27 13:31:16 ip-172-31-5-236 systemd: Reached target System Initialization.
Apr 27 13:31:16 ip-172-31-5-236 systemd: Reached target Basic System.
Apr 27 13:31:17 ip-172-31-5-236 kernel: tsc: Refined TSC clocksource calibration: 2400.024 MHz
Apr 27 13:31:17 ip-172-31-5-236 kernel: clocksource: tsc: mask: 0xffffffffffffffff max_cycles: 0x22984df774b, max_idle_ns: 440795211062 ns
Apr 27 13:31:17 ip-172-31-5-236 kernel: SCSI subsystem initialized
Apr 27 13:31:17 ip-172-31-5-236 kernel: Invalid max_queues (4), will use default max: 1.
Apr 27 13:31:17 ip-172-31-5-236 kernel: scsi host0: ata_piix
Apr 27 13:31:17 ip-172-31-5-236 kernel: scsi host1: ata_piix
Apr 27 13:31:17 ip-172-31-5-236 kernel: ata1: PATA max MWDMA2 cmd 0x1f0 ctl 0x3f6 bmdma 0xc100 irq 14
Apr 27 13:31:17 ip-172-31-5-236 kernel: ata2: PATA max MWDMA2 cmd 0x170 ctl 0x376 bmdma 0xc108 irq 15
Apr 27 13:31:17 ip-172-31-5-236 kernel: blkfront: xvda: barrier or flush: disabled; persistent grants: disabled; indirect descriptors: enabled;
Apr 27 13:31:17 ip-172-31-5-236 kernel: xvda: xvda1
Apr 27 13:31:17 ip-172-31-5-236 systemd: Found device /dev/disk/by-uuid/dc74d1d7-c6e7-4592-931f-70681a786a83.
Apr 27 13:31:17 ip-172-31-5-236 systemd: Starting File System Check on /dev/disk/by-uuid/dc74d1d7-c6e7-4592-931f-70681a786a83...
Apr 27 13:31:17 ip-172-31-5-236 systemd-fsck: fsck.xfs doesn't exist, not checking file system on /dev/disk/by-uuid/dc74d1d7-c6e7-4592-931f-70681a786a83
Apr 27 13:31:17 ip-172-31-5-236 systemd: Started File System Check on /dev/disk/by-uuid/dc74d1d7-c6e7-4592-931f-70681a786a83.
Apr 27 13:31:17 ip-172-31-5-236 systemd: Started dracut initqueue hook.
Apr 27 13:31:17 ip-172-31-5-236 systemd: Reached target Remote File Systems (Pre).
Apr 27 13:31:17 ip-172-31-5-236 systemd: Reached target Remote File Systems.
Apr 27 13:31:17 ip-172-31-5-236 systemd: Mounting /sysroot...
Apr 27 13:31:17 ip-172-31-5-236 kernel: XFS (xvda1): Mounting V5 Filesystem
Apr 27 13:31:17 ip-172-31-5-236 kernel: XFS (xvda1): Ending clean mount
Apr 27 13:31:17 ip-172-31-5-236 systemd: Mounted /sysroot.
Apr 27 13:31:17 ip-172-31-5-236 systemd: Reached target Initrd Root File System.
Apr 27 13:31:17 ip-172-31-5-236 systemd: Starting Reload Configuration from the Real Root...
Apr 27 13:31:17 ip-172-31-5-236 systemd: Reloading.
Apr 27 13:31:17 ip-172-31-5-236 systemd: Started Reload Configuration from the Real Root.
Apr 27 13:31:17 ip-172-31-5-236 systemd: Reached target Initrd File Systems.
Apr 27 13:31:17 ip-172-31-5-236 systemd: Reached target Initrd Default Target.
Apr 27 13:31:17 ip-172-31-5-236 systemd: Starting dracut pre-pivot and cleanup hook...
Apr 27 13:31:17 ip-172-31-5-236 systemd: Started dracut pre-pivot and cleanup hook.
Apr 27 13:31:17 ip-172-31-5-236 systemd: Starting Cleaning Up and Shutting Down Daemons...
Apr 27 13:31:17 ip-172-31-5-236 systemd: Started Cleaning Up and Shutting Down Daemons.
Apr 27 13:31:17 ip-172-31-5-236 systemd: Stopped target Timers.
Apr 27 13:31:17 ip-172-31-5-236 systemd: Stopped dracut pre-pivot and cleanup hook.
Apr 27 13:31:17 ip-172-31-5-236 systemd: Stopped target Remote File Systems.
Apr 27 13:31:17 ip-172-31-5-236 systemd: Stopped target Remote File Systems (Pre).
Apr 27 13:31:17 ip-172-31-5-236 systemd: Stopped target Initrd Default Target.
Apr 27 13:31:17 ip-172-31-5-236 systemd: Stopped target Basic System.
Apr 27 13:31:17 ip-172-31-5-236 systemd: Stopped target Sockets.
Apr 27 13:31:17 ip-172-31-5-236 systemd: Stopped target System Initialization.
Apr 27 13:31:17 ip-172-31-5-236 systemd: Stopped target Local File Systems.
Apr 27 13:31:17 ip-172-31-5-236 systemd: Stopped target Swap.
Apr 27 13:31:17 ip-172-31-5-236 systemd: Stopped Apply Kernel Variables.
Apr 27 13:31:17 ip-172-31-5-236 systemd: Stopped target Slices.
Apr 27 13:31:17 ip-172-31-5-236 systemd: Stopped target Paths.
Apr 27 13:31:17 ip-172-31-5-236 systemd: Stopped Dispatch Password Requests to Console Directory Watch.
Apr 27 13:31:17 ip-172-31-5-236 systemd: Stopped dracut initqueue hook.
Apr 27 13:31:17 ip-172-31-5-236 systemd: Stopped udev Coldplug all Devices.
Apr 27 13:31:17 ip-172-31-5-236 systemd: Stopped dracut pre-trigger hook.
Apr 27 13:31:17 ip-172-31-5-236 systemd: Stopping udev Kernel Device Manager...
Apr 27 13:31:17 ip-172-31-5-236 systemd: Stopped udev Kernel Device Manager.
Apr 27 13:31:17 ip-172-31-5-236 systemd: Stopped Create Static Device Nodes in /dev.
Apr 27 13:31:17 ip-172-31-5-236 systemd: Stopped Create list of required static device nodes for the current kernel.
Apr 27 13:31:17 ip-172-31-5-236 systemd: Closed udev Kernel Socket.
Apr 27 13:31:17 ip-172-31-5-236 systemd: Closed udev Control Socket.
Apr 27 13:31:17 ip-172-31-5-236 systemd: Starting Cleanup udevd DB...
Apr 27 13:31:17 ip-172-31-5-236 systemd: Started Cleanup udevd DB.
Apr 27 13:31:17 ip-172-31-5-236 systemd: Reached target Switch Root.
Apr 27 13:31:17 ip-172-31-5-236 systemd: Starting Switch Root...
Apr 27 13:31:17 ip-172-31-5-236 systemd: Switching root.
Apr 27 13:31:18 ip-172-31-5-236 journal: Journal stopped
Apr 27 13:31:19 ip-172-31-5-236 journal: Runtime journal is using 6.1M (max allowed 49.1M, trying to leave 73.6M free of 478.8M available â†’ current limit 49.1M).
Apr 27 13:31:19 ip-172-31-5-236 systemd-journald[967]: Received SIGTERM from PID 1 (systemd).
Apr 27 13:31:19 ip-172-31-5-236 kernel: systemd: 13 output lines suppressed due to ratelimiting
Apr 27 13:31:19 ip-172-31-5-236 kernel: SELinux:  Disabled at runtime.
Apr 27 13:31:19 ip-172-31-5-236 kernel: audit: type=1404 audit(1651066278.572:2): selinux=0 auid=4294967295 ses=4294967295
Apr 27 13:31:19 ip-172-31-5-236 journal: Journal started
Apr 27 13:31:19 ip-172-31-5-236 systemd: systemd 219 running in system mode. (+PAM +AUDIT +SELINUX +IMA -APPARMOR +SMACK +SYSVINIT +UTMP +LIBCRYPTSETUP +GCRYPT +GNUTLS +ACL +XZ +LZ4 -SECCOMP +BLKID +ELFUTILS +KMOD +IDN)
Apr 27 13:31:19 ip-172-31-5-236 systemd: Detected virtualization xen.
Apr 27 13:31:19 ip-172-31-5-236 systemd: Detected architecture x86-64.
Apr 27 13:31:19 ip-172-31-5-236 systemd: Set hostname to <ip-172-31-53-47.ec2.internal>.
Apr 27 13:31:19 ip-172-31-5-236 systemd: Cannot add dependency job for unit display-manager.service, ignoring: Unit not found.
Apr 27 13:31:19 ip-172-31-5-236 systemd: Started Create list of required static device nodes for the current kernel.
Apr 27 13:31:19 ip-172-31-5-236 systemd: Started Read and set NIS domainname from /etc/sysconfig/network.
Apr 27 13:31:19 ip-172-31-5-236 systemd: Started Setup Virtual Console.
Apr 27 13:31:19 ip-172-31-5-236 systemd: Starting Create Static Device Nodes in /dev...
Apr 27 13:31:19 ip-172-31-5-236 systemd: Started Remount Root and Kernel File Systems.
Apr 27 13:31:19 ip-172-31-5-236 systemd: Starting Configure read-only root support...
Apr 27 13:31:19 ip-172-31-5-236 systemd: Starting Relabel kernel modules early in the boot, if needed...
Apr 27 13:31:19 ip-172-31-5-236 systemd: Starting Flush Journal to Persistent Storage...
Apr 27 13:31:19 ip-172-31-5-236 systemd: Starting udev Coldplug all Devices...
Apr 27 13:31:19 ip-172-31-5-236 systemd: Started Create Static Device Nodes in /dev.
Apr 27 13:31:19 ip-172-31-5-236 systemd: Started Relabel kernel modules early in the boot, if needed.
Apr 27 13:31:19 ip-172-31-5-236 systemd: Started Configure read-only root support.
Apr 27 13:31:19 ip-172-31-5-236 kernel: random: crng init done
Apr 27 13:31:19 ip-172-31-5-236 kernel: random: 7 urandom warning(s) missed due to ratelimiting
Apr 27 13:31:19 ip-172-31-5-236 systemd: Started LVM2 metadata daemon.
Apr 27 13:31:19 ip-172-31-5-236 systemd: Starting Load/Save Random Seed...
Apr 27 13:31:19 ip-172-31-5-236 systemd: Starting Load Kernel Modules...
Apr 27 13:31:19 ip-172-31-5-236 systemd: Starting udev Kernel Device Manager...
Apr 27 13:31:19 ip-172-31-5-236 systemd: Started udev Coldplug all Devices.
Apr 27 13:31:19 ip-172-31-5-236 systemd: Started Flush Journal to Persistent Storage.
Apr 27 13:31:19 ip-172-31-5-236 systemd: Started Load/Save Random Seed.
Apr 27 13:31:19 ip-172-31-5-236 systemd-udevd: starting version 219
Apr 27 13:31:19 ip-172-31-5-236 systemd: Starting udev Wait for Complete Device Initialization...
Apr 27 13:31:19 ip-172-31-5-236 systemd-udevd: Network interface NamePolicy= disabled on kernel command line, ignoring.
Apr 27 13:31:19 ip-172-31-5-236 systemd-modules-load: Inserted module 'ena'
Apr 27 13:31:19 ip-172-31-5-236 systemd: Started Load Kernel Modules.
Apr 27 13:31:19 ip-172-31-5-236 systemd: Starting Apply Kernel Variables...
Apr 27 13:31:19 ip-172-31-5-236 systemd: Started Apply Kernel Variables.
Apr 27 13:31:19 ip-172-31-5-236 systemd: Started udev Kernel Device Manager.
Apr 27 13:31:20 ip-172-31-5-236 systemd: Starting Show Plymouth Boot Screen...
Apr 27 13:31:20 ip-172-31-5-236 kernel: input: Power Button as /devices/LNXSYSTM:00/LNXPWRBN:00/input/input3
Apr 27 13:31:20 ip-172-31-5-236 kernel: ACPI: Power Button [PWRF]
Apr 27 13:31:20 ip-172-31-5-236 kernel: input: Sleep Button as /devices/LNXSYSTM:00/LNXSLPBN:00/input/input4
Apr 27 13:31:20 ip-172-31-5-236 kernel: ACPI: Sleep Button [SLPF]
Apr 27 13:31:20 ip-172-31-5-236 systemd: Received SIGRTMIN+20 from PID 2331 (plymouthd).
Apr 27 13:31:20 ip-172-31-5-236 systemd: Started Show Plymouth Boot Screen.
Apr 27 13:31:20 ip-172-31-5-236 systemd: Started Forward Password Requests to Plymouth Directory Watch.
Apr 27 13:31:20 ip-172-31-5-236 systemd: Found device /dev/ttyS0.
Apr 27 13:31:20 ip-172-31-5-236 kernel: input: ImExPS/2 Generic Explorer Mouse as /devices/platform/i8042/serio1/input/input5
Apr 27 13:31:20 ip-172-31-5-236 kernel: mousedev: PS/2 mouse device common for all mice
Apr 27 13:31:20 ip-172-31-5-236 systemd: Created slice system-ec2net\x2difup.slice.
Apr 27 13:31:20 ip-172-31-5-236 systemd: Starting Relabel kernel modules early in the boot, if needed...
Apr 27 13:31:20 ip-172-31-5-236 systemd: Started Relabel kernel modules early in the boot, if needed.
Apr 27 13:31:20 ip-172-31-5-236 kernel: AVX2 version of gcm_enc/dec engaged.
Apr 27 13:31:20 ip-172-31-5-236 kernel: AES CTR mode by8 optimization enabled
Apr 27 13:31:20 ip-172-31-5-236 kernel: alg: No test for pcbc(aes) (pcbc-aes-aesni)
Apr 27 13:31:20 ip-172-31-5-236 systemd: Started Monitoring of LVM2 mirrors, snapshots etc. using dmeventd or progress polling.
Apr 27 13:31:20 ip-172-31-5-236 systemd: Reached target Local File Systems (Pre).
Apr 27 13:31:20 ip-172-31-5-236 kernel: EDAC sbridge:  Ver: 1.1.2 
Apr 27 13:31:20 ip-172-31-5-236 systemd: Started udev Wait for Complete Device Initialization.
Apr 27 13:31:20 ip-172-31-5-236 systemd: Starting Activation of DM RAID sets...
Apr 27 13:31:20 ip-172-31-5-236 kernel: device-mapper: uevent: version 1.0.3
Apr 27 13:31:20 ip-172-31-5-236 kernel: device-mapper: ioctl: 4.37.0-ioctl (2017-09-20) initialised: dm-devel@redhat.com
Apr 27 13:31:20 ip-172-31-5-236 systemd: Started Activation of DM RAID sets.
Apr 27 13:31:20 ip-172-31-5-236 systemd: Reached target Local Encrypted Volumes.
Apr 27 13:31:20 ip-172-31-5-236 systemd: Reached target Local File Systems.
Apr 27 13:31:20 ip-172-31-5-236 systemd: Starting Create Volatile Files and Directories...
Apr 27 13:31:20 ip-172-31-5-236 systemd: Starting Preprocess NFS configuration...
Apr 27 13:31:20 ip-172-31-5-236 systemd: Starting Tell Plymouth To Write Out Runtime Data...
Apr 27 13:31:20 ip-172-31-5-236 systemd: Started Create Volatile Files and Directories.
Apr 27 13:31:20 ip-172-31-5-236 systemd: Starting Security Auditing Service...
Apr 27 13:31:20 ip-172-31-5-236 systemd: Mounting RPC Pipe File System...
Apr 27 13:31:20 ip-172-31-5-236 systemd: Started Preprocess NFS configuration.
Apr 27 13:31:20 ip-172-31-5-236 systemd: Started Tell Plymouth To Write Out Runtime Data.
Apr 27 13:31:20 ip-172-31-5-236 kernel: RPC: Registered named UNIX socket transport module.
Apr 27 13:31:20 ip-172-31-5-236 kernel: RPC: Registered udp transport module.
Apr 27 13:31:20 ip-172-31-5-236 kernel: RPC: Registered tcp transport module.
Apr 27 13:31:20 ip-172-31-5-236 kernel: RPC: Registered tcp NFSv4.1 backchannel transport module.
Apr 27 13:31:20 ip-172-31-5-236 systemd: Mounted RPC Pipe File System.
Apr 27 13:31:20 ip-172-31-5-236 systemd: Reached target rpc_pipefs.target.
Apr 27 13:31:20 ip-172-31-5-236 auditd: Could not open dir /var/log/audit (No such file or directory)
Apr 27 13:31:20 ip-172-31-5-236 auditd: The audit daemon is exiting.
Apr 27 13:31:20 ip-172-31-5-236 systemd: auditd.service: control process exited, code=exited status=6
Apr 27 13:31:20 ip-172-31-5-236 systemd: Failed to start Security Auditing Service.
Apr 27 13:31:20 ip-172-31-5-236 systemd: Unit auditd.service entered failed state.
Apr 27 13:31:20 ip-172-31-5-236 systemd: auditd.service failed.
Apr 27 13:31:20 ip-172-31-5-236 systemd: Starting Update UTMP about System Boot/Shutdown...
Apr 27 13:31:20 ip-172-31-5-236 systemd: Started Update UTMP about System Boot/Shutdown.
Apr 27 13:31:20 ip-172-31-5-236 systemd: Reached target System Initialization.
Apr 27 13:31:20 ip-172-31-5-236 systemd: Started Daily Cleanup of Temporary Directories.
Apr 27 13:31:20 ip-172-31-5-236 systemd: Reached target Timers.
Apr 27 13:31:20 ip-172-31-5-236 systemd: Listening on RPCbind Server Activation Socket.
Apr 27 13:31:20 ip-172-31-5-236 systemd: Starting RPC bind service...
Apr 27 13:31:20 ip-172-31-5-236 systemd: Listening on D-Bus System Message Bus Socket.
Apr 27 13:31:20 ip-172-31-5-236 systemd: Reached target Sockets.
Apr 27 13:31:20 ip-172-31-5-236 systemd: Started Flexible branding.
Apr 27 13:31:20 ip-172-31-5-236 systemd: Reached target Paths.
Apr 27 13:31:20 ip-172-31-5-236 systemd: Reached target Basic System.
Apr 27 13:31:20 ip-172-31-5-236 systemd: Starting Initial cloud-init job (pre-networking)...
Apr 27 13:31:20 ip-172-31-5-236 systemd: Starting Dump dmesg to /var/log/dmesg...
Apr 27 13:31:20 ip-172-31-5-236 systemd: Started Run the CVE-2021-44228 hotfix script.
Apr 27 13:31:20 ip-172-31-5-236 systemd: Starting NTP client/server...
Apr 27 13:31:20 ip-172-31-5-236 systemd: Starting GSSAPI Proxy Daemon...
Apr 27 13:31:20 ip-172-31-5-236 systemd: Starting Login Service...
Apr 27 13:31:20 ip-172-31-5-236 systemd: Started libstoragemgmt plug-in server daemon.
Apr 27 13:31:20 ip-172-31-5-236 systemd: Starting Hardware RNG Entropy Gatherer Wake threshold service...
Apr 27 13:31:20 ip-172-31-5-236 log4j-cve-2021-44228-hotpatch: [log4j-hotpatch] Starting up now...
Apr 27 13:31:20 ip-172-31-5-236 systemd: Starting ACPI Event Daemon...
Apr 27 13:31:20 ip-172-31-5-236 acpid: starting up with netlink and the input layer
Apr 27 13:31:20 ip-172-31-5-236 acpid: skipping incomplete file /etc/acpi/events/videoconf
Apr 27 13:31:20 ip-172-31-5-236 systemd: Started irqbalance daemon.
Apr 27 13:31:20 ip-172-31-5-236 systemd: Started D-Bus System Message Bus.
Apr 27 13:31:20 ip-172-31-5-236 root: Starting up now...
Apr 27 13:31:20 ip-172-31-5-236 acpid: 2 rules loaded
Apr 27 13:31:20 ip-172-31-5-236 acpid: waiting for events: event logging is off
Apr 27 13:31:20 ip-172-31-5-236 log4j-cve-2021-44228-hotpatch: [log4j-hotpatch] No JVMs found, exiting gracefully
Apr 27 13:31:20 ip-172-31-5-236 /usr/sbin/irqbalance: Balancing is ineffective on systems with a single cpu.  Shutting down
Apr 27 13:31:20 ip-172-31-5-236 root: No JVMs found, exiting gracefully
Apr 27 13:31:20 ip-172-31-5-236 chronyd[2500]: chronyd version 4.0 starting (+CMDMON +NTP +REFCLOCK +RTC +PRIVDROP +SCFILTER +SIGND +ASYNCDNS -NTS +SECHASH +IPV6 +DEBUG)
Apr 27 13:31:20 ip-172-31-5-236 systemd: Starting Resets System Activity Logs...
Apr 27 13:31:20 ip-172-31-5-236 systemd: Started RPC bind service.
Apr 27 13:31:20 ip-172-31-5-236 systemd: Started Dump dmesg to /var/log/dmesg.
Apr 27 13:31:20 ip-172-31-5-236 systemd: Started Hardware RNG Entropy Gatherer Wake threshold service.
Apr 27 13:31:20 ip-172-31-5-236 systemd: Started ACPI Event Daemon.
Apr 27 13:31:20 ip-172-31-5-236 systemd: Started Hardware RNG Entropy Gatherer Daemon.
Apr 27 13:31:20 ip-172-31-5-236 systemd-logind: New seat seat0.
Apr 27 13:31:20 ip-172-31-5-236 systemd: Started Login Service.
Apr 27 13:31:21 ip-172-31-5-236 chronyd[2500]: Frequency 1.505 +/- 2.286 ppm read from /var/lib/chrony/drift
Apr 27 13:31:21 ip-172-31-5-236 systemd: Started NTP client/server.
Apr 27 13:31:21 ip-172-31-5-236 systemd: Started GSSAPI Proxy Daemon.
Apr 27 13:31:21 ip-172-31-5-236 systemd: Reached target NFS client services.
Apr 27 13:31:21 ip-172-31-5-236 systemd: Reached target Remote File Systems (Pre).
Apr 27 13:31:21 ip-172-31-5-236 systemd: Reached target Remote File Systems.
Apr 27 13:31:21 ip-172-31-5-236 systemd: Started Resets System Activity Logs.
Apr 27 13:31:21 ip-172-31-5-236 rngd: Disabling 5: JITTER Entropy generator (jitter)
Apr 27 13:31:21 ip-172-31-5-236 rngd: Initializing available sources
Apr 27 13:31:21 ip-172-31-5-236 rngd: Failed to init entropy source hwrng
Apr 27 13:31:21 ip-172-31-5-236 rngd: Enabling RDRAND rng support
Apr 27 13:31:21 ip-172-31-5-236 rngd: Initializing entropy source rdrand
Apr 27 13:31:22 ip-172-31-5-236 cloud-init: Cloud-init v. 19.3-45.amzn2 running 'init-local' at Wed, 27 Apr 2022 13:31:22 +0000. Up 7.22 seconds.
Apr 27 13:31:22 ip-172-31-5-236 systemd: Started Initial cloud-init job (pre-networking).
Apr 27 13:31:22 ip-172-31-5-236 systemd: Reached target Network (Pre).
Apr 27 13:31:22 ip-172-31-5-236 systemd: Starting LSB: Bring up/down networking...
Apr 27 13:31:22 ip-172-31-5-236 network: Bringing up loopback interface:  [  OK  ]
Apr 27 13:31:22 ip-172-31-5-236 network: Bringing up interface eth0:
Apr 27 13:31:22 ip-172-31-5-236 dhclient[2656]: DHCPDISCOVER on eth0 to 255.255.255.255 port 67 interval 8 (xid=0x3d0ab1bb)
Apr 27 13:31:30 ip-172-31-5-236 dhclient[2656]: DHCPDISCOVER on eth0 to 255.255.255.255 port 67 interval 14 (xid=0x3d0ab1bb)
Apr 27 13:31:44 ip-172-31-5-236 dhclient[2656]: DHCPDISCOVER on eth0 to 255.255.255.255 port 67 interval 12 (xid=0x3d0ab1bb)
Apr 27 13:31:56 ip-172-31-5-236 dhclient[2656]: DHCPDISCOVER on eth0 to 255.255.255.255 port 67 interval 7 (xid=0x3d0ab1bb)
Apr 27 13:31:56 ip-172-31-5-236 dhclient[2656]: DHCPREQUEST on eth0 to 255.255.255.255 port 67 (xid=0x3d0ab1bb)
Apr 27 13:31:56 ip-172-31-5-236 dhclient[2656]: DHCPOFFER from 172.31.0.1
Apr 27 13:31:56 ip-172-31-5-236 dhclient[2656]: DHCPACK from 172.31.0.1 (xid=0x3d0ab1bb)
Apr 27 13:31:56 ip-172-31-5-236 NET: dhclient: Locked /run/dhclient/resolv.lock
Apr 27 13:31:56 ip-172-31-5-236 NET[2874]: /usr/sbin/dhclient-script : updated /etc/resolv.conf
Apr 27 13:31:56 ip-172-31-5-236 dhclient[2656]: bound to 172.31.5.236 -- renewal in 1559 seconds.
Apr 27 13:31:56 ip-172-31-5-236 network: Determining IP information for eth0... done.
Apr 27 13:31:56 ip-172-31-5-236 ec2net: [get_meta] Querying IMDS for meta-data/network/interfaces/macs/02:14:33:1b:05:0f/local-ipv4s
Apr 27 13:31:56 ip-172-31-5-236 ec2net: [get_meta] Getting token for IMDSv2.
Apr 27 13:31:56 ip-172-31-5-236 ec2net: [get_meta] Trying to get http://169.254.169.254/latest/meta-data/network/interfaces/macs/02:14:33:1b:05:0f/
Apr 27 13:31:56 ip-172-31-5-236 ec2net: [get_meta] Trying to get http://169.254.169.254/latest/meta-data/network/interfaces/macs/02:14:33:1b:05:0f/local-ipv4s
Apr 27 13:31:56 ip-172-31-5-236 ec2net: [remove_aliases] Removing aliases of eth0
Apr 27 13:31:56 ip-172-31-5-236 network: Determining IPv6 information for eth0... done.
Apr 27 13:31:56 ip-172-31-5-236 network: [  OK  ]
Apr 27 13:31:56 ip-172-31-5-236 systemd: Started LSB: Bring up/down networking.
Apr 27 13:31:56 ip-172-31-5-236 systemd: Reached target Network.
Apr 27 13:31:56 ip-172-31-5-236 systemd: Starting Postfix Mail Transport Agent...
Apr 27 13:31:56 ip-172-31-5-236 systemd: Starting Initial cloud-init job (metadata service crawler)...
Apr 27 13:31:57 ip-172-31-5-236 cloud-init: Cloud-init v. 19.3-45.amzn2 running 'init' at Wed, 27 Apr 2022 13:31:56 +0000. Up 41.86 seconds.
Apr 27 13:31:57 ip-172-31-5-236 cloud-init: ci-info: +++++++++++++++++++++++++++++++++++++Net device info++++++++++++++++++++++++++++++++++++++
Apr 27 13:31:57 ip-172-31-5-236 cloud-init: ci-info: +--------+------+---------------------------+---------------+--------+-------------------+
Apr 27 13:31:57 ip-172-31-5-236 cloud-init: ci-info: | Device |  Up  |          Address          |      Mask     | Scope  |     Hw-Address    |
Apr 27 13:31:57 ip-172-31-5-236 cloud-init: ci-info: +--------+------+---------------------------+---------------+--------+-------------------+
Apr 27 13:31:57 ip-172-31-5-236 cloud-init: ci-info: |  eth0  | True |        172.31.5.236       | 255.255.240.0 | global | 02:14:33:1b:05:0f |
Apr 27 13:31:57 ip-172-31-5-236 cloud-init: ci-info: |  eth0  | True | fe80::14:33ff:fe1b:50f/64 |       .       |  link  | 02:14:33:1b:05:0f |
Apr 27 13:31:57 ip-172-31-5-236 cloud-init: ci-info: |   lo   | True |         127.0.0.1         |   255.0.0.0   |  host  |         .         |
Apr 27 13:31:57 ip-172-31-5-236 cloud-init: ci-info: |   lo   | True |          ::1/128          |       .       |  host  |         .         |
Apr 27 13:31:57 ip-172-31-5-236 cloud-init: ci-info: +--------+------+---------------------------+---------------+--------+-------------------+
Apr 27 13:31:57 ip-172-31-5-236 cloud-init: ci-info: +++++++++++++++++++++++++++++++Route IPv4 info++++++++++++++++++++++++++++++++
Apr 27 13:31:57 ip-172-31-5-236 cloud-init: ci-info: +-------+-----------------+------------+-----------------+-----------+-------+
Apr 27 13:31:57 ip-172-31-5-236 cloud-init: ci-info: | Route |   Destination   |  Gateway   |     Genmask     | Interface | Flags |
Apr 27 13:31:57 ip-172-31-5-236 cloud-init: ci-info: +-------+-----------------+------------+-----------------+-----------+-------+
Apr 27 13:31:57 ip-172-31-5-236 cloud-init: ci-info: |   0   |     0.0.0.0     | 172.31.0.1 |     0.0.0.0     |    eth0   |   UG  |
Apr 27 13:31:57 ip-172-31-5-236 cloud-init: ci-info: |   1   | 169.254.169.254 |  0.0.0.0   | 255.255.255.255 |    eth0   |   UH  |
Apr 27 13:31:57 ip-172-31-5-236 cloud-init: ci-info: |   2   |    172.31.0.0   |  0.0.0.0   |  255.255.240.0  |    eth0   |   U   |
Apr 27 13:31:57 ip-172-31-5-236 cloud-init: ci-info: +-------+-----------------+------------+-----------------+-----------+-------+
Apr 27 13:31:57 ip-172-31-5-236 cloud-init: ci-info: +++++++++++++++++++Route IPv6 info+++++++++++++++++++
Apr 27 13:31:57 ip-172-31-5-236 cloud-init: ci-info: +-------+-------------+---------+-----------+-------+
Apr 27 13:31:57 ip-172-31-5-236 cloud-init: ci-info: | Route | Destination | Gateway | Interface | Flags |
Apr 27 13:31:57 ip-172-31-5-236 cloud-init: ci-info: +-------+-------------+---------+-----------+-------+
Apr 27 13:31:57 ip-172-31-5-236 cloud-init: ci-info: |   9   |  fe80::/64  |    ::   |    eth0   |   U   |
Apr 27 13:31:57 ip-172-31-5-236 cloud-init: ci-info: |   11  |    local    |    ::   |    eth0   |   U   |
Apr 27 13:31:57 ip-172-31-5-236 cloud-init: ci-info: |   12  |   ff00::/8  |    ::   |    eth0   |   U   |
Apr 27 13:31:57 ip-172-31-5-236 cloud-init: ci-info: +-------+-------------+---------+-----------+-------+
Apr 27 13:31:57 ip-172-31-5-236 dhclient[2935]: XMT: Solicit on eth0, interval 1060ms.
Apr 27 13:31:57 ip-172-31-5-236 systemd: Started Postfix Mail Transport Agent.
Apr 27 13:31:57 ip-172-31-5-236 dbus[2490]: [system] Activating via systemd: service name='org.freedesktop.hostname1' unit='dbus-org.freedesktop.hostname1.service'
Apr 27 13:31:57 ip-172-31-5-236 systemd: Starting Hostname Service...
Apr 27 13:31:57 ip-172-31-5-236 dbus[2490]: [system] Successfully activated service 'org.freedesktop.hostname1'
Apr 27 13:31:57 ip-172-31-5-236 systemd: Started Hostname Service.
Apr 27 13:31:57 ip-172-31-5-236 systemd-hostnamed: Changed static host name to 'ip-172-31-5-236.ec2.internal'
Apr 27 13:31:57 ip-172-31-5-236 systemd-hostnamed: Changed host name to 'ip-172-31-5-236.ec2.internal'
Apr 27 13:31:58 ip-172-31-5-236 systemd: Started Initial cloud-init job (metadata service crawler).
Apr 27 13:31:58 ip-172-31-5-236 systemd: Starting OpenSSH Server Key Generation...
Apr 27 13:31:58 ip-172-31-5-236 systemd: Reached target Cloud-config availability.
Apr 27 13:31:58 ip-172-31-5-236 systemd: Starting Permit User Sessions...
Apr 27 13:31:58 ip-172-31-5-236 systemd: Reached target Network is Online.
Apr 27 13:31:58 ip-172-31-5-236 systemd: Starting Notify NFS peers of a restart...
Apr 27 13:31:58 ip-172-31-5-236 systemd: Starting System Logging Service...
Apr 27 13:31:58 ip-172-31-5-236 systemd: Started amazon-ssm-agent.
Apr 27 13:31:58 ip-172-31-5-236 systemd: Starting Dynamically Generate Message Of The Day...
Apr 27 13:31:58 ip-172-31-5-236 systemd: Starting Finds and configures elastic network interfaces...
Apr 27 13:31:58 ip-172-31-5-236 sm-notify[3133]: Version 1.3.0 starting
Apr 27 13:31:58 ip-172-31-5-236 systemd: Starting Apply the settings specified in cloud-config...
Apr 27 13:31:58 ip-172-31-5-236 ec2net: [ec2ifscan] Scanning for unconfigured interfaces
Apr 27 13:31:58 ip-172-31-5-236 systemd: Started Permit User Sessions.
Apr 27 13:31:58 ip-172-31-5-236 systemd: Started Notify NFS peers of a restart.
Apr 27 13:31:58 ip-172-31-5-236 systemd: Started Command Scheduler.
Apr 27 13:31:58 ip-172-31-5-236 systemd: Starting Terminate Plymouth Boot Screen...
Apr 27 13:31:58 ip-172-31-5-236 systemd: Starting Wait for Plymouth Boot Screen to Quit...
Apr 27 13:31:58 ip-172-31-5-236 rsyslogd: [origin software="rsyslogd" swVersion="8.24.0-57.amzn2.1" x-pid="3134" x-info="http://www.rsyslog.com"] start
Apr 27 13:31:58 ip-172-31-5-236 systemd: Started Job spooling tools.
Apr 27 13:31:58 ip-172-31-5-236 systemd: Started System Logging Service.
Apr 27 13:31:58 ip-172-31-5-236 systemd: Started Finds and configures elastic network interfaces.
Apr 27 13:31:58 ip-172-31-5-236 systemd: Started Dynamically Generate Message Of The Day.
Apr 27 13:31:58 ip-172-31-5-236 dhclient[2935]: XMT: Solicit on eth0, interval 2210ms.
Apr 27 13:31:58 ip-172-31-5-236 sshd-keygen: Generating SSH2 RSA host key: [  OK  ]
Apr 27 13:31:58 ip-172-31-5-236 amazon-ssm-agent: Error occurred fetching the seelog config file path:  open /etc/amazon/ssm/seelog.xml: no such file or directory
Apr 27 13:31:58 ip-172-31-5-236 amazon-ssm-agent: Initializing new seelog logger
Apr 27 13:31:58 ip-172-31-5-236 amazon-ssm-agent: New Seelog Logger Creation Complete
Apr 27 13:31:58 ip-172-31-5-236 amazon-ssm-agent: 2022-04-27 13:31:58 INFO Agent will take identity from EC2
Apr 27 13:31:58 ip-172-31-5-236 amazon-ssm-agent: 2022-04-27 13:31:58 INFO [amazon-ssm-agent] using named pipe channel for IPC
Apr 27 13:31:58 ip-172-31-5-236 sshd-keygen: Generating SSH2 ECDSA host key: [  OK  ]
Apr 27 13:31:58 ip-172-31-5-236 sshd-keygen: Generating SSH2 ED25519 host key: [  OK  ]
Apr 27 13:31:58 ip-172-31-5-236 systemd: Started OpenSSH Server Key Generation.
Apr 27 13:31:58 ip-172-31-5-236 systemd: Starting EC2 Instance Connect Host Key Harvesting...
Apr 27 13:31:58 ip-172-31-5-236 systemd: Starting OpenSSH server daemon...
Apr 27 13:31:58 ip-172-31-5-236 amazon-ssm-agent: 2022-04-27 13:31:58 INFO [amazon-ssm-agent] using named pipe channel for IPC
Apr 27 13:31:58 ip-172-31-5-236 systemd: Received SIGRTMIN+21 from PID 2331 (plymouthd).
Apr 27 13:31:58 ip-172-31-5-236 systemd: Started OpenSSH server daemon.
Apr 27 13:31:58 ip-172-31-5-236 systemd: Started Terminate Plymouth Boot Screen.
Apr 27 13:31:58 ip-172-31-5-236 systemd: Started Wait for Plymouth Boot Screen to Quit.
Apr 27 13:31:58 ip-172-31-5-236 systemd: Started Serial Getty on ttyS0.
Apr 27 13:31:58 ip-172-31-5-236 systemd: Started Getty on tty1.
Apr 27 13:31:58 ip-172-31-5-236 systemd: Reached target Login Prompts.
Apr 27 13:31:58 ip-172-31-5-236 amazon-ssm-agent: 2022-04-27 13:31:58 INFO [amazon-ssm-agent] using named pipe channel for IPC
Apr 27 13:31:58 ip-172-31-5-236 amazon-ssm-agent: 2022-04-27 13:31:58 INFO [amazon-ssm-agent] amazon-ssm-agent - v3.0.1124.0
Apr 27 13:31:58 ip-172-31-5-236 amazon-ssm-agent: 2022-04-27 13:31:58 INFO [amazon-ssm-agent] OS: linux, Arch: amd64
Apr 27 13:31:58 ip-172-31-5-236 cloud-init: Cloud-init v. 19.3-45.amzn2 running 'modules:config' at Wed, 27 Apr 2022 13:31:58 +0000. Up 43.77 seconds.
Apr 27 13:31:59 ip-172-31-5-236 systemd: Started Apply the settings specified in cloud-config.
Apr 27 13:31:59 ip-172-31-5-236 systemd: Starting Initial hibernation setup job...
Apr 27 13:31:59 ip-172-31-5-236 systemd: Starting Execute cloud user/final scripts...
Apr 27 13:31:59 ip-172-31-5-236 systemd: Started EC2 Instance Connect Host Key Harvesting.
Apr 27 13:31:59 ip-172-31-5-236 systemd: Reached target Multi-User System.
Apr 27 13:31:59 ip-172-31-5-236 systemd: Reached target aws-eb.target.
Apr 27 13:31:59 ip-172-31-5-236 systemd: Reached target Graphical Interface.
Apr 27 13:31:59 ip-172-31-5-236 systemd: Starting Update UTMP about System Runlevel Changes...
Apr 27 13:31:59 ip-172-31-5-236 systemd: Started Update UTMP about System Runlevel Changes.
Apr 27 13:31:59 ip-172-31-5-236 hibinit-agent: Effective config: {'grub_update': True, 'swap_percentage': 100, 'log_to_syslog': True, 'touch_swap': False, 'state_dir': '/var/lib/hibinit-agent', 'swapoff': 'swapoff {swapfile}', 'mkswap': 'mkswap {swapfile}', 'swapon': 'swapon {swapfile}', 'swap_mb': 4000}
Apr 27 13:31:59 ip-172-31-5-236 hibinit-agent: Requesting new IMDSv2 token.
Apr 27 13:31:59 ip-172-31-5-236 hibinit-agent: Instance Launch has not enabled Hibernation Configured Flag. hibinit-agent exiting!!
Apr 27 13:31:59 ip-172-31-5-236 systemd: Stopping ACPI Event Daemon...
Apr 27 13:31:59 ip-172-31-5-236 acpid: exiting
Apr 27 13:31:59 ip-172-31-5-236 systemd: Stopped ACPI Event Daemon.
Apr 27 13:31:59 ip-172-31-5-236 systemd: Starting ACPI Event Daemon...
Apr 27 13:31:59 ip-172-31-5-236 systemd: Started ACPI Event Daemon.
Apr 27 13:31:59 ip-172-31-5-236 systemd: Started Initial hibernation setup job.
Apr 27 13:31:59 ip-172-31-5-236 acpid: starting up with netlink and the input layer
Apr 27 13:31:59 ip-172-31-5-236 acpid: skipping incomplete file /etc/acpi/events/videoconf
Apr 27 13:31:59 ip-172-31-5-236 acpid: 2 rules loaded
Apr 27 13:31:59 ip-172-31-5-236 acpid: waiting for events: event logging is off
Apr 27 13:31:59 ip-172-31-5-236 amazon-ssm-agent: 2022-04-27 13:31:59 INFO [amazon-ssm-agent] [LongRunningWorkerContainer] [WorkerProvider] Worker ssm-agent-worker is not running, starting worker process
Apr 27 13:31:59 ip-172-31-5-236 amazon-ssm-agent: 2022-04-27 13:31:59 INFO [amazon-ssm-agent] [LongRunningWorkerContainer] [WorkerProvider] Worker ssm-agent-worker (pid:3317) started
Apr 27 13:31:59 ip-172-31-5-236 amazon-ssm-agent: 2022-04-27 13:31:59 INFO [amazon-ssm-agent] [LongRunningWorkerContainer] Monitor long running worker health every 60 seconds
Apr 27 13:31:59 ip-172-31-5-236 cloud-init: Cloud-init v. 19.3-45.amzn2 running 'modules:final' at Wed, 27 Apr 2022 13:31:59 +0000. Up 44.40 seconds.
Apr 27 13:31:59 ip-172-31-5-236 [eb-cfn-init]: [2022-04-27T13:31:59Z] Started EB User Data
Apr 27 13:31:59 ip-172-31-5-236 [eb-cfn-init]: + SLEEP_TIME=10
Apr 27 13:31:59 ip-172-31-5-236 [eb-cfn-init]: + SLEEP_TIME_MAX=3600
Apr 27 13:31:59 ip-172-31-5-236 [eb-cfn-init]: + true
Apr 27 13:31:59 ip-172-31-5-236 [eb-cfn-init]: + curl https://elasticbeanstalk-platform-assets-us-east-1.s3.amazonaws.com/stalks/eb_corretto11_amazon_linux_2_1.0.3267.0_20220328181222/lib/UserDataScript.sh
Apr 27 13:31:59 ip-172-31-5-236 [eb-cfn-init]:  % Total    % Received % Xferd  Average Speed   Time    Time     Time  Current
Apr 27 13:31:59 ip-172-31-5-236 [eb-cfn-init]:                                 Dload  Upload   Total   Spent    Left  Speed
Apr 27 13:31:59 ip-172-31-5-236 [eb-cfn-init]: #015  0     0    0     0    0     0      0      0 --:--:-- --:--:-- --:--:--     0#015100  4627  100  4627    0     0  62458      0 --:--:-- --:--:-- --:--:-- 67057
Apr 27 13:31:59 ip-172-31-5-236 [eb-cfn-init]: + RESULT=0
Apr 27 13:31:59 ip-172-31-5-236 [eb-cfn-init]: + [[ 0 -ne 0 ]]
Apr 27 13:31:59 ip-172-31-5-236 [eb-cfn-init]: [2022-04-27T13:31:59.684Z] Started EB Bootstrapping Script.
Apr 27 13:31:59 ip-172-31-5-236 [eb-cfn-init]: + SLEEP_TIME=2
Apr 27 13:31:59 ip-172-31-5-236 [eb-cfn-init]: + /bin/bash /tmp/ebbootstrap.sh 'https://cloudformation-waitcondition-us-east-1.s3.amazonaws.com/arn%3Aaws%3Acloudformation%3Aus-east-1%3A757337477225%3Astack/awseb-e-xgjqxe7mny-stack/1fa4ebe0-c62e-11ec-8ddb-0a7829d37e6d/AWSEBInstanceLaunchWaitHandle?X-Amz-Algorithm=AWS4-HMAC-SHA256&X-Amz-Date=20220427T133005Z&X-Amz-SignedHeaders=host&X-Amz-Expires=86399&X-Amz-Credential=AKIA6L7Q4OWT2GZYHG7N%2F20220427%2Fus-east-1%2Fs3%2Faws4_request&X-Amz-Signature=5f36076b4cc13c9424ca2cec955d24e086340b971c3d9e677dc69a169e2f4474' arn:aws:cloudformation:us-east-1:757337477225:stack/awseb-e-xgjqxe7mny-stack/1fa4ebe0-c62e-11ec-8ddb-0a7829d37e6d dd080566-b0b2-4f24-b685-40452efb8b04 https://elasticbeanstalk-health.us-east-1.amazonaws.com '' https://elasticbeanstalk-platform-assets-us-east-1.s3.amazonaws.com/stalks/eb_corretto11_amazon_linux_2_1.0.3267.0_20220328181222 us-east-1
Apr 27 13:31:59 ip-172-31-5-236 [eb-cfn-init]: [2022-04-27T13:31:59.698Z] Received parameters:
Apr 27 13:31:59 ip-172-31-5-236 [eb-cfn-init]: TARBALLS =
Apr 27 13:31:59 ip-172-31-5-236 [eb-cfn-init]: EB_GEMS =
Apr 27 13:31:59 ip-172-31-5-236 [eb-cfn-init]: SIGNAL_URL = https://cloudformation-waitcondition-us-east-1.s3.amazonaws.com/arn%3Aaws%3Acloudformation%3Aus-east-1%3A757337477225%3Astack/awseb-e-xgjqxe7mny-stack/1fa4ebe0-c62e-11ec-8ddb-0a7829d37e6d/AWSEBInstanceLaunchWaitHandle?X-Amz-Algorithm=AWS4-HMAC-SHA256&X-Amz-Date=20220427T133005Z&X-Amz-SignedHeaders=host&X-Amz-Expires=86399&X-Amz-Credential=AKIA6L7Q4OWT2GZYHG7N%2F20220427%2Fus-east-1%2Fs3%2Faws4_request&X-Amz-Signature=5f36076b4cc13c9424ca2cec955d24e086340b971c3d9e677dc69a169e2f4474
Apr 27 13:31:59 ip-172-31-5-236 [eb-cfn-init]: STACK_ID = arn:aws:cloudformation:us-east-1:757337477225:stack/awseb-e-xgjqxe7mny-stack/1fa4ebe0-c62e-11ec-8ddb-0a7829d37e6d
Apr 27 13:31:59 ip-172-31-5-236 [eb-cfn-init]: REGION = us-east-1
Apr 27 13:31:59 ip-172-31-5-236 [eb-cfn-init]: GUID =
Apr 27 13:31:59 ip-172-31-5-236 [eb-cfn-init]: HEALTHD_GROUP_ID = dd080566-b0b2-4f24-b685-40452efb8b04
Apr 27 13:31:59 ip-172-31-5-236 [eb-cfn-init]: HEALTHD_ENDPOINT = https://elasticbeanstalk-health.us-east-1.amazonaws.com
Apr 27 13:31:59 ip-172-31-5-236 [eb-cfn-init]: PROXY_SERVER =
Apr 27 13:31:59 ip-172-31-5-236 [eb-cfn-init]: HEALTHD_PROXY_LOG_LOCATION =
Apr 27 13:31:59 ip-172-31-5-236 [eb-cfn-init]: PLATFORM_ASSETS_URL = https://elasticbeanstalk-platform-assets-us-east-1.s3.amazonaws.com/stalks/eb_corretto11_amazon_linux_2_1.0.3267.0_20220328181222
Apr 27 13:31:59 ip-172-31-5-236 [eb-cfn-init]: [2022-04-27T13:31:59.762Z] engine url is set to https://elasticbeanstalk-platform-assets-us-east-1.s3.amazonaws.com/stalks/eb_corretto11_amazon_linux_2_1.0.3267.0_20220328181222/lib/platform-engine.zip
Apr 27 13:31:59 ip-172-31-5-236 [eb-cfn-init]: [2022-04-27T13:31:59.805Z] first init of instance.
Apr 27 13:31:59 ip-172-31-5-236 [eb-cfn-init]: [2022-04-27T13:31:59.821Z] Started executing cfn_init _OnInstanceBoot.
Apr 27 13:31:59 ip-172-31-5-236 [eb-cfn-init]: [2022-04-27T13:31:59.839Z] Running cfn-init ConfigSet: _OnInstanceBoot.
Apr 27 13:31:59 ip-172-31-5-236 [eb-cfn-init]: [2022-04-27T13:31:59.864Z] Using stack-id from userdata
Apr 27 13:32:00 ip-172-31-5-236 dhclient[2935]: XMT: Solicit on eth0, interval 4400ms.
Apr 27 13:32:01 ip-172-31-5-236 [eb-cfn-init]: [2022-04-27T13:32:01.097Z] Command Returned:
Apr 27 13:32:01 ip-172-31-5-236 [eb-cfn-init]: [2022-04-27T13:32:01.103Z] Completed executing cfn_init.
Apr 27 13:32:01 ip-172-31-5-236 [eb-cfn-init]: [2022-04-27T13:32:01.109Z] finished _OnInstanceBoot
Apr 27 13:32:01 ip-172-31-5-236 [eb-cfn-init]: --2022-04-27 13:32:01--  https://elasticbeanstalk-platform-assets-us-east-1.s3.amazonaws.com/stalks/eb_corretto11_amazon_linux_2_1.0.3267.0_20220328181222/lib/platform-engine.zip
Apr 27 13:32:01 ip-172-31-5-236 [eb-cfn-init]: Resolving elasticbeanstalk-platform-assets-us-east-1.s3.amazonaws.com (elasticbeanstalk-platform-assets-us-east-1.s3.amazonaws.com)... 54.231.130.217
Apr 27 13:32:01 ip-172-31-5-236 [eb-cfn-init]: Connecting to elasticbeanstalk-platform-assets-us-east-1.s3.amazonaws.com (elasticbeanstalk-platform-assets-us-east-1.s3.amazonaws.com)|54.231.130.217|:443... connected.
Apr 27 13:32:01 ip-172-31-5-236 [eb-cfn-init]: HTTP request sent, awaiting response... 200 OK
Apr 27 13:32:01 ip-172-31-5-236 [eb-cfn-init]: Length: 26725770 (25M) [application/zip]
Apr 27 13:32:01 ip-172-31-5-236 [eb-cfn-init]: Saving to: â€˜/tmp/platform-engine.zipâ€™
Apr 27 13:32:01 ip-172-31-5-236 [eb-cfn-init]: 
Apr 27 13:32:01 ip-172-31-5-236 [eb-cfn-init]:     0K .......... .......... .......... .......... ..........  0% 5.67M 4s
Apr 27 13:32:01 ip-172-31-5-236 [eb-cfn-init]:    50K .......... .......... .......... .......... ..........  0% 81.8M 2s
Apr 27 13:32:01 ip-172-31-5-236 [eb-cfn-init]:   100K .......... .......... .......... .......... ..........  0% 10.1M 2s
Apr 27 13:32:01 ip-172-31-5-236 [eb-cfn-init]:   150K .......... .......... .......... .......... ..........  0%  109M 2s
Apr 27 13:32:01 ip-172-31-5-236 [eb-cfn-init]:   200K .......... .......... .......... .......... ..........  0% 96.3M 2s
Apr 27 13:32:01 ip-172-31-5-236 [eb-cfn-init]:   250K .......... .......... .......... .......... ..........  1% 80.0M 1s
Apr 27 13:32:01 ip-172-31-5-236 [eb-cfn-init]:   300K .......... .......... .......... .......... ..........  1% 95.7M 1s
Apr 27 13:32:01 ip-172-31-5-236 [eb-cfn-init]:   350K .......... .......... .......... .......... ..........  1% 70.8M 1s
Apr 27 13:32:01 ip-172-31-5-236 [eb-cfn-init]:   400K .......... .......... .......... .......... ..........  1% 86.5M 1s
Apr 27 13:32:01 ip-172-31-5-236 [eb-cfn-init]:   450K .......... .......... .......... .......... ..........  1% 78.1M 1s
Apr 27 13:32:01 ip-172-31-5-236 [eb-cfn-init]:   500K .......... .......... .......... .......... ..........  2%  120M 1s
Apr 27 13:32:01 ip-172-31-5-236 [eb-cfn-init]:   550K .......... .......... .......... .......... ..........  2% 76.1M 1s
Apr 27 13:32:01 ip-172-31-5-236 [eb-cfn-init]:   600K .......... .......... .......... .......... ..........  2% 81.4M 1s
Apr 27 13:32:01 ip-172-31-5-236 [eb-cfn-init]:   650K .......... .......... .......... .......... ..........  2% 16.4M 1s
Apr 27 13:32:01 ip-172-31-5-236 [eb-cfn-init]:   700K .......... .......... .......... .......... ..........  2%  103M 1s
Apr 27 13:32:01 ip-172-31-5-236 [eb-cfn-init]:   750K .......... .......... .......... .......... ..........  3% 75.4M 1s
Apr 27 13:32:01 ip-172-31-5-236 [eb-cfn-init]:   800K .......... .......... .......... .......... ..........  3%  106M 1s
Apr 27 13:32:01 ip-172-31-5-236 [eb-cfn-init]:   850K .......... .......... .......... .......... ..........  3% 68.6M 1s
Apr 27 13:32:01 ip-172-31-5-236 [eb-cfn-init]:   900K .......... .......... .......... .......... ..........  3% 93.7M 1s
Apr 27 13:32:01 ip-172-31-5-236 [eb-cfn-init]:   950K .......... .......... .......... .......... ..........  3% 80.1M 1s
Apr 27 13:32:01 ip-172-31-5-236 [eb-cfn-init]:  1000K .......... .......... .......... .......... ..........  4% 7.95M 1s
Apr 27 13:32:01 ip-172-31-5-236 [eb-cfn-init]:  1050K .......... .......... .......... .......... ..........  4% 72.8M 1s
Apr 27 13:32:01 ip-172-31-5-236 [eb-cfn-init]:  1100K .......... .......... .......... .......... ..........  4% 91.6M 1s
Apr 27 13:32:01 ip-172-31-5-236 [eb-cfn-init]:  1150K .......... .......... .......... .......... ..........  4% 69.0M 1s
Apr 27 13:32:01 ip-172-31-5-236 [eb-cfn-init]:  1200K .......... .......... .......... .......... ..........  4% 85.7M 1s
Apr 27 13:32:01 ip-172-31-5-236 [eb-cfn-init]:  1250K .......... .......... .......... .......... ..........  4% 99.4M 1s
Apr 27 13:32:01 ip-172-31-5-236 [eb-cfn-init]:  1300K .......... .......... .......... .......... ..........  5%  107M 1s
Apr 27 13:32:01 ip-172-31-5-236 chronyd[2500]: Selected source 169.254.169.123
Apr 27 13:32:01 ip-172-31-5-236 [eb-cfn-init]:  1350K .......... .......... .......... .......... ..........  5% 81.0M 1s
Apr 27 13:32:01 ip-172-31-5-236 [eb-cfn-init]:  1400K .......... .......... .......... .......... ..........  5% 78.1M 1s
Apr 27 13:32:01 ip-172-31-5-236 [eb-cfn-init]:  1450K .......... .......... .......... .......... ..........  5%  105M 1s
Apr 27 13:32:01 ip-172-31-5-236 [eb-cfn-init]:  1500K .......... .......... .......... .......... ..........  5%  100M 1s
Apr 27 13:32:01 ip-172-31-5-236 [eb-cfn-init]:  1550K .......... .......... .......... .......... ..........  6% 75.8M 1s
Apr 27 13:32:01 ip-172-31-5-236 [eb-cfn-init]:  1600K .......... .......... .......... .......... ..........  6% 86.8M 1s
Apr 27 13:32:01 ip-172-31-5-236 [eb-cfn-init]:  1650K .......... .......... .......... .......... ..........  6% 90.3M 1s
Apr 27 13:32:01 ip-172-31-5-236 [eb-cfn-init]:  1700K .......... .......... .......... .......... ..........  6% 85.1M 1s
Apr 27 13:32:01 ip-172-31-5-236 [eb-cfn-init]:  1750K .......... .......... .......... .......... ..........  6% 84.7M 1s
Apr 27 13:32:01 ip-172-31-5-236 [eb-cfn-init]:  1800K .......... .......... .......... .......... ..........  7% 7.50M 1s
Apr 27 13:32:01 ip-172-31-5-236 [eb-cfn-init]:  1850K .......... .......... .......... .......... ..........  7%  103M 1s
Apr 27 13:32:01 ip-172-31-5-236 [eb-cfn-init]:  1900K .......... .......... .......... .......... ..........  7%  102M 1s
Apr 27 13:32:01 ip-172-31-5-236 [eb-cfn-init]:  1950K .......... .......... .......... .......... ..........  7% 90.9M 1s
Apr 27 13:32:01 ip-172-31-5-236 [eb-cfn-init]:  2000K .......... .......... .......... .......... ..........  7% 73.1M 1s
Apr 27 13:32:01 ip-172-31-5-236 [eb-cfn-init]:  2050K .......... .......... .......... .......... ..........  8% 77.0M 1s
Apr 27 13:32:01 ip-172-31-5-236 [eb-cfn-init]:  2100K .......... .......... .......... .......... ..........  8%  106M 1s
Apr 27 13:32:01 ip-172-31-5-236 [eb-cfn-init]:  2150K .......... .......... .......... .......... ..........  8%  103M 1s
Apr 27 13:32:01 ip-172-31-5-236 [eb-cfn-init]:  2200K .......... .......... .......... .......... ..........  8%  114M 1s
Apr 27 13:32:02 ip-172-31-5-236 [eb-cfn-init]:  2250K .......... .......... .......... .......... ..........  8% 79.0M 1s
Apr 27 13:32:02 ip-172-31-5-236 [eb-cfn-init]:  2300K .......... .......... .......... .......... ..........  9% 65.4M 1s
Apr 27 13:32:02 ip-172-31-5-236 [eb-cfn-init]:  2350K .......... .......... .......... .......... ..........  9% 76.5M 1s
Apr 27 13:32:02 ip-172-31-5-236 [eb-cfn-init]:  2400K .......... .......... .......... .......... ..........  9% 87.4M 1s
Apr 27 13:32:02 ip-172-31-5-236 [eb-cfn-init]:  2450K .......... .......... .......... .......... ..........  9%  102M 1s
Apr 27 13:32:02 ip-172-31-5-236 [eb-cfn-init]:  2500K .......... .......... .......... .......... ..........  9% 98.8M 1s
Apr 27 13:32:02 ip-172-31-5-236 [eb-cfn-init]:  2550K .......... .......... .......... .......... ..........  9% 73.2M 1s
Apr 27 13:32:02 ip-172-31-5-236 [eb-cfn-init]:  2600K .......... .......... .......... .......... .......... 10% 94.0M 0s
Apr 27 13:32:02 ip-172-31-5-236 [eb-cfn-init]:  2650K .......... .......... .......... .......... .......... 10% 85.2M 0s
Apr 27 13:32:02 ip-172-31-5-236 [eb-cfn-init]:  2700K .......... .......... .......... .......... .......... 10% 8.02M 1s
Apr 27 13:32:02 ip-172-31-5-236 [eb-cfn-init]:  2750K .......... .......... .......... .......... .......... 10%  104M 1s
Apr 27 13:32:02 ip-172-31-5-236 [eb-cfn-init]:  2800K .......... .......... .......... .......... .......... 10% 69.6M 1s
Apr 27 13:32:02 ip-172-31-5-236 [eb-cfn-init]:  2850K .......... .......... .......... .......... .......... 11% 78.1M 1s
Apr 27 13:32:02 ip-172-31-5-236 [eb-cfn-init]:  2900K .......... .......... .......... .......... .......... 11% 93.5M 1s
Apr 27 13:32:02 ip-172-31-5-236 [eb-cfn-init]:  2950K .......... .......... .......... .......... .......... 11% 89.6M 1s
Apr 27 13:32:02 ip-172-31-5-236 [eb-cfn-init]:  3000K .......... .......... .......... .......... .......... 11%  103M 0s
Apr 27 13:32:02 ip-172-31-5-236 [eb-cfn-init]:  3050K .......... .......... .......... .......... .......... 11% 77.9M 0s
Apr 27 13:32:02 ip-172-31-5-236 [eb-cfn-init]:  3100K .......... .......... .......... .......... .......... 12% 86.5M 0s
Apr 27 13:32:02 ip-172-31-5-236 [eb-cfn-init]:  3150K .......... .......... .......... .......... .......... 12% 89.5M 0s
Apr 27 13:32:02 ip-172-31-5-236 [eb-cfn-init]:  3200K .......... .......... .......... .......... .......... 12%  100M 0s
Apr 27 13:32:02 ip-172-31-5-236 [eb-cfn-init]:  3250K .......... .......... .......... .......... .......... 12% 81.0M 0s
Apr 27 13:32:02 ip-172-31-5-236 [eb-cfn-init]:  3300K .......... .......... .......... .......... .......... 12% 77.6M 0s
Apr 27 13:32:02 ip-172-31-5-236 [eb-cfn-init]:  3350K .......... .......... .......... .......... .......... 13% 85.3M 0s
Apr 27 13:32:02 ip-172-31-5-236 [eb-cfn-init]:  3400K .......... .......... .......... .......... .......... 13%  104M 0s
Apr 27 13:32:02 ip-172-31-5-236 [eb-cfn-init]:  3450K .......... .......... .......... .......... .......... 13%  106M 0s
Apr 27 13:32:02 ip-172-31-5-236 [eb-cfn-init]:  3500K .......... .......... .......... .......... .......... 13%  108M 0s
Apr 27 13:32:02 ip-172-31-5-236 [eb-cfn-init]:  3550K .......... .......... .......... .......... .......... 13% 7.28M 0s
Apr 27 13:32:02 ip-172-31-5-236 [eb-cfn-init]:  3600K .......... .......... .......... .......... .......... 13% 87.8M 0s
Apr 27 13:32:02 ip-172-31-5-236 [eb-cfn-init]:  3650K .......... .......... .......... .......... .......... 14%  104M 0s
Apr 27 13:32:02 ip-172-31-5-236 [eb-cfn-init]:  3700K .......... .......... .......... .......... .......... 14%  100M 0s
Apr 27 13:32:02 ip-172-31-5-236 [eb-cfn-init]:  3750K .......... .......... .......... .......... .......... 14%  105M 0s
Apr 27 13:32:02 ip-172-31-5-236 [eb-cfn-init]:  3800K .......... .......... .......... .......... .......... 14% 65.7M 0s
Apr 27 13:32:02 ip-172-31-5-236 [eb-cfn-init]:  3850K .......... .......... .......... .......... .......... 14% 82.8M 0s
Apr 27 13:32:02 ip-172-31-5-236 [eb-cfn-init]:  3900K .......... .......... .......... .......... .......... 15% 94.9M 0s
Apr 27 13:32:02 ip-172-31-5-236 [eb-cfn-init]:  3950K .......... .......... .......... .......... .......... 15%  102M 0s
Apr 27 13:32:02 ip-172-31-5-236 [eb-cfn-init]:  4000K .......... .......... .......... .......... .......... 15% 97.0M 0s
Apr 27 13:32:02 ip-172-31-5-236 [eb-cfn-init]:  4050K .......... .......... .......... .......... .......... 15% 73.6M 0s
Apr 27 13:32:02 ip-172-31-5-236 [eb-cfn-init]:  4100K .......... .......... .......... .......... .......... 15% 89.9M 0s
Apr 27 13:32:02 ip-172-31-5-236 [eb-cfn-init]:  4150K .......... .......... .......... .......... .......... 16% 94.7M 0s
Apr 27 13:32:02 ip-172-31-5-236 [eb-cfn-init]:  4200K .......... .......... .......... .......... .......... 16% 82.1M 0s
Apr 27 13:32:02 ip-172-31-5-236 [eb-cfn-init]:  4250K .......... .......... .......... .......... .......... 16% 71.3M 0s
Apr 27 13:32:02 ip-172-31-5-236 [eb-cfn-init]:  4300K .......... .......... .......... .......... .......... 16% 90.0M 0s
Apr 27 13:32:02 ip-172-31-5-236 [eb-cfn-init]:  4350K .......... .......... .......... .......... .......... 16%  116M 0s
Apr 27 13:32:02 ip-172-31-5-236 [eb-cfn-init]:  4400K .......... .......... .......... .......... .......... 17%  103M 0s
Apr 27 13:32:02 ip-172-31-5-236 [eb-cfn-init]:  4450K .......... .......... .......... .......... .......... 17% 7.28M 0s
Apr 27 13:32:02 ip-172-31-5-236 [eb-cfn-init]:  4500K .......... .......... .......... .......... .......... 17%  101M 0s
Apr 27 13:32:02 ip-172-31-5-236 [eb-cfn-init]:  4550K .......... .......... .......... .......... .......... 17% 98.6M 0s
Apr 27 13:32:02 ip-172-31-5-236 [eb-cfn-init]:  4600K .......... .......... .......... .......... .......... 17% 42.9M 0s
Apr 27 13:32:02 ip-172-31-5-236 [eb-cfn-init]:  4650K .......... .......... .......... .......... .......... 18% 93.9M 0s
Apr 27 13:32:02 ip-172-31-5-236 [eb-cfn-init]:  4700K .......... .......... .......... .......... .......... 18%  106M 0s
Apr 27 13:32:02 ip-172-31-5-236 [eb-cfn-init]:  4750K .......... .......... .......... .......... .......... 18%  112M 0s
Apr 27 13:32:02 ip-172-31-5-236 [eb-cfn-init]:  4800K .......... .......... .......... .......... .......... 18%  105M 0s
Apr 27 13:32:02 ip-172-31-5-236 [eb-cfn-init]:  4850K .......... .......... .......... .......... .......... 18% 79.5M 0s
Apr 27 13:32:02 ip-172-31-5-236 [eb-cfn-init]:  4900K .......... .......... .......... .......... .......... 18% 42.4M 0s
Apr 27 13:32:02 ip-172-31-5-236 [eb-cfn-init]:  4950K .......... .......... .......... .......... .......... 19% 50.5M 0s
Apr 27 13:32:02 ip-172-31-5-236 [eb-cfn-init]:  5000K .......... .......... .......... .......... .......... 19% 83.8M 0s
Apr 27 13:32:02 ip-172-31-5-236 [eb-cfn-init]:  5050K .......... .......... .......... .......... .......... 19%  100M 0s
Apr 27 13:32:02 ip-172-31-5-236 [eb-cfn-init]:  5100K .......... .......... .......... .......... .......... 19%  107M 0s
Apr 27 13:32:02 ip-172-31-5-236 [eb-cfn-init]:  5150K .......... .......... .......... .......... .......... 19% 75.6M 0s
Apr 27 13:32:02 ip-172-31-5-236 [eb-cfn-init]:  5200K .......... .......... .......... .......... .......... 20% 57.7M 0s
Apr 27 13:32:02 ip-172-31-5-236 [eb-cfn-init]:  5250K .......... .......... .......... .......... .......... 20%  102M 0s
Apr 27 13:32:02 ip-172-31-5-236 [eb-cfn-init]:  5300K .......... .......... .......... .......... .......... 20% 93.7M 0s
Apr 27 13:32:02 ip-172-31-5-236 [eb-cfn-init]:  5350K .......... .......... .......... .......... .......... 20% 7.36M 0s
Apr 27 13:32:02 ip-172-31-5-236 [eb-cfn-init]:  5400K .......... .......... .......... .......... .......... 20%  106M 0s
Apr 27 13:32:02 ip-172-31-5-236 [eb-cfn-init]:  5450K .......... .......... .......... .......... .......... 21% 55.6M 0s
Apr 27 13:32:02 ip-172-31-5-236 [eb-cfn-init]:  5500K .......... .......... .......... .......... .......... 21% 76.7M 0s
Apr 27 13:32:02 ip-172-31-5-236 [eb-cfn-init]:  5550K .......... .......... .......... .......... .......... 21% 91.6M 0s
Apr 27 13:32:02 ip-172-31-5-236 [eb-cfn-init]:  5600K .......... .......... .......... .......... .......... 21%  121M 0s
Apr 27 13:32:02 ip-172-31-5-236 [eb-cfn-init]:  5650K .......... .......... .......... .......... .......... 21% 97.6M 0s
Apr 27 13:32:02 ip-172-31-5-236 [eb-cfn-init]:  5700K .......... .......... .......... .......... .......... 22% 24.4M 0s
Apr 27 13:32:02 ip-172-31-5-236 [eb-cfn-init]:  5750K .......... .......... .......... .......... .......... 22% 93.2M 0s
Apr 27 13:32:02 ip-172-31-5-236 [eb-cfn-init]:  5800K .......... .......... .......... .......... .......... 22%  100M 0s
Apr 27 13:32:02 ip-172-31-5-236 [eb-cfn-init]:  5850K .......... .......... .......... .......... .......... 22%  105M 0s
Apr 27 13:32:02 ip-172-31-5-236 [eb-cfn-init]:  5900K .......... .......... .......... .......... .......... 22% 69.0M 0s
Apr 27 13:32:02 ip-172-31-5-236 [eb-cfn-init]:  5950K .......... .......... .......... .......... .......... 22% 26.8M 0s
Apr 27 13:32:02 ip-172-31-5-236 [eb-cfn-init]:  6000K .......... .......... .......... .......... .......... 23%  105M 0s
Apr 27 13:32:02 ip-172-31-5-236 [eb-cfn-init]:  6050K .......... .......... .......... .......... .......... 23%  118M 0s
Apr 27 13:32:02 ip-172-31-5-236 [eb-cfn-init]:  6100K .......... .......... .......... .......... .......... 23% 73.0M 0s
Apr 27 13:32:02 ip-172-31-5-236 [eb-cfn-init]:  6150K .......... .......... .......... .......... .......... 23% 30.1M 0s
Apr 27 13:32:02 ip-172-31-5-236 [eb-cfn-init]:  6200K .......... .......... .......... .......... .......... 23% 96.9M 0s
Apr 27 13:32:02 ip-172-31-5-236 [eb-cfn-init]:  6250K .......... .......... .......... .......... .......... 24% 90.3M 0s
Apr 27 13:32:02 ip-172-31-5-236 [eb-cfn-init]:  6300K .......... .......... .......... .......... .......... 24% 7.36M 0s
Apr 27 13:32:03 ip-172-31-5-236 [eb-cfn-init]:  6350K .......... .......... .......... .......... .......... 24% 98.1M 0s
Apr 27 13:32:03 ip-172-31-5-236 [eb-cfn-init]:  6400K .......... .......... .......... .......... .......... 24% 40.3M 0s
Apr 27 13:32:03 ip-172-31-5-236 [eb-cfn-init]:  6450K .......... .......... .......... .......... .......... 24%  104M 0s
Apr 27 13:32:03 ip-172-31-5-236 [eb-cfn-init]:  6500K .......... .......... .......... .......... .......... 25%  102M 0s
Apr 27 13:32:03 ip-172-31-5-236 [eb-cfn-init]:  6550K .......... .......... .......... .......... .......... 25%  103M 0s
Apr 27 13:32:03 ip-172-31-5-236 [eb-cfn-init]:  6600K .......... .......... .......... .......... .......... 25% 69.6M 0s
Apr 27 13:32:03 ip-172-31-5-236 [eb-cfn-init]:  6650K .......... .......... .......... .......... .......... 25% 67.6M 0s
Apr 27 13:32:03 ip-172-31-5-236 [eb-cfn-init]:  6700K .......... .......... .......... .......... .......... 25% 99.3M 0s
Apr 27 13:32:03 ip-172-31-5-236 [eb-cfn-init]:  6750K .......... .......... .......... .......... .......... 26%  104M 0s
Apr 27 13:32:03 ip-172-31-5-236 [eb-cfn-init]:  6800K .......... .......... .......... .......... .......... 26% 99.4M 0s
Apr 27 13:32:03 ip-172-31-5-236 [eb-cfn-init]:  6850K .......... .......... .......... .......... .......... 26%  114M 0s
Apr 27 13:32:03 ip-172-31-5-236 [eb-cfn-init]:  6900K .......... .......... .......... .......... .......... 26% 69.0M 0s
Apr 27 13:32:03 ip-172-31-5-236 [eb-cfn-init]:  6950K .......... .......... .......... .......... .......... 26% 85.3M 0s
Apr 27 13:32:03 ip-172-31-5-236 [eb-cfn-init]:  7000K .......... .......... .......... .......... .......... 27% 94.1M 0s
Apr 27 13:32:03 ip-172-31-5-236 [eb-cfn-init]:  7050K .......... .......... .......... .......... .......... 27%  101M 0s
Apr 27 13:32:03 ip-172-31-5-236 [eb-cfn-init]:  7100K .......... .......... .......... .......... .......... 27% 99.5M 0s
Apr 27 13:32:03 ip-172-31-5-236 [eb-cfn-init]:  7150K .......... .......... .......... .......... .......... 27% 61.1M 0s
Apr 27 13:32:03 ip-172-31-5-236 [eb-cfn-init]:  7200K .......... .......... .......... .......... .......... 27% 7.88M 0s
Apr 27 13:32:03 ip-172-31-5-236 [eb-cfn-init]:  7250K .......... .......... .......... .......... .......... 27% 98.6M 0s
Apr 27 13:32:03 ip-172-31-5-236 [eb-cfn-init]:  7300K .......... .......... .......... .......... .......... 28%  106M 0s
Apr 27 13:32:03 ip-172-31-5-236 [eb-cfn-init]:  7350K .......... .......... .......... .......... .......... 28%  105M 0s
Apr 27 13:32:03 ip-172-31-5-236 [eb-cfn-init]:  7400K .......... .......... .......... .......... .......... 28% 73.1M 0s
Apr 27 13:32:03 ip-172-31-5-236 [eb-cfn-init]:  7450K .......... .......... .......... .......... .......... 28% 73.6M 0s
Apr 27 13:32:03 ip-172-31-5-236 [eb-cfn-init]:  7500K .......... .......... .......... .......... .......... 28% 75.6M 0s
Apr 27 13:32:03 ip-172-31-5-236 [eb-cfn-init]:  7550K .......... .......... .......... .......... .......... 29%  105M 0s
Apr 27 13:32:03 ip-172-31-5-236 [eb-cfn-init]:  7600K .......... .......... .......... .......... .......... 29% 98.4M 0s
Apr 27 13:32:03 ip-172-31-5-236 [eb-cfn-init]:  7650K .......... .......... .......... .......... .......... 29% 77.2M 0s
Apr 27 13:32:03 ip-172-31-5-236 [eb-cfn-init]:  7700K .......... .......... .......... .......... .......... 29% 67.3M 0s
Apr 27 13:32:03 ip-172-31-5-236 [eb-cfn-init]:  7750K .......... .......... .......... .......... .......... 29%  112M 0s
Apr 27 13:32:03 ip-172-31-5-236 [eb-cfn-init]:  7800K .......... .......... .......... .......... .......... 30% 84.7M 0s
Apr 27 13:32:03 ip-172-31-5-236 [eb-cfn-init]:  7850K .......... .......... .......... .......... .......... 30%  102M 0s
Apr 27 13:32:03 ip-172-31-5-236 [eb-cfn-init]:  7900K .......... .......... .......... .......... .......... 30%  101M 0s
Apr 27 13:32:03 ip-172-31-5-236 [eb-cfn-init]:  7950K .......... .......... .......... .......... .......... 30%  103M 0s
Apr 27 13:32:03 ip-172-31-5-236 [eb-cfn-init]:  8000K .......... .......... .......... .......... .......... 30% 66.6M 0s
Apr 27 13:32:03 ip-172-31-5-236 [eb-cfn-init]:  8050K .......... .......... .......... .......... .......... 31% 3.13M 0s
Apr 27 13:32:03 ip-172-31-5-236 [eb-cfn-init]:  8100K .......... .......... .......... .......... .......... 31% 96.5M 0s
Apr 27 13:32:03 ip-172-31-5-236 [eb-cfn-init]:  8150K .......... .......... .......... .......... .......... 31%  117M 0s
Apr 27 13:32:03 ip-172-31-5-236 [eb-cfn-init]:  8200K .......... .......... .......... .......... .......... 31% 97.9M 0s
Apr 27 13:32:03 ip-172-31-5-236 [eb-cfn-init]:  8250K .......... .......... .......... .......... .......... 31%  102M 0s
Apr 27 13:32:03 ip-172-31-5-236 [eb-cfn-init]:  8300K .......... .......... .......... .......... .......... 31% 59.2M 0s
Apr 27 13:32:03 ip-172-31-5-236 [eb-cfn-init]:  8350K .......... .......... .......... .......... .......... 32% 68.2M 0s
Apr 27 13:32:03 ip-172-31-5-236 [eb-cfn-init]:  8400K .......... .......... .......... .......... .......... 32%  101M 0s
Apr 27 13:32:03 ip-172-31-5-236 [eb-cfn-init]:  8450K .......... .......... .......... .......... .......... 32% 93.6M 0s
Apr 27 13:32:03 ip-172-31-5-236 [eb-cfn-init]:  8500K .......... .......... .......... .......... .......... 32%  104M 0s
Apr 27 13:32:03 ip-172-31-5-236 [eb-cfn-init]:  8550K .......... .......... .......... .......... .......... 32% 71.0M 0s
Apr 27 13:32:03 ip-172-31-5-236 [eb-cfn-init]:  8600K .......... .......... .......... .......... .......... 33%  106M 0s
Apr 27 13:32:03 ip-172-31-5-236 [eb-cfn-init]:  8650K .......... .......... .......... .......... .......... 33% 70.0M 0s
Apr 27 13:32:03 ip-172-31-5-236 [eb-cfn-init]:  8700K .......... .......... .......... .......... .......... 33%  105M 0s
Apr 27 13:32:03 ip-172-31-5-236 [eb-cfn-init]:  8750K .......... .......... .......... .......... .......... 33% 97.8M 0s
Apr 27 13:32:03 ip-172-31-5-236 [eb-cfn-init]:  8800K .......... .......... .......... .......... .......... 33%  100M 0s
Apr 27 13:32:03 ip-172-31-5-236 [eb-cfn-init]:  8850K .......... .......... .......... .......... .......... 34% 67.5M 0s
Apr 27 13:32:03 ip-172-31-5-236 [eb-cfn-init]:  8900K .......... .......... .......... .......... .......... 34% 93.3M 0s
Apr 27 13:32:03 ip-172-31-5-236 [eb-cfn-init]:  8950K .......... .......... .......... .......... .......... 34% 86.8M 0s
Apr 27 13:32:03 ip-172-31-5-236 [eb-cfn-init]:  9000K .......... .......... .......... .......... .......... 34% 97.8M 0s
Apr 27 13:32:03 ip-172-31-5-236 [eb-cfn-init]:  9050K .......... .......... .......... .......... .......... 34% 98.5M 0s
Apr 27 13:32:03 ip-172-31-5-236 [eb-cfn-init]:  9100K .......... .......... .......... .......... .......... 35% 71.0M 0s
Apr 27 13:32:03 ip-172-31-5-236 [eb-cfn-init]:  9150K .......... .......... .......... .......... .......... 35% 96.6M 0s
Apr 27 13:32:03 ip-172-31-5-236 [eb-cfn-init]:  9200K .......... .......... .......... .......... .......... 35%  103M 0s
Apr 27 13:32:03 ip-172-31-5-236 [eb-cfn-init]:  9250K .......... .......... .......... .......... .......... 35%  103M 0s
Apr 27 13:32:03 ip-172-31-5-236 [eb-cfn-init]:  9300K .......... .......... .......... .......... .......... 35% 59.8M 0s
Apr 27 13:32:03 ip-172-31-5-236 [eb-cfn-init]:  9350K .......... .......... .......... .......... .......... 36% 79.3M 0s
Apr 27 13:32:03 ip-172-31-5-236 [eb-cfn-init]:  9400K .......... .......... .......... .......... .......... 36%  103M 0s
Apr 27 13:32:03 ip-172-31-5-236 [eb-cfn-init]:  9450K .......... .......... .......... .......... .......... 36%  115M 0s
Apr 27 13:32:03 ip-172-31-5-236 [eb-cfn-init]:  9500K .......... .......... .......... .......... .......... 36%  103M 0s
Apr 27 13:32:03 ip-172-31-5-236 [eb-cfn-init]:  9550K .......... .......... .......... .......... .......... 36% 66.3M 0s
Apr 27 13:32:03 ip-172-31-5-236 [eb-cfn-init]:  9600K .......... .......... .......... .......... .......... 36% 72.9M 0s
Apr 27 13:32:03 ip-172-31-5-236 [eb-cfn-init]:  9650K .......... .......... .......... .......... .......... 37% 92.1M 0s
Apr 27 13:32:03 ip-172-31-5-236 [eb-cfn-init]:  9700K .......... .......... .......... .......... .......... 37%  107M 0s
Apr 27 13:32:03 ip-172-31-5-236 [eb-cfn-init]:  9750K .......... .......... .......... .......... .......... 37% 98.2M 0s
Apr 27 13:32:03 ip-172-31-5-236 [eb-cfn-init]:  9800K .......... .......... .......... .......... .......... 37% 96.0M 0s
Apr 27 13:32:03 ip-172-31-5-236 [eb-cfn-init]:  9850K .......... .......... .......... .......... .......... 37% 80.1M 0s
Apr 27 13:32:03 ip-172-31-5-236 [eb-cfn-init]:  9900K .......... .......... .......... .......... .......... 38% 69.4M 0s
Apr 27 13:32:03 ip-172-31-5-236 [eb-cfn-init]:  9950K .......... .......... .......... .......... .......... 38%  101M 0s
Apr 27 13:32:03 ip-172-31-5-236 [eb-cfn-init]: 10000K .......... .......... .......... .......... .......... 38%  107M 0s
Apr 27 13:32:03 ip-172-31-5-236 [eb-cfn-init]: 10050K .......... .......... .......... .......... .......... 38%  100M 0s
Apr 27 13:32:03 ip-172-31-5-236 [eb-cfn-init]: 10100K .......... .......... .......... .......... .......... 38% 94.7M 0s
Apr 27 13:32:03 ip-172-31-5-236 [eb-cfn-init]: 10150K .......... .......... .......... .......... .......... 39% 70.1M 0s
Apr 27 13:32:03 ip-172-31-5-236 [eb-cfn-init]: 10200K .......... .......... .......... .......... .......... 39% 80.7M 0s
Apr 27 13:32:03 ip-172-31-5-236 [eb-cfn-init]: 10250K .......... .......... .......... .......... .......... 39% 94.8M 0s
Apr 27 13:32:03 ip-172-31-5-236 [eb-cfn-init]: 10300K .......... .......... .......... .......... .......... 39% 3.98M 0s
Apr 27 13:32:03 ip-172-31-5-236 [eb-cfn-init]: 10350K .......... .......... .......... .......... .......... 39% 96.5M 0s
Apr 27 13:32:03 ip-172-31-5-236 [eb-cfn-init]: 10400K .......... .......... .......... .......... .......... 40%  101M 0s
Apr 27 13:32:03 ip-172-31-5-236 [eb-cfn-init]: 10450K .......... .......... .......... .......... .......... 40% 91.9M 0s
Apr 27 13:32:03 ip-172-31-5-236 [eb-cfn-init]: 10500K .......... .......... .......... .......... .......... 40% 68.3M 0s
Apr 27 13:32:03 ip-172-31-5-236 [eb-cfn-init]: 10550K .......... .......... .......... .......... .......... 40% 65.3M 0s
Apr 27 13:32:03 ip-172-31-5-236 [eb-cfn-init]: 10600K .......... .......... .......... .......... .......... 40%  104M 0s
Apr 27 13:32:03 ip-172-31-5-236 [eb-cfn-init]: 10650K .......... .......... .......... .......... .......... 40% 97.5M 0s
Apr 27 13:32:04 ip-172-31-5-236 [eb-cfn-init]: 10700K .......... .......... .......... .......... .......... 41%  110M 0s
Apr 27 13:32:04 ip-172-31-5-236 [eb-cfn-init]: 10750K .......... .......... .......... .......... .......... 41% 81.6M 0s
Apr 27 13:32:04 ip-172-31-5-236 [eb-cfn-init]: 10800K .......... .......... .......... .......... .......... 41% 64.5M 0s
Apr 27 13:32:04 ip-172-31-5-236 [eb-cfn-init]: 10850K .......... .......... .......... .......... .......... 41%  104M 0s
Apr 27 13:32:04 ip-172-31-5-236 [eb-cfn-init]: 10900K .......... .......... .......... .......... .......... 41% 93.8M 0s
Apr 27 13:32:04 ip-172-31-5-236 [eb-cfn-init]: 10950K .......... .......... .......... .......... .......... 42%  100M 0s
Apr 27 13:32:04 ip-172-31-5-236 [eb-cfn-init]: 11000K .......... .......... .......... .......... .......... 42% 70.1M 0s
Apr 27 13:32:04 ip-172-31-5-236 [eb-cfn-init]: 11050K .......... .......... .......... .......... .......... 42% 80.3M 0s
Apr 27 13:32:04 ip-172-31-5-236 [eb-cfn-init]: 11100K .......... .......... .......... .......... .......... 42% 95.7M 0s
Apr 27 13:32:04 ip-172-31-5-236 [eb-cfn-init]: 11150K .......... .......... .......... .......... .......... 42%  117M 0s
Apr 27 13:32:04 ip-172-31-5-236 [eb-cfn-init]: 11200K .......... .......... .......... .......... .......... 43% 98.4M 0s
Apr 27 13:32:04 ip-172-31-5-236 [eb-cfn-init]: 11250K .......... .......... .......... .......... .......... 43%  105M 0s
Apr 27 13:32:04 ip-172-31-5-236 [eb-cfn-init]: 11300K .......... .......... .......... .......... .......... 43% 95.7M 0s
Apr 27 13:32:04 ip-172-31-5-236 [eb-cfn-init]: 11350K .......... .......... .......... .......... .......... 43% 62.2M 0s
Apr 27 13:32:04 ip-172-31-5-236 [eb-cfn-init]: 11400K .......... .......... .......... .......... .......... 43% 86.5M 0s
Apr 27 13:32:04 ip-172-31-5-236 [eb-cfn-init]: 11450K .......... .......... .......... .......... .......... 44% 90.2M 0s
Apr 27 13:32:04 ip-172-31-5-236 [eb-cfn-init]: 11500K .......... .......... .......... .......... .......... 44%  105M 0s
Apr 27 13:32:04 ip-172-31-5-236 [eb-cfn-init]: 11550K .......... .......... .......... .......... .......... 44%  111M 0s
Apr 27 13:32:04 ip-172-31-5-236 [eb-cfn-init]: 11600K .......... .......... .......... .......... .......... 44%  102M 0s
Apr 27 13:32:04 ip-172-31-5-236 [eb-cfn-init]: 11650K .......... .......... .......... .......... .......... 44% 82.0M 0s
Apr 27 13:32:04 ip-172-31-5-236 [eb-cfn-init]: 11700K .......... .......... .......... .......... .......... 45% 70.8M 0s
Apr 27 13:32:04 ip-172-31-5-236 [eb-cfn-init]: 11750K .......... .......... .......... .......... .......... 45% 83.9M 0s
Apr 27 13:32:04 ip-172-31-5-236 [eb-cfn-init]: 11800K .......... .......... .......... .......... .......... 45%  104M 0s
Apr 27 13:32:04 ip-172-31-5-236 [eb-cfn-init]: 11850K .......... .......... .......... .......... .......... 45%  106M 0s
Apr 27 13:32:04 ip-172-31-5-236 [eb-cfn-init]: 11900K .......... .......... .......... .......... .......... 45%  103M 0s
Apr 27 13:32:04 ip-172-31-5-236 [eb-cfn-init]: 11950K .......... .......... .......... .......... .......... 45%  110M 0s
Apr 27 13:32:04 ip-172-31-5-236 [eb-cfn-init]: 12000K .......... .......... .......... .......... .......... 46% 96.0M 0s
Apr 27 13:32:04 ip-172-31-5-236 [eb-cfn-init]: 12050K .......... .......... .......... .......... .......... 46% 62.4M 0s
Apr 27 13:32:04 ip-172-31-5-236 [eb-cfn-init]: 12100K .......... .......... .......... .......... .......... 46% 96.2M 0s
Apr 27 13:32:04 ip-172-31-5-236 [eb-cfn-init]: 12150K .......... .......... .......... .......... .......... 46% 95.7M 0s
Apr 27 13:32:04 ip-172-31-5-236 [eb-cfn-init]: 12200K .......... .......... .......... .......... .......... 46% 4.15M 0s
Apr 27 13:32:04 ip-172-31-5-236 [eb-cfn-init]: 12250K .......... .......... .......... .......... .......... 47% 96.8M 0s
Apr 27 13:32:04 ip-172-31-5-236 [eb-cfn-init]: 12300K .......... .......... .......... .......... .......... 47% 87.5M 0s
Apr 27 13:32:04 ip-172-31-5-236 [eb-cfn-init]: 12350K .......... .......... .......... .......... .......... 47% 58.5M 0s
Apr 27 13:32:04 ip-172-31-5-236 [eb-cfn-init]: 12400K .......... .......... .......... .......... .......... 47%  112M 0s
Apr 27 13:32:04 ip-172-31-5-236 [eb-cfn-init]: 12450K .......... .......... .......... .......... .......... 47% 91.7M 0s
Apr 27 13:32:04 ip-172-31-5-236 [eb-cfn-init]: 12500K .......... .......... .......... .......... .......... 48%  102M 0s
Apr 27 13:32:04 ip-172-31-5-236 [eb-cfn-init]: 12550K .......... .......... .......... .......... .......... 48% 94.6M 0s
Apr 27 13:32:04 ip-172-31-5-236 [eb-cfn-init]: 12600K .......... .......... .......... .......... .......... 48% 98.3M 0s
Apr 27 13:32:04 ip-172-31-5-236 [eb-cfn-init]: 12650K .......... .......... .......... .......... .......... 48%  100M 0s
Apr 27 13:32:04 ip-172-31-5-236 [eb-cfn-init]: 12700K .......... .......... .......... .......... .......... 48% 59.7M 0s
Apr 27 13:32:04 ip-172-31-5-236 [eb-cfn-init]: 12750K .......... .......... .......... .......... .......... 49% 28.7M 0s
Apr 27 13:32:04 ip-172-31-5-236 [eb-cfn-init]: 12800K .......... .......... .......... .......... .......... 49%  103M 0s
Apr 27 13:32:04 ip-172-31-5-236 chronyd[2500]: System clock was stepped by -0.033044 seconds
Apr 27 13:32:04 ip-172-31-5-236 systemd: Time has been changed
Apr 27 13:32:04 ip-172-31-5-236 [eb-cfn-init]: 12850K .......... .......... .......... .......... .......... 49% 96.8M 0s
Apr 27 13:32:04 ip-172-31-5-236 [eb-cfn-init]: 12900K .......... .......... .......... .......... .......... 49% 80.9M 0s
Apr 27 13:32:04 ip-172-31-5-236 [eb-cfn-init]: 12950K .......... .......... .......... .......... .......... 49% 70.4M 0s
Apr 27 13:32:04 ip-172-31-5-236 [eb-cfn-init]: 13000K .......... .......... .......... .......... .......... 50% 53.7M 0s
Apr 27 13:32:04 ip-172-31-5-236 [eb-cfn-init]: 13050K .......... .......... .......... .......... .......... 50% 62.6M 0s
Apr 27 13:32:04 ip-172-31-5-236 [eb-cfn-init]: 13100K .......... .......... .......... .......... .......... 50% 31.6M 0s
Apr 27 13:32:04 ip-172-31-5-236 [eb-cfn-init]: 13150K .......... .......... .......... .......... .......... 50% 74.1M 0s
Apr 27 13:32:04 ip-172-31-5-236 [eb-cfn-init]: 13200K .......... .......... .......... .......... .......... 50% 57.9M 0s
Apr 27 13:32:04 ip-172-31-5-236 [eb-cfn-init]: 13250K .......... .......... .......... .......... .......... 50% 67.8M 0s
Apr 27 13:32:04 ip-172-31-5-236 [eb-cfn-init]: 13300K .......... .......... .......... .......... .......... 51% 34.9M 0s
Apr 27 13:32:04 ip-172-31-5-236 [eb-cfn-init]: 13350K .......... .......... .......... .......... .......... 51% 92.3M 0s
Apr 27 13:32:04 ip-172-31-5-236 [eb-cfn-init]: 13400K .......... .......... .......... .......... .......... 51% 61.2M 0s
Apr 27 13:32:04 ip-172-31-5-236 [eb-cfn-init]: 13450K .......... .......... .......... .......... .......... 51% 40.9M 0s
Apr 27 13:32:04 ip-172-31-5-236 [eb-cfn-init]: 13500K .......... .......... .......... .......... .......... 51% 85.9M 0s
